server-1   | 2024-05-27 14:56:16,727 server INFO: Reject WURF from stimulating-capybara because it doe not depend on last start time [56, 0, 0, 0, 0, 0, 0, 0, 0, 0, 3, 0, 0, 0, 0, 0, 0, 0, 0, 0, 0, 0, 0, 0, 0, 0, 0, 0, 0, 0, 0, 0, 0, 0, 0, 0, 0, 0, 0, 0, 0, 0, 0, 0, 0, 0, 0, 0, 0, 0, 0]
server-1   | 2024-05-27 14:56:17,091 server INFO: Received WURF from rousing-chupacabra with value 26 at [25,0,0,0,0,0,0,0,0,0,0,3,0,0,0,0,0,0,0,0,0,0,0,0,0,0,0,0,0,0,0,0,0,0,0,0,0,0,0,0,0,0,0,0,0,0,0,0,0,0,0,]
server-1   | 2024-05-27 14:56:17,092 server INFO: Reject WURF from rousing-chupacabra because it doe not depend on last start time [56, 0, 0, 0, 0, 0, 0, 0, 0, 0, 3, 0, 0, 0, 0, 0, 0, 0, 0, 0, 0, 0, 0, 0, 0, 0, 0, 0, 0, 0, 0, 0, 0, 0, 0, 0, 0, 0, 0, 0, 0, 0, 0, 0, 0, 0, 0, 0, 0, 0, 0]
client-21  | 2024-05-27 14:56:17,091 rousing-chupacabra INFO: Sending result 26
client-20  | 2024-05-27 14:56:17,668 nifty-hedgehog INFO: Sending result 45
server-1   | 2024-05-27 14:56:17,668 server INFO: Received WURF from nifty-hedgehog with value 45 at [25,0,0,0,0,0,0,0,0,0,0,0,0,0,0,0,0,0,0,0,0,3,0,0,0,0,0,0,0,0,0,0,0,0,0,0,0,0,0,0,0,0,0,0,0,0,0,0,0,0,0,]
server-1   | 2024-05-27 14:56:17,669 server INFO: Reject WURF from nifty-hedgehog because it doe not depend on last start time [56, 0, 0, 0, 0, 0, 0, 0, 0, 0, 3, 0, 0, 0, 0, 0, 0, 0, 0, 0, 0, 0, 0, 0, 0, 0, 0, 0, 0, 0, 0, 0, 0, 0, 0, 0, 0, 0, 0, 0, 0, 0, 0, 0, 0, 0, 0, 0, 0, 0, 0]
client-28  | 2024-05-27 14:56:17,817 stereotyped-sparrow INFO: Sending result 35
server-1   | 2024-05-27 14:56:17,817 server INFO: Received WURF from stereotyped-sparrow with value 35 at [50,0,0,0,0,0,0,0,0,0,3,0,0,0,0,0,0,0,0,0,0,0,0,0,0,0,0,0,0,0,0,0,0,0,0,0,0,3,0,0,0,0,0,0,0,0,0,0,0,0,0,]
server-1   | 2024-05-27 14:56:17,818 server INFO: Reject WURF from stereotyped-sparrow because it doe not depend on last start time [56, 0, 0, 0, 0, 0, 0, 0, 0, 0, 3, 0, 0, 0, 0, 0, 0, 0, 0, 0, 0, 0, 0, 0, 0, 0, 0, 0, 0, 0, 0, 0, 0, 0, 0, 0, 0, 0, 0, 0, 0, 0, 0, 0, 0, 0, 0, 0, 0, 0, 0]
client-10  | 2024-05-27 14:56:18,160 complex-emu INFO: Sending result 89
server-1   | 2024-05-27 14:56:18,161 server INFO: Received WURF from complex-emu with value 89 at [25,0,0,0,0,0,0,0,0,0,0,0,0,0,0,0,0,0,0,0,0,0,0,3,0,0,0,0,0,0,0,0,0,0,0,0,0,0,0,0,0,0,0,0,0,0,0,0,0,0,0,]
server-1   | 2024-05-27 14:56:18,161 server INFO: Reject WURF from complex-emu because it doe not depend on last start time [56, 0, 0, 0, 0, 0, 0, 0, 0, 0, 3, 0, 0, 0, 0, 0, 0, 0, 0, 0, 0, 0, 0, 0, 0, 0, 0, 0, 0, 0, 0, 0, 0, 0, 0, 0, 0, 0, 0, 0, 0, 0, 0, 0, 0, 0, 0, 0, 0, 0, 0]
client-5   | 2024-05-27 14:56:18,278 dainty-bullmastiff INFO: Sending result 39
server-1   | 2024-05-27 14:56:18,278 server INFO: Received WURF from dainty-bullmastiff with value 39 at [50,0,0,0,0,0,0,0,0,0,3,0,5,0,0,0,0,0,0,0,0,0,0,0,0,0,0,0,0,0,0,0,0,0,0,0,0,0,0,0,0,0,0,0,0,0,0,0,0,0,0,]
server-1   | 2024-05-27 14:56:18,279 server INFO: Reject WURF from dainty-bullmastiff because it doe not depend on last start time [56, 0, 0, 0, 0, 0, 0, 0, 0, 0, 3, 0, 0, 0, 0, 0, 0, 0, 0, 0, 0, 0, 0, 0, 0, 0, 0, 0, 0, 0, 0, 0, 0, 0, 0, 0, 0, 0, 0, 0, 0, 0, 0, 0, 0, 0, 0, 0, 0, 0, 0]
client-37  | 2024-05-27 14:56:18,330 naughty-kakapo INFO: Sending result 15
server-1   | 2024-05-27 14:56:18,331 server INFO: Received WURF from naughty-kakapo with value 15 at [25,0,0,0,0,0,0,0,0,0,0,0,0,0,0,0,0,0,0,3,0,0,0,0,0,0,0,0,0,0,0,0,0,0,0,0,0,0,0,0,0,0,0,0,0,0,0,0,0,0,0,]
server-1   | 2024-05-27 14:56:18,331 server INFO: Reject WURF from naughty-kakapo because it doe not depend on last start time [56, 0, 0, 0, 0, 0, 0, 0, 0, 0, 3, 0, 0, 0, 0, 0, 0, 0, 0, 0, 0, 0, 0, 0, 0, 0, 0, 0, 0, 0, 0, 0, 0, 0, 0, 0, 0, 0, 0, 0, 0, 0, 0, 0, 0, 0, 0, 0, 0, 0, 0]
client-26  | 2024-05-27 14:56:18,414 whimsical-marmot INFO: Sending result 33
server-1   | 2024-05-27 14:56:18,414 server INFO: Received WURF from whimsical-marmot with value 33 at [50,0,0,0,0,0,0,0,0,0,3,0,0,0,0,0,0,0,0,0,0,0,0,0,0,0,0,0,0,0,0,0,0,0,0,0,0,0,3,0,0,0,0,0,0,0,0,0,0,0,0,]
server-1   | 2024-05-27 14:56:18,415 server INFO: Reject WURF from whimsical-marmot because it doe not depend on last start time [56, 0, 0, 0, 0, 0, 0, 0, 0, 0, 3, 0, 0, 0, 0, 0, 0, 0, 0, 0, 0, 0, 0, 0, 0, 0, 0, 0, 0, 0, 0, 0, 0, 0, 0, 0, 0, 0, 0, 0, 0, 0, 0, 0, 0, 0, 0, 0, 0, 0, 0]
client-8   | 2024-05-27 14:56:18,429 onyx-earthworm INFO: Sending result 34
server-1   | 2024-05-27 14:56:18,429 server INFO: Received WURF from onyx-earthworm with value 34 at [25,0,3,0,0,0,0,0,0,0,0,0,0,0,0,0,0,0,0,0,0,0,0,0,0,0,0,0,0,0,0,0,0,0,0,0,0,0,0,0,0,0,0,0,0,0,0,0,0,0,0,]
server-1   | 2024-05-27 14:56:18,430 server INFO: Reject WURF from onyx-earthworm because it doe not depend on last start time [56, 0, 0, 0, 0, 0, 0, 0, 0, 0, 3, 0, 0, 0, 0, 0, 0, 0, 0, 0, 0, 0, 0, 0, 0, 0, 0, 0, 0, 0, 0, 0, 0, 0, 0, 0, 0, 0, 0, 0, 0, 0, 0, 0, 0, 0, 0, 0, 0, 0, 0]
client-50  | 2024-05-27 14:56:18,468 dashing-swan INFO: Sending result 88
server-1   | 2024-05-27 14:56:18,468 server INFO: Received WURF from dashing-swan with value 88 at [50,0,0,0,0,0,0,0,0,0,3,0,0,0,0,0,0,0,0,0,0,0,0,0,0,0,0,0,0,0,0,0,0,0,0,0,0,0,0,0,0,0,0,3,0,0,0,0,0,0,0,]
server-1   | 2024-05-27 14:56:18,469 server INFO: Reject WURF from dashing-swan because it doe not depend on last start time [56, 0, 0, 0, 0, 0, 0, 0, 0, 0, 3, 0, 0, 0, 0, 0, 0, 0, 0, 0, 0, 0, 0, 0, 0, 0, 0, 0, 0, 0, 0, 0, 0, 0, 0, 0, 0, 0, 0, 0, 0, 0, 0, 0, 0, 0, 0, 0, 0, 0, 0]
client-12  | 2024-05-27 14:56:18,670 winged-starfish INFO: Sending result 55
server-1   | 2024-05-27 14:56:18,671 server INFO: Received WURF from winged-starfish with value 55 at [50,0,0,0,0,0,0,0,0,0,5,0,0,0,0,0,0,0,0,0,0,0,0,0,0,0,0,0,0,0,0,0,0,0,0,0,0,0,0,0,0,0,0,0,0,0,0,0,0,0,0,]
server-1   | 2024-05-27 14:56:18,671 server INFO: Reject WURF from winged-starfish because it doe not depend on last start time [56, 0, 0, 0, 0, 0, 0, 0, 0, 0, 3, 0, 0, 0, 0, 0, 0, 0, 0, 0, 0, 0, 0, 0, 0, 0, 0, 0, 0, 0, 0, 0, 0, 0, 0, 0, 0, 0, 0, 0, 0, 0, 0, 0, 0, 0, 0, 0, 0, 0, 0]
client-25  | 2024-05-27 14:56:18,795 passionate-tanuki INFO: Sending result 37
server-1   | 2024-05-27 14:56:18,796 server INFO: Received WURF from passionate-tanuki with value 37 at [50,5,0,0,0,0,0,0,0,0,3,0,0,0,0,0,0,0,0,0,0,0,0,0,0,0,0,0,0,0,0,0,0,0,0,0,0,0,0,0,0,0,0,0,0,0,0,0,0,0,0,]
server-1   | 2024-05-27 14:56:18,796 server INFO: Reject WURF from passionate-tanuki because it doe not depend on last start time [56, 0, 0, 0, 0, 0, 0, 0, 0, 0, 3, 0, 0, 0, 0, 0, 0, 0, 0, 0, 0, 0, 0, 0, 0, 0, 0, 0, 0, 0, 0, 0, 0, 0, 0, 0, 0, 0, 0, 0, 0, 0, 0, 0, 0, 0, 0, 0, 0, 0, 0]
client-1   | 2024-05-27 14:56:19,364 brave-cougar INFO: Sending result 37
server-1   | 2024-05-27 14:56:19,365 server INFO: Received WURF from brave-cougar with value 37 at [50,0,0,0,0,0,0,0,0,0,3,0,0,0,0,0,0,0,0,0,0,0,5,0,0,0,0,0,0,0,0,0,0,0,0,0,0,0,0,0,0,0,0,0,0,0,0,0,0,0,0,]
server-1   | 2024-05-27 14:56:19,365 server INFO: Reject WURF from brave-cougar because it doe not depend on last start time [56, 0, 0, 0, 0, 0, 0, 0, 0, 0, 3, 0, 0, 0, 0, 0, 0, 0, 0, 0, 0, 0, 0, 0, 0, 0, 0, 0, 0, 0, 0, 0, 0, 0, 0, 0, 0, 0, 0, 0, 0, 0, 0, 0, 0, 0, 0, 0, 0, 0, 0]
server-1   | 2024-05-27 14:56:19,474 server INFO: Sending STOP
server-1   | 2024-05-27 14:56:19,479 server INFO: No votes received
client-43  | 2024-05-27 14:56:20,013 fast-gibbon INFO: Sending result 5
server-1   | 2024-05-27 14:56:20,014 server INFO: Received WURF from fast-gibbon with value 5 at [50,0,0,0,0,5,0,0,0,0,3,0,0,0,0,0,0,0,0,0,0,0,0,0,0,0,0,0,0,0,0,0,0,0,0,0,0,0,0,0,0,0,0,0,0,0,0,0,0,0,0,]
server-1   | 2024-05-27 14:56:20,014 server INFO: Reject WURF from fast-gibbon because it doe not depend on last start time [58, 0, 0, 0, 0, 0, 0, 0, 0, 0, 3, 0, 0, 0, 0, 0, 0, 0, 0, 0, 0, 0, 0, 0, 0, 0, 0, 0, 0, 0, 0, 0, 0, 0, 0, 0, 0, 0, 0, 0, 0, 0, 0, 0, 0, 0, 0, 0, 0, 0, 0]
client-46  | 2024-05-27 14:56:20,225 brainy-basilisk INFO: Sending result 62
server-1   | 2024-05-27 14:56:20,225 server INFO: Received WURF from brainy-basilisk with value 62 at [50,0,0,0,0,0,0,0,0,0,3,0,0,0,0,0,0,0,0,0,0,0,0,0,3,0,0,0,0,0,0,0,0,0,0,0,0,0,0,0,0,0,0,0,0,0,0,0,0,0,0,]
server-1   | 2024-05-27 14:56:20,226 server INFO: Reject WURF from brainy-basilisk because it doe not depend on last start time [58, 0, 0, 0, 0, 0, 0, 0, 0, 0, 3, 0, 0, 0, 0, 0, 0, 0, 0, 0, 0, 0, 0, 0, 0, 0, 0, 0, 0, 0, 0, 0, 0, 0, 0, 0, 0, 0, 0, 0, 0, 0, 0, 0, 0, 0, 0, 0, 0, 0, 0]
server-1   | 2024-05-27 14:56:20,481 server INFO: Sending START (50 clients)
client-20  | 2024-05-27 14:56:20,482 nifty-hedgehog INFO: Received START command at [59,0,0,0,0,0,0,0,0,0,3,0,0,0,0,0,0,0,0,0,0,0,0,0,0,0,0,0,0,0,0,0,0,0,0,0,0,0,0,0,0,0,0,0,0,0,0,0,0,0,0,].
client-46  | 2024-05-27 14:56:20,482 brainy-basilisk INFO: Received START command at [59,0,0,0,0,0,0,0,0,0,3,0,0,0,0,0,0,0,0,0,0,0,0,0,0,0,0,0,0,0,0,0,0,0,0,0,0,0,0,0,0,0,0,0,0,0,0,0,0,0,0,].
client-1   | 2024-05-27 14:56:20,482 brave-cougar INFO: Received START command at [59,0,0,0,0,0,0,0,0,0,3,0,0,0,0,0,0,0,0,0,0,0,0,0,0,0,0,0,0,0,0,0,0,0,0,0,0,0,0,0,0,0,0,0,0,0,0,0,0,0,0,].
client-1   | 2024-05-27 14:56:20,482 brave-cougar INFO: Waiting 5.440132823857645s to send result 31.
client-19  | 2024-05-27 14:56:20,482 tested-turkey INFO: Received START command at [59,0,0,0,0,0,0,0,0,0,3,0,0,0,0,0,0,0,0,0,0,0,0,0,0,0,0,0,0,0,0,0,0,0,0,0,0,0,0,0,0,0,0,0,0,0,0,0,0,0,0,].
client-20  | 2024-05-27 14:56:20,482 nifty-hedgehog INFO: Waiting 6.511281913524484s to send result 76.
client-22  | 2024-05-27 14:56:20,483 cuddly-smilodon INFO: Received START command at [59,0,0,0,0,0,0,0,0,0,3,0,0,0,0,0,0,0,0,0,0,0,0,0,0,0,0,0,0,0,0,0,0,0,0,0,0,0,0,0,0,0,0,0,0,0,0,0,0,0,0,].
client-43  | 2024-05-27 14:56:20,482 fast-gibbon INFO: Received START command at [59,0,0,0,0,0,0,0,0,0,3,0,0,0,0,0,0,0,0,0,0,0,0,0,0,0,0,0,0,0,0,0,0,0,0,0,0,0,0,0,0,0,0,0,0,0,0,0,0,0,0,].
client-43  | 2024-05-27 14:56:20,483 fast-gibbon INFO: Waiting 9.726429764731657s to send result 38.
client-46  | 2024-05-27 14:56:20,482 brainy-basilisk INFO: Waiting 9.261943559247458s to send result 85.
client-40  | 2024-05-27 14:56:20,483 enchanted-kittiwake INFO: Received START command at [59,0,0,0,0,0,0,0,0,0,3,0,0,0,0,0,0,0,0,0,0,0,0,0,0,0,0,0,0,0,0,0,0,0,0,0,0,0,0,0,0,0,0,0,0,0,0,0,0,0,0,].
client-40  | 2024-05-27 14:56:20,483 enchanted-kittiwake INFO: Waiting 7.431812183302725s to send result 25.
client-47  | 2024-05-27 14:56:20,484 devout-moose INFO: Received START command at [59,0,0,0,0,0,0,0,0,0,3,0,0,0,0,0,0,0,0,0,0,0,0,0,0,0,0,0,0,0,0,0,0,0,0,0,0,0,0,0,0,0,0,0,0,0,0,0,0,0,0,].
client-47  | 2024-05-27 14:56:20,484 devout-moose INFO: Waiting 6.769164378785187s to send result 17.
client-19  | 2024-05-27 14:56:20,483 tested-turkey INFO: Waiting 4.14385375674358s to send result 49.
client-28  | 2024-05-27 14:56:20,484 stereotyped-sparrow INFO: Received START command at [59,0,0,0,0,0,0,0,0,0,3,0,0,0,0,0,0,0,0,0,0,0,0,0,0,0,0,0,0,0,0,0,0,0,0,0,0,0,0,0,0,0,0,0,0,0,0,0,0,0,0,].
client-28  | 2024-05-27 14:56:20,484 stereotyped-sparrow INFO: Waiting 2.4149328782236923s to send result 95.
client-23  | 2024-05-27 14:56:20,484 terrestrial-swift INFO: Received START command at [59,0,0,0,0,0,0,0,0,0,3,0,0,0,0,0,0,0,0,0,0,0,0,0,0,0,0,0,0,0,0,0,0,0,0,0,0,0,0,0,0,0,0,0,0,0,0,0,0,0,0,].
client-30  | 2024-05-27 14:56:20,485 resilient-coua INFO: Received START command at [59,0,0,0,0,0,0,0,0,0,3,0,0,0,0,0,0,0,0,0,0,0,0,0,0,0,0,0,0,0,0,0,0,0,0,0,0,0,0,0,0,0,0,0,0,0,0,0,0,0,0,].
client-26  | 2024-05-27 14:56:20,485 whimsical-marmot INFO: Received START command at [59,0,0,0,0,0,0,0,0,0,3,0,0,0,0,0,0,0,0,0,0,0,0,0,0,0,0,0,0,0,0,0,0,0,0,0,0,0,0,0,0,0,0,0,0,0,0,0,0,0,0,].
client-26  | 2024-05-27 14:56:20,485 whimsical-marmot INFO: Waiting 7.680208164922694s to send result 59.
client-23  | 2024-05-27 14:56:20,486 terrestrial-swift INFO: Waiting 3.050963382896814s to send result 60.
client-12  | 2024-05-27 14:56:20,485 winged-starfish INFO: Received START command at [59,0,0,0,0,0,0,0,0,0,3,0,0,0,0,0,0,0,0,0,0,0,0,0,0,0,0,0,0,0,0,0,0,0,0,0,0,0,0,0,0,0,0,0,0,0,0,0,0,0,0,].
client-12  | 2024-05-27 14:56:20,485 winged-starfish INFO: Waiting 6.690570159290127s to send result 30.
client-22  | 2024-05-27 14:56:20,484 cuddly-smilodon INFO: Waiting 8.875774225359624s to send result 75.
client-30  | 2024-05-27 14:56:20,486 resilient-coua INFO: Waiting 9.192304604656144s to send result 25.
client-24  | 2024-05-27 14:56:20,484 merry-woodlouse INFO: Received START command at [59,0,0,0,0,0,0,0,0,0,3,0,0,0,0,0,0,0,0,0,0,0,0,0,0,0,0,0,0,0,0,0,0,0,0,0,0,0,0,0,0,0,0,0,0,0,0,0,0,0,0,].
client-5   | 2024-05-27 14:56:20,485 dainty-bullmastiff INFO: Received START command at [59,0,0,0,0,0,0,0,0,0,3,0,0,0,0,0,0,0,0,0,0,0,0,0,0,0,0,0,0,0,0,0,0,0,0,0,0,0,0,0,0,0,0,0,0,0,0,0,0,0,0,].
client-5   | 2024-05-27 14:56:20,485 dainty-bullmastiff INFO: Waiting 1.3243089612860914s to send result 41.
client-24  | 2024-05-27 14:56:20,484 merry-woodlouse INFO: Waiting 4.98099867430084s to send result 30.
client-27  | 2024-05-27 14:56:20,485 rugged-weasel INFO: Received START command at [59,0,0,0,0,0,0,0,0,0,3,0,0,0,0,0,0,0,0,0,0,0,0,0,0,0,0,0,0,0,0,0,0,0,0,0,0,0,0,0,0,0,0,0,0,0,0,0,0,0,0,].
client-27  | 2024-05-27 14:56:20,486 rugged-weasel INFO: Waiting 7.420259370904115s to send result 43.
client-39  | 2024-05-27 14:56:20,486 shapeless-bumblebee INFO: Received START command at [59,0,0,0,0,0,0,0,0,0,3,0,0,0,0,0,0,0,0,0,0,0,0,0,0,0,0,0,0,0,0,0,0,0,0,0,0,0,0,0,0,0,0,0,0,0,0,0,0,0,0,].
client-39  | 2024-05-27 14:56:20,487 shapeless-bumblebee INFO: Waiting 6.468442181574723s to send result 78.
client-11  | 2024-05-27 14:56:20,485 tireless-tapir INFO: Received START command at [59,0,0,0,0,0,0,0,0,0,3,0,0,0,0,0,0,0,0,0,0,0,0,0,0,0,0,0,0,0,0,0,0,0,0,0,0,0,0,0,0,0,0,0,0,0,0,0,0,0,0,].
client-11  | 2024-05-27 14:56:20,486 tireless-tapir INFO: Waiting 8.466127782922655s to send result 56.
client-42  | 2024-05-27 14:56:20,487 white-goat INFO: Received START command at [59,0,0,0,0,0,0,0,0,0,3,0,0,0,0,0,0,0,0,0,0,0,0,0,0,0,0,0,0,0,0,0,0,0,0,0,0,0,0,0,0,0,0,0,0,0,0,0,0,0,0,].
client-42  | 2024-05-27 14:56:20,487 white-goat INFO: Waiting 5.141682465333309s to send result 4.
client-16  | 2024-05-27 14:56:20,487 messy-wapiti INFO: Received START command at [59,0,0,0,0,0,0,0,0,0,3,0,0,0,0,0,0,0,0,0,0,0,0,0,0,0,0,0,0,0,0,0,0,0,0,0,0,0,0,0,0,0,0,0,0,0,0,0,0,0,0,].
client-34  | 2024-05-27 14:56:20,487 shapeless-partridge INFO: Received START command at [59,0,0,0,0,0,0,0,0,0,3,0,0,0,0,0,0,0,0,0,0,0,0,0,0,0,0,0,0,0,0,0,0,0,0,0,0,0,0,0,0,0,0,0,0,0,0,0,0,0,0,].
client-34  | 2024-05-27 14:56:20,487 shapeless-partridge INFO: Waiting 4.534040651631043s to send result 82.
client-21  | 2024-05-27 14:56:20,488 rousing-chupacabra INFO: Received START command at [59,0,0,0,0,0,0,0,0,0,3,0,0,0,0,0,0,0,0,0,0,0,0,0,0,0,0,0,0,0,0,0,0,0,0,0,0,0,0,0,0,0,0,0,0,0,0,0,0,0,0,].
client-37  | 2024-05-27 14:56:20,487 naughty-kakapo INFO: Received START command at [59,0,0,0,0,0,0,0,0,0,3,0,0,0,0,0,0,0,0,0,0,0,0,0,0,0,0,0,0,0,0,0,0,0,0,0,0,0,0,0,0,0,0,0,0,0,0,0,0,0,0,].
client-37  | 2024-05-27 14:56:20,488 naughty-kakapo INFO: Waiting 0.302585387361588s to send result 38.
client-16  | 2024-05-27 14:56:20,487 messy-wapiti INFO: Waiting 0.9111435228605735s to send result 87.
client-13  | 2024-05-27 14:56:20,488 sweet-malkoha INFO: Received START command at [59,0,0,0,0,0,0,0,0,0,3,0,0,0,0,0,0,0,0,0,0,0,0,0,0,0,0,0,0,0,0,0,0,0,0,0,0,0,0,0,0,0,0,0,0,0,0,0,0,0,0,].
client-13  | 2024-05-27 14:56:20,488 sweet-malkoha INFO: Waiting 0.680443396186382s to send result 60.
client-33  | 2024-05-27 14:56:20,488 delicate-turtle INFO: Received START command at [59,0,0,0,0,0,0,0,0,0,3,0,0,0,0,0,0,0,0,0,0,0,0,0,0,0,0,0,0,0,0,0,0,0,0,0,0,0,0,0,0,0,0,0,0,0,0,0,0,0,0,].
client-33  | 2024-05-27 14:56:20,488 delicate-turtle INFO: Waiting 1.7691801836891263s to send result 33.
client-14  | 2024-05-27 14:56:20,488 resourceful-degu INFO: Received START command at [59,0,0,0,0,0,0,0,0,0,3,0,0,0,0,0,0,0,0,0,0,0,0,0,0,0,0,0,0,0,0,0,0,0,0,0,0,0,0,0,0,0,0,0,0,0,0,0,0,0,0,].
client-14  | 2024-05-27 14:56:20,488 resourceful-degu INFO: Waiting 3.838690827593126s to send result 52.
client-21  | 2024-05-27 14:56:20,489 rousing-chupacabra INFO: Waiting 3.6670195934943717s to send result 49.
client-48  | 2024-05-27 14:56:20,490 stimulating-capybara INFO: Received START command at [59,0,0,0,0,0,0,0,0,0,3,0,0,0,0,0,0,0,0,0,0,0,0,0,0,0,0,0,0,0,0,0,0,0,0,0,0,0,0,0,0,0,0,0,0,0,0,0,0,0,0,].
client-35  | 2024-05-27 14:56:20,489 beneficial-uakari INFO: Received START command at [59,0,0,0,0,0,0,0,0,0,3,0,0,0,0,0,0,0,0,0,0,0,0,0,0,0,0,0,0,0,0,0,0,0,0,0,0,0,0,0,0,0,0,0,0,0,0,0,0,0,0,].
client-35  | 2024-05-27 14:56:20,490 beneficial-uakari INFO: Waiting 2.6805782207451214s to send result 100.
client-10  | 2024-05-27 14:56:20,489 complex-emu INFO: Received START command at [59,0,0,0,0,0,0,0,0,0,3,0,0,0,0,0,0,0,0,0,0,0,0,0,0,0,0,0,0,0,0,0,0,0,0,0,0,0,0,0,0,0,0,0,0,0,0,0,0,0,0,].
client-10  | 2024-05-27 14:56:20,490 complex-emu INFO: Waiting 7.729798317057197s to send result 56.
client-8   | 2024-05-27 14:56:20,487 onyx-earthworm INFO: Received START command at [59,0,0,0,0,0,0,0,0,0,3,0,0,0,0,0,0,0,0,0,0,0,0,0,0,0,0,0,0,0,0,0,0,0,0,0,0,0,0,0,0,0,0,0,0,0,0,0,0,0,0,].
client-8   | 2024-05-27 14:56:20,489 onyx-earthworm INFO: Waiting 6.007610330015965s to send result 73.
client-25  | 2024-05-27 14:56:20,489 passionate-tanuki INFO: Received START command at [59,0,0,0,0,0,0,0,0,0,3,0,0,0,0,0,0,0,0,0,0,0,0,0,0,0,0,0,0,0,0,0,0,0,0,0,0,0,0,0,0,0,0,0,0,0,0,0,0,0,0,].
client-25  | 2024-05-27 14:56:20,489 passionate-tanuki INFO: Waiting 5.080917438530741s to send result 84.
client-29  | 2024-05-27 14:56:20,489 charcoal-markhor INFO: Received START command at [59,0,0,0,0,0,0,0,0,0,3,0,0,0,0,0,0,0,0,0,0,0,0,0,0,0,0,0,0,0,0,0,0,0,0,0,0,0,0,0,0,0,0,0,0,0,0,0,0,0,0,].
client-48  | 2024-05-27 14:56:20,491 stimulating-capybara INFO: Waiting 1.1889655525711562s to send result 20.
client-44  | 2024-05-27 14:56:20,488 merciful-ocelot INFO: Received START command at [59,0,0,0,0,0,0,0,0,0,3,0,0,0,0,0,0,0,0,0,0,0,0,0,0,0,0,0,0,0,0,0,0,0,0,0,0,0,0,0,0,0,0,0,0,0,0,0,0,0,0,].
client-44  | 2024-05-27 14:56:20,490 merciful-ocelot INFO: Waiting 3.596496556784703s to send result 92.
client-38  | 2024-05-27 14:56:20,490 hissing-scorpion INFO: Received START command at [59,0,0,0,0,0,0,0,0,0,3,0,0,0,0,0,0,0,0,0,0,0,0,0,0,0,0,0,0,0,0,0,0,0,0,0,0,0,0,0,0,0,0,0,0,0,0,0,0,0,0,].
client-38  | 2024-05-27 14:56:20,490 hissing-scorpion INFO: Waiting 8.665482136396053s to send result 93.
client-50  | 2024-05-27 14:56:20,487 dashing-swan INFO: Received START command at [59,0,0,0,0,0,0,0,0,0,3,0,0,0,0,0,0,0,0,0,0,0,0,0,0,0,0,0,0,0,0,0,0,0,0,0,0,0,0,0,0,0,0,0,0,0,0,0,0,0,0,].
client-29  | 2024-05-27 14:56:20,489 charcoal-markhor INFO: Waiting 2.0575209579314038s to send result 19.
client-50  | 2024-05-27 14:56:20,487 dashing-swan INFO: Waiting 8.860063992916578s to send result 49.
client-37  | 2024-05-27 14:56:20,791 naughty-kakapo INFO: Sending result 38
server-1   | 2024-05-27 14:56:20,792 server INFO: Received WURF from naughty-kakapo with value 38 at [59,0,0,0,0,0,0,0,0,0,3,0,0,0,0,0,0,0,0,5,0,0,0,0,0,0,0,0,0,0,0,0,0,0,0,0,0,0,0,0,0,0,0,0,0,0,0,0,0,0,0,]
server-1   | 2024-05-27 14:56:20,792 server INFO: Accepted WURF from naughty-kakapo because it depends on last start time [59, 0, 0, 0, 0, 0, 0, 0, 0, 0, 3, 0, 0, 0, 0, 0, 0, 0, 0, 0, 0, 0, 0, 0, 0, 0, 0, 0, 0, 0, 0, 0, 0, 0, 0, 0, 0, 0, 0, 0, 0, 0, 0, 0, 0, 0, 0, 0, 0, 0, 0]
server-1   | 2024-05-27 14:56:21,171 server INFO: Received WURF from sweet-malkoha with value 60 at [59,0,0,0,0,0,0,7,0,0,3,0,0,0,0,0,0,0,0,0,0,0,0,0,0,0,0,0,0,0,0,0,0,0,0,0,0,0,0,0,0,0,0,0,0,0,0,0,0,0,0,]
server-1   | 2024-05-27 14:56:21,171 server INFO: Reject WURF from sweet-malkoha because it doe not depend on last start time [60, 0, 0, 0, 0, 0, 0, 0, 0, 0, 3, 0, 0, 0, 0, 0, 0, 0, 0, 5, 0, 0, 0, 0, 0, 0, 0, 0, 0, 0, 0, 0, 0, 0, 0, 0, 0, 0, 0, 0, 0, 0, 0, 0, 0, 0, 0, 0, 0, 0, 0]
client-13  | 2024-05-27 14:56:21,170 sweet-malkoha INFO: Sending result 60
client-4   | 2024-05-27 14:56:21,232 obedient-salmon INFO: Sending result 33
server-1   | 2024-05-27 14:56:21,233 server INFO: Received WURF from obedient-salmon with value 33 at [50,0,0,0,0,0,0,0,0,0,3,0,0,0,0,0,0,0,0,0,0,0,0,0,0,0,0,0,0,0,0,0,0,0,3,0,0,0,0,0,0,0,0,0,0,0,0,0,0,0,0,]
server-1   | 2024-05-27 14:56:21,233 server INFO: Reject WURF from obedient-salmon because it doe not depend on last start time [60, 0, 0, 0, 0, 0, 0, 0, 0, 0, 3, 0, 0, 0, 0, 0, 0, 0, 0, 5, 0, 0, 0, 0, 0, 0, 0, 0, 0, 0, 0, 0, 0, 0, 0, 0, 0, 0, 0, 0, 0, 0, 0, 0, 0, 0, 0, 0, 0, 0, 0]
server-1   | 2024-05-27 14:56:21,402 server INFO: Received WURF from messy-wapiti with value 87 at [59,0,0,0,0,0,0,0,0,0,3,0,0,0,0,0,0,0,0,0,0,0,0,0,0,0,0,0,0,0,0,0,0,5,0,0,0,0,0,0,0,0,0,0,0,0,0,0,0,0,0,]
client-16  | 2024-05-27 14:56:21,401 messy-wapiti INFO: Sending result 87
server-1   | 2024-05-27 14:56:21,403 server INFO: Reject WURF from messy-wapiti because it doe not depend on last start time [60, 0, 0, 0, 0, 0, 0, 0, 0, 0, 3, 0, 0, 0, 0, 0, 0, 0, 0, 5, 0, 0, 0, 0, 0, 0, 0, 0, 0, 0, 0, 0, 0, 0, 0, 0, 0, 0, 0, 0, 0, 0, 0, 0, 0, 0, 0, 0, 0, 0, 0]
client-36  | 2024-05-27 14:56:21,502 skilled-newt INFO: Sending result 38
server-1   | 2024-05-27 14:56:21,503 server INFO: Received WURF from skilled-newt with value 38 at [50,0,0,0,0,0,0,0,0,0,3,0,0,0,0,0,0,0,0,0,0,0,0,0,0,0,0,0,0,0,3,0,0,0,0,0,0,0,0,0,0,0,0,0,0,0,0,0,0,0,0,]
server-1   | 2024-05-27 14:56:21,503 server INFO: Reject WURF from skilled-newt because it doe not depend on last start time [60, 0, 0, 0, 0, 0, 0, 0, 0, 0, 3, 0, 0, 0, 0, 0, 0, 0, 0, 5, 0, 0, 0, 0, 0, 0, 0, 0, 0, 0, 0, 0, 0, 0, 0, 0, 0, 0, 0, 0, 0, 0, 0, 0, 0, 0, 0, 0, 0, 0, 0]
client-31  | 2024-05-27 14:56:21,605 hidden-dogfish INFO: Sending result 99
server-1   | 2024-05-27 14:56:21,605 server INFO: Received WURF from hidden-dogfish with value 99 at [50,0,0,0,0,0,0,0,0,0,3,0,0,0,0,0,0,0,0,0,0,0,0,0,0,0,0,0,0,0,0,0,3,0,0,0,0,0,0,0,0,0,0,0,0,0,0,0,0,0,0,]
server-1   | 2024-05-27 14:56:21,606 server INFO: Reject WURF from hidden-dogfish because it doe not depend on last start time [60, 0, 0, 0, 0, 0, 0, 0, 0, 0, 3, 0, 0, 0, 0, 0, 0, 0, 0, 5, 0, 0, 0, 0, 0, 0, 0, 0, 0, 0, 0, 0, 0, 0, 0, 0, 0, 0, 0, 0, 0, 0, 0, 0, 0, 0, 0, 0, 0, 0, 0]
client-48  | 2024-05-27 14:56:21,681 stimulating-capybara INFO: Sending result 20
server-1   | 2024-05-27 14:56:21,682 server INFO: Received WURF from stimulating-capybara with value 20 at [59,0,0,0,0,0,0,0,0,0,3,0,0,0,0,0,0,0,0,0,0,0,0,0,0,0,0,0,0,0,0,0,0,0,0,0,0,0,0,0,5,0,0,0,0,0,0,0,0,0,0,]
server-1   | 2024-05-27 14:56:21,682 server INFO: Reject WURF from stimulating-capybara because it doe not depend on last start time [60, 0, 0, 0, 0, 0, 0, 0, 0, 0, 3, 0, 0, 0, 0, 0, 0, 0, 0, 5, 0, 0, 0, 0, 0, 0, 0, 0, 0, 0, 0, 0, 0, 0, 0, 0, 0, 0, 0, 0, 0, 0, 0, 0, 0, 0, 0, 0, 0, 0, 0]
server-1   | 2024-05-27 14:56:21,810 server INFO: Received WURF from dainty-bullmastiff with value 41 at [59,0,0,0,0,0,0,0,0,0,3,0,7,0,0,0,0,0,0,0,0,0,0,0,0,0,0,0,0,0,0,0,0,0,0,0,0,0,0,0,0,0,0,0,0,0,0,0,0,0,0,]
server-1   | 2024-05-27 14:56:21,811 server INFO: Reject WURF from dainty-bullmastiff because it doe not depend on last start time [60, 0, 0, 0, 0, 0, 0, 0, 0, 0, 3, 0, 0, 0, 0, 0, 0, 0, 0, 5, 0, 0, 0, 0, 0, 0, 0, 0, 0, 0, 0, 0, 0, 0, 0, 0, 0, 0, 0, 0, 0, 0, 0, 0, 0, 0, 0, 0, 0, 0, 0]
client-5   | 2024-05-27 14:56:21,810 dainty-bullmastiff INFO: Sending result 41
server-1   | 2024-05-27 14:56:21,848 server INFO: Received WURF from stimulating-beetle with value 61 at [50,0,0,0,0,0,0,0,0,5,3,0,0,0,0,0,0,0,0,0,0,0,0,0,0,0,0,0,0,0,0,0,0,0,0,0,0,0,0,0,0,0,0,0,0,0,0,0,0,0,0,]
server-1   | 2024-05-27 14:56:21,849 server INFO: Reject WURF from stimulating-beetle because it doe not depend on last start time [60, 0, 0, 0, 0, 0, 0, 0, 0, 0, 3, 0, 0, 0, 0, 0, 0, 0, 0, 5, 0, 0, 0, 0, 0, 0, 0, 0, 0, 0, 0, 0, 0, 0, 0, 0, 0, 0, 0, 0, 0, 0, 0, 0, 0, 0, 0, 0, 0, 0, 0]
client-45  | 2024-05-27 14:56:21,848 stimulating-beetle INFO: Sending result 61
server-1   | 2024-05-27 14:56:21,924 server INFO: Received WURF from outrageous-polecat with value 14 at [50,0,0,0,0,0,0,0,5,0,3,0,0,0,0,0,0,0,0,0,0,0,0,0,0,0,0,0,0,0,0,0,0,0,0,0,0,0,0,0,0,0,0,0,0,0,0,0,0,0,0,]
server-1   | 2024-05-27 14:56:21,924 server INFO: Reject WURF from outrageous-polecat because it doe not depend on last start time [60, 0, 0, 0, 0, 0, 0, 0, 0, 0, 3, 0, 0, 0, 0, 0, 0, 0, 0, 5, 0, 0, 0, 0, 0, 0, 0, 0, 0, 0, 0, 0, 0, 0, 0, 0, 0, 0, 0, 0, 0, 0, 0, 0, 0, 0, 0, 0, 0, 0, 0]
client-18  | 2024-05-27 14:56:21,923 outrageous-polecat INFO: Sending result 14
client-33  | 2024-05-27 14:56:22,260 delicate-turtle INFO: Sending result 33
server-1   | 2024-05-27 14:56:22,261 server INFO: Received WURF from delicate-turtle with value 33 at [59,0,0,0,0,0,0,0,0,0,3,0,0,0,0,0,0,0,5,0,0,0,0,0,0,0,0,0,0,0,0,0,0,0,0,0,0,0,0,0,0,0,0,0,0,0,0,0,0,0,0,]
server-1   | 2024-05-27 14:56:22,261 server INFO: Reject WURF from delicate-turtle because it doe not depend on last start time [60, 0, 0, 0, 0, 0, 0, 0, 0, 0, 3, 0, 0, 0, 0, 0, 0, 0, 0, 5, 0, 0, 0, 0, 0, 0, 0, 0, 0, 0, 0, 0, 0, 0, 0, 0, 0, 0, 0, 0, 0, 0, 0, 0, 0, 0, 0, 0, 0, 0, 0]
client-9   | 2024-05-27 14:56:22,279 quartz-hornet INFO: Sending result 53
server-1   | 2024-05-27 14:56:22,279 server INFO: Received WURF from quartz-hornet with value 53 at [50,0,0,0,0,0,0,0,0,0,3,0,0,0,0,0,0,0,0,0,0,0,0,0,0,0,0,0,3,0,0,0,0,0,0,0,0,0,0,0,0,0,0,0,0,0,0,0,0,0,0,]
server-1   | 2024-05-27 14:56:22,280 server INFO: Reject WURF from quartz-hornet because it doe not depend on last start time [60, 0, 0, 0, 0, 0, 0, 0, 0, 0, 3, 0, 0, 0, 0, 0, 0, 0, 0, 5, 0, 0, 0, 0, 0, 0, 0, 0, 0, 0, 0, 0, 0, 0, 0, 0, 0, 0, 0, 0, 0, 0, 0, 0, 0, 0, 0, 0, 0, 0, 0]
client-15  | 2024-05-27 14:56:22,332 hot-sunfish INFO: Sending result 52
server-1   | 2024-05-27 14:56:22,333 server INFO: Received WURF from hot-sunfish with value 52 at [50,0,0,0,0,0,0,0,0,0,3,0,0,0,0,0,0,0,0,0,0,0,0,0,0,0,0,0,0,0,0,0,0,0,0,0,0,0,0,0,0,0,3,0,0,0,0,0,0,0,0,]
server-1   | 2024-05-27 14:56:22,333 server INFO: Reject WURF from hot-sunfish because it doe not depend on last start time [60, 0, 0, 0, 0, 0, 0, 0, 0, 0, 3, 0, 0, 0, 0, 0, 0, 0, 0, 5, 0, 0, 0, 0, 0, 0, 0, 0, 0, 0, 0, 0, 0, 0, 0, 0, 0, 0, 0, 0, 0, 0, 0, 0, 0, 0, 0, 0, 0, 0, 0]
server-1   | 2024-05-27 14:56:22,551 server INFO: Received WURF from charcoal-markhor with value 19 at [59,0,0,0,0,0,0,0,0,0,3,0,0,0,5,0,0,0,0,0,0,0,0,0,0,0,0,0,0,0,0,0,0,0,0,0,0,0,0,0,0,0,0,0,0,0,0,0,0,0,0,]
client-29  | 2024-05-27 14:56:22,550 charcoal-markhor INFO: Sending result 19
server-1   | 2024-05-27 14:56:22,551 server INFO: Reject WURF from charcoal-markhor because it doe not depend on last start time [60, 0, 0, 0, 0, 0, 0, 0, 0, 0, 3, 0, 0, 0, 0, 0, 0, 0, 0, 5, 0, 0, 0, 0, 0, 0, 0, 0, 0, 0, 0, 0, 0, 0, 0, 0, 0, 0, 0, 0, 0, 0, 0, 0, 0, 0, 0, 0, 0, 0, 0]
client-32  | 2024-05-27 14:56:22,605 sceptical-cuttlefish INFO: Sending result 71
server-1   | 2024-05-27 14:56:22,606 server INFO: Received WURF from sceptical-cuttlefish with value 71 at [50,0,0,0,0,0,0,0,0,0,3,0,0,0,0,0,0,0,0,0,0,0,0,0,0,0,0,3,0,0,0,0,0,0,0,0,0,0,0,0,0,0,0,0,0,0,0,0,0,0,0,]
server-1   | 2024-05-27 14:56:22,606 server INFO: Reject WURF from sceptical-cuttlefish because it doe not depend on last start time [60, 0, 0, 0, 0, 0, 0, 0, 0, 0, 3, 0, 0, 0, 0, 0, 0, 0, 0, 5, 0, 0, 0, 0, 0, 0, 0, 0, 0, 0, 0, 0, 0, 0, 0, 0, 0, 0, 0, 0, 0, 0, 0, 0, 0, 0, 0, 0, 0, 0, 0]
client-28  | 2024-05-27 14:56:22,903 stereotyped-sparrow INFO: Sending result 95
server-1   | 2024-05-27 14:56:22,904 server INFO: Received WURF from stereotyped-sparrow with value 95 at [59,0,0,0,0,0,0,0,0,0,3,0,0,0,0,0,0,0,0,0,0,0,0,0,0,0,0,0,0,0,0,0,0,0,0,0,0,5,0,0,0,0,0,0,0,0,0,0,0,0,0,]
server-1   | 2024-05-27 14:56:22,904 server INFO: Reject WURF from stereotyped-sparrow because it doe not depend on last start time [60, 0, 0, 0, 0, 0, 0, 0, 0, 0, 3, 0, 0, 0, 0, 0, 0, 0, 0, 5, 0, 0, 0, 0, 0, 0, 0, 0, 0, 0, 0, 0, 0, 0, 0, 0, 0, 0, 0, 0, 0, 0, 0, 0, 0, 0, 0, 0, 0, 0, 0]
client-35  | 2024-05-27 14:56:23,174 beneficial-uakari INFO: Sending result 100
server-1   | 2024-05-27 14:56:23,175 server INFO: Received WURF from beneficial-uakari with value 100 at [59,0,0,0,0,0,0,0,0,0,3,0,0,0,0,0,5,0,0,0,0,0,0,0,0,0,0,0,0,0,0,0,0,0,0,0,0,0,0,0,0,0,0,0,0,0,0,0,0,0,0,]
server-1   | 2024-05-27 14:56:23,175 server INFO: Reject WURF from beneficial-uakari because it doe not depend on last start time [60, 0, 0, 0, 0, 0, 0, 0, 0, 0, 3, 0, 0, 0, 0, 0, 0, 0, 0, 5, 0, 0, 0, 0, 0, 0, 0, 0, 0, 0, 0, 0, 0, 0, 0, 0, 0, 0, 0, 0, 0, 0, 0, 0, 0, 0, 0, 0, 0, 0, 0]
server-1   | 2024-05-27 14:56:23,354 server INFO: Received WURF from spiked-urchin with value 52 at [50,0,0,0,0,0,0,0,0,0,3,0,0,5,0,0,0,0,0,0,0,0,0,0,0,0,0,0,0,0,0,0,0,0,0,0,0,0,0,0,0,0,0,0,0,0,0,0,0,0,0,]
server-1   | 2024-05-27 14:56:23,354 server INFO: Reject WURF from spiked-urchin because it doe not depend on last start time [60, 0, 0, 0, 0, 0, 0, 0, 0, 0, 3, 0, 0, 0, 0, 0, 0, 0, 0, 5, 0, 0, 0, 0, 0, 0, 0, 0, 0, 0, 0, 0, 0, 0, 0, 0, 0, 0, 0, 0, 0, 0, 0, 0, 0, 0, 0, 0, 0, 0, 0]
client-17  | 2024-05-27 14:56:23,349 spiked-urchin INFO: Sending result 52
client-23  | 2024-05-27 14:56:23,541 terrestrial-swift INFO: Sending result 60
server-1   | 2024-05-27 14:56:23,542 server INFO: Received WURF from terrestrial-swift with value 60 at [59,0,0,0,0,0,0,0,0,0,3,0,0,0,0,0,0,0,0,0,0,0,0,0,0,0,0,0,0,0,0,0,0,0,0,0,0,0,0,0,0,0,0,0,0,0,0,3,0,0,0,]
server-1   | 2024-05-27 14:56:23,542 server INFO: Reject WURF from terrestrial-swift because it doe not depend on last start time [60, 0, 0, 0, 0, 0, 0, 0, 0, 0, 3, 0, 0, 0, 0, 0, 0, 0, 0, 5, 0, 0, 0, 0, 0, 0, 0, 0, 0, 0, 0, 0, 0, 0, 0, 0, 0, 0, 0, 0, 0, 0, 0, 0, 0, 0, 0, 0, 0, 0, 0]
client-49  | 2024-05-27 14:56:23,724 zircon-ape INFO: Sending result 45
server-1   | 2024-05-27 14:56:23,725 server INFO: Received WURF from zircon-ape with value 45 at [50,0,0,0,0,0,0,0,0,0,3,0,0,0,0,0,0,0,0,0,0,0,0,0,0,0,0,0,0,0,0,0,0,0,0,0,0,0,0,3,0,0,0,0,0,0,0,0,0,0,0,]
server-1   | 2024-05-27 14:56:23,725 server INFO: Reject WURF from zircon-ape because it doe not depend on last start time [60, 0, 0, 0, 0, 0, 0, 0, 0, 0, 3, 0, 0, 0, 0, 0, 0, 0, 0, 5, 0, 0, 0, 0, 0, 0, 0, 0, 0, 0, 0, 0, 0, 0, 0, 0, 0, 0, 0, 0, 0, 0, 0, 0, 0, 0, 0, 0, 0, 0, 0]
client-41  | 2024-05-27 14:56:23,744 omniscient-fulmar INFO: Sending result 80
server-1   | 2024-05-27 14:56:23,744 server INFO: Received WURF from omniscient-fulmar with value 80 at [50,0,0,0,0,0,0,0,0,0,3,0,0,0,0,0,0,0,0,0,0,0,0,0,0,0,0,0,0,0,0,0,0,0,0,0,0,0,0,0,0,0,0,0,3,0,0,0,0,0,0,]
server-1   | 2024-05-27 14:56:23,745 server INFO: Reject WURF from omniscient-fulmar because it doe not depend on last start time [60, 0, 0, 0, 0, 0, 0, 0, 0, 0, 3, 0, 0, 0, 0, 0, 0, 0, 0, 5, 0, 0, 0, 0, 0, 0, 0, 0, 0, 0, 0, 0, 0, 0, 0, 0, 0, 0, 0, 0, 0, 0, 0, 0, 0, 0, 0, 0, 0, 0, 0]
client-3   | 2024-05-27 14:56:24,034 impartial-badger INFO: Sending result 68
server-1   | 2024-05-27 14:56:24,035 server INFO: Received WURF from impartial-badger with value 68 at [50,0,0,0,5,0,0,0,0,0,3,0,0,0,0,0,0,0,0,0,0,0,0,0,0,0,0,0,0,0,0,0,0,0,0,0,0,0,0,0,0,0,0,0,0,0,0,0,0,0,0,]
server-1   | 2024-05-27 14:56:24,035 server INFO: Reject WURF from impartial-badger because it doe not depend on last start time [60, 0, 0, 0, 0, 0, 0, 0, 0, 0, 3, 0, 0, 0, 0, 0, 0, 0, 0, 5, 0, 0, 0, 0, 0, 0, 0, 0, 0, 0, 0, 0, 0, 0, 0, 0, 0, 0, 0, 0, 0, 0, 0, 0, 0, 0, 0, 0, 0, 0, 0]
client-6   | 2024-05-27 14:56:24,039 perfect-worm INFO: Sending result 5
server-1   | 2024-05-27 14:56:24,039 server INFO: Received WURF from perfect-worm with value 5 at [50,0,0,0,0,0,5,0,0,0,3,0,0,0,0,0,0,0,0,0,0,0,0,0,0,0,0,0,0,0,0,0,0,0,0,0,0,0,0,0,0,0,0,0,0,0,0,0,0,0,0,]
client-6   | 2024-05-27 14:56:24,039 perfect-worm INFO: Sending result 5
server-1   | 2024-05-27 14:56:24,040 server INFO: Reject WURF from perfect-worm because it doe not depend on last start time [60, 0, 0, 0, 0, 0, 0, 0, 0, 0, 3, 0, 0, 0, 0, 0, 0, 0, 0, 5, 0, 0, 0, 0, 0, 0, 0, 0, 0, 0, 0, 0, 0, 0, 0, 0, 0, 0, 0, 0, 0, 0, 0, 0, 0, 0, 0, 0, 0, 0, 0]
server-1   | 2024-05-27 14:56:24,092 server INFO: Received WURF from merciful-ocelot with value 92 at [59,0,0,7,0,0,0,0,0,0,3,0,0,0,0,0,0,0,0,0,0,0,0,0,0,0,0,0,0,0,0,0,0,0,0,0,0,0,0,0,0,0,0,0,0,0,0,0,0,0,0,]
server-1   | 2024-05-27 14:56:24,093 server INFO: Reject WURF from merciful-ocelot because it doe not depend on last start time [60, 0, 0, 0, 0, 0, 0, 0, 0, 0, 3, 0, 0, 0, 0, 0, 0, 0, 0, 5, 0, 0, 0, 0, 0, 0, 0, 0, 0, 0, 0, 0, 0, 0, 0, 0, 0, 0, 0, 0, 0, 0, 0, 0, 0, 0, 0, 0, 0, 0, 0]
client-44  | 2024-05-27 14:56:24,092 merciful-ocelot INFO: Sending result 92
client-2   | 2024-05-27 14:56:24,110 adventurous-goat INFO: Sending result 30
server-1   | 2024-05-27 14:56:24,110 server INFO: Received WURF from adventurous-goat with value 30 at [50,0,0,0,0,0,0,0,0,0,3,0,0,0,0,0,0,0,0,0,0,0,0,0,0,3,0,0,0,0,0,0,0,0,0,0,0,0,0,0,0,0,0,0,0,0,0,0,0,0,0,]
server-1   | 2024-05-27 14:56:24,111 server INFO: Reject WURF from adventurous-goat because it doe not depend on last start time [60, 0, 0, 0, 0, 0, 0, 0, 0, 0, 3, 0, 0, 0, 0, 0, 0, 0, 0, 5, 0, 0, 0, 0, 0, 0, 0, 0, 0, 0, 0, 0, 0, 0, 0, 0, 0, 0, 0, 0, 0, 0, 0, 0, 0, 0, 0, 0, 0, 0, 0]
client-21  | 2024-05-27 14:56:24,162 rousing-chupacabra INFO: Sending result 49
server-1   | 2024-05-27 14:56:24,162 server INFO: Received WURF from rousing-chupacabra with value 49 at [59,0,0,0,0,0,0,0,0,0,3,5,0,0,0,0,0,0,0,0,0,0,0,0,0,0,0,0,0,0,0,0,0,0,0,0,0,0,0,0,0,0,0,0,0,0,0,0,0,0,0,]
server-1   | 2024-05-27 14:56:24,163 server INFO: Reject WURF from rousing-chupacabra because it doe not depend on last start time [60, 0, 0, 0, 0, 0, 0, 0, 0, 0, 3, 0, 0, 0, 0, 0, 0, 0, 0, 5, 0, 0, 0, 0, 0, 0, 0, 0, 0, 0, 0, 0, 0, 0, 0, 0, 0, 0, 0, 0, 0, 0, 0, 0, 0, 0, 0, 0, 0, 0, 0]
server-1   | 2024-05-27 14:56:24,188 server INFO: Received WURF from papaya-carp with value 92 at [50,0,0,0,0,0,0,0,0,0,3,0,0,0,0,0,0,0,0,0,0,0,0,0,0,0,3,0,0,0,0,0,0,0,0,0,0,0,0,0,0,0,0,0,0,0,0,0,0,0,0,]
client-7   | 2024-05-27 14:56:24,187 papaya-carp INFO: Sending result 92
server-1   | 2024-05-27 14:56:24,188 server INFO: Reject WURF from papaya-carp because it doe not depend on last start time [60, 0, 0, 0, 0, 0, 0, 0, 0, 0, 3, 0, 0, 0, 0, 0, 0, 0, 0, 5, 0, 0, 0, 0, 0, 0, 0, 0, 0, 0, 0, 0, 0, 0, 0, 0, 0, 0, 0, 0, 0, 0, 0, 0, 0, 0, 0, 0, 0, 0, 0]
client-14  | 2024-05-27 14:56:24,332 resourceful-degu INFO: Sending result 52
server-1   | 2024-05-27 14:56:24,333 server INFO: Received WURF from resourceful-degu with value 52 at [59,0,0,0,0,0,0,0,0,0,3,0,0,0,0,0,0,0,0,0,0,0,0,0,0,0,0,0,0,0,0,0,0,0,0,0,0,0,0,0,0,0,0,0,0,0,0,0,0,3,0,]
server-1   | 2024-05-27 14:56:24,333 server INFO: Reject WURF from resourceful-degu because it doe not depend on last start time [60, 0, 0, 0, 0, 0, 0, 0, 0, 0, 3, 0, 0, 0, 0, 0, 0, 0, 0, 5, 0, 0, 0, 0, 0, 0, 0, 0, 0, 0, 0, 0, 0, 0, 0, 0, 0, 0, 0, 0, 0, 0, 0, 0, 0, 0, 0, 0, 0, 0, 0]
server-1   | 2024-05-27 14:56:24,632 server INFO: Received WURF from tested-turkey with value 49 at [59,0,0,0,0,0,0,0,0,0,3,0,0,0,0,5,0,0,0,0,0,0,0,0,0,0,0,0,0,0,0,0,0,0,0,0,0,0,0,0,0,0,0,0,0,0,0,0,0,0,0,]
server-1   | 2024-05-27 14:56:24,633 server INFO: Reject WURF from tested-turkey because it doe not depend on last start time [60, 0, 0, 0, 0, 0, 0, 0, 0, 0, 3, 0, 0, 0, 0, 0, 0, 0, 0, 5, 0, 0, 0, 0, 0, 0, 0, 0, 0, 0, 0, 0, 0, 0, 0, 0, 0, 0, 0, 0, 0, 0, 0, 0, 0, 0, 0, 0, 0, 0, 0]
client-19  | 2024-05-27 14:56:24,632 tested-turkey INFO: Sending result 49
client-34  | 2024-05-27 14:56:25,026 shapeless-partridge INFO: Sending result 82
server-1   | 2024-05-27 14:56:25,027 server INFO: Received WURF from shapeless-partridge with value 82 at [59,0,0,0,0,0,0,0,0,0,3,0,0,0,0,0,0,0,0,0,0,0,0,0,0,0,0,0,0,5,0,0,0,0,0,0,0,0,0,0,0,0,0,0,0,0,0,0,0,0,0,]
server-1   | 2024-05-27 14:56:25,027 server INFO: Reject WURF from shapeless-partridge because it doe not depend on last start time [60, 0, 0, 0, 0, 0, 0, 0, 0, 0, 3, 0, 0, 0, 0, 0, 0, 0, 0, 5, 0, 0, 0, 0, 0, 0, 0, 0, 0, 0, 0, 0, 0, 0, 0, 0, 0, 0, 0, 0, 0, 0, 0, 0, 0, 0, 0, 0, 0, 0, 0]
server-1   | 2024-05-27 14:56:25,472 server INFO: Received WURF from merry-woodlouse with value 30 at [59,0,0,0,0,0,0,0,0,0,3,0,0,0,0,0,0,0,0,0,0,0,0,0,0,0,0,0,0,0,0,0,0,0,0,0,0,0,0,0,0,0,0,0,0,0,3,0,0,0,0,]
client-24  | 2024-05-27 14:56:25,471 merry-woodlouse INFO: Sending result 30
server-1   | 2024-05-27 14:56:25,472 server INFO: Reject WURF from merry-woodlouse because it doe not depend on last start time [60, 0, 0, 0, 0, 0, 0, 0, 0, 0, 3, 0, 0, 0, 0, 0, 0, 0, 0, 5, 0, 0, 0, 0, 0, 0, 0, 0, 0, 0, 0, 0, 0, 0, 0, 0, 0, 0, 0, 0, 0, 0, 0, 0, 0, 0, 0, 0, 0, 0, 0]
server-1   | 2024-05-27 14:56:25,495 server INFO: Sending STOP
server-1   | 2024-05-27 14:56:25,500 server INFO: Client 'naughty-kakapo' won with the value 38
client-25  | 2024-05-27 14:56:25,577 passionate-tanuki INFO: Sending result 84
server-1   | 2024-05-27 14:56:25,579 server INFO: Received WURF from passionate-tanuki with value 84 at [59,7,0,0,0,0,0,0,0,0,3,0,0,0,0,0,0,0,0,0,0,0,0,0,0,0,0,0,0,0,0,0,0,0,0,0,0,0,0,0,0,0,0,0,0,0,0,0,0,0,0,]
server-1   | 2024-05-27 14:56:25,580 server INFO: Reject WURF from passionate-tanuki because it doe not depend on last start time [62, 0, 0, 0, 0, 0, 0, 0, 0, 0, 3, 0, 0, 0, 0, 0, 0, 0, 0, 5, 0, 0, 0, 0, 0, 0, 0, 0, 0, 0, 0, 0, 0, 0, 0, 0, 0, 0, 0, 0, 0, 0, 0, 0, 0, 0, 0, 0, 0, 0, 0]
client-42  | 2024-05-27 14:56:25,634 white-goat INFO: Sending result 4
server-1   | 2024-05-27 14:56:25,635 server INFO: Received WURF from white-goat with value 4 at [59,0,0,0,0,0,0,0,0,0,3,0,0,0,0,0,0,0,0,0,0,0,0,0,0,0,0,0,0,0,0,5,0,0,0,0,0,0,0,0,0,0,0,0,0,0,0,0,0,0,0,]
server-1   | 2024-05-27 14:56:25,635 server INFO: Reject WURF from white-goat because it doe not depend on last start time [62, 0, 0, 0, 0, 0, 0, 0, 0, 0, 3, 0, 0, 0, 0, 0, 0, 0, 0, 5, 0, 0, 0, 0, 0, 0, 0, 0, 0, 0, 0, 0, 0, 0, 0, 0, 0, 0, 0, 0, 0, 0, 0, 0, 0, 0, 0, 0, 0, 0, 0]
client-1   | 2024-05-27 14:56:25,929 brave-cougar INFO: Sending result 31
server-1   | 2024-05-27 14:56:25,930 server INFO: Received WURF from brave-cougar with value 31 at [59,0,0,0,0,0,0,0,0,0,3,0,0,0,0,0,0,0,0,0,0,0,7,0,0,0,0,0,0,0,0,0,0,0,0,0,0,0,0,0,0,0,0,0,0,0,0,0,0,0,0,]
server-1   | 2024-05-27 14:56:25,930 server INFO: Reject WURF from brave-cougar because it doe not depend on last start time [62, 0, 0, 0, 0, 0, 0, 0, 0, 0, 3, 0, 0, 0, 0, 0, 0, 0, 0, 5, 0, 0, 0, 0, 0, 0, 0, 0, 0, 0, 0, 0, 0, 0, 0, 0, 0, 0, 0, 0, 0, 0, 0, 0, 0, 0, 0, 0, 0, 0, 0]
server-1   | 2024-05-27 14:56:26,502 server INFO: Sending START (50 clients)
client-8   | 2024-05-27 14:56:26,502 onyx-earthworm INFO: Sending result 73
server-1   | 2024-05-27 14:56:26,503 server INFO: Received WURF from onyx-earthworm with value 73 at [59,0,5,0,0,0,0,0,0,0,3,0,0,0,0,0,0,0,0,0,0,0,0,0,0,0,0,0,0,0,0,0,0,0,0,0,0,0,0,0,0,0,0,0,0,0,0,0,0,0,0,]
server-1   | 2024-05-27 14:56:26,503 server INFO: Reject WURF from onyx-earthworm because it doe not depend on last start time [63, 0, 0, 0, 0, 0, 0, 0, 0, 0, 3, 0, 0, 0, 0, 0, 0, 0, 0, 5, 0, 0, 0, 0, 0, 0, 0, 0, 0, 0, 0, 0, 0, 0, 0, 0, 0, 0, 0, 0, 0, 0, 0, 0, 0, 0, 0, 0, 0, 0, 0]
client-18  | 2024-05-27 14:56:26,503 outrageous-polecat INFO: Received START command at [63,0,0,0,0,0,0,0,0,0,3,0,0,0,0,0,0,0,0,5,0,0,0,0,0,0,0,0,0,0,0,0,0,0,0,0,0,0,0,0,0,0,0,0,0,0,0,0,0,0,0,].
client-18  | 2024-05-27 14:56:26,503 outrageous-polecat INFO: Waiting 9.938157525403712s to send result 31.
client-49  | 2024-05-27 14:56:26,503 zircon-ape INFO: Received START command at [63,0,0,0,0,0,0,0,0,0,3,0,0,0,0,0,0,0,0,5,0,0,0,0,0,0,0,0,0,0,0,0,0,0,0,0,0,0,0,0,0,0,0,0,0,0,0,0,0,0,0,].
client-49  | 2024-05-27 14:56:26,503 zircon-ape INFO: Waiting 6.903865096917135s to send result 63.
client-5   | 2024-05-27 14:56:26,504 dainty-bullmastiff INFO: Received START command at [63,0,0,0,0,0,0,0,0,0,3,0,0,0,0,0,0,0,0,5,0,0,0,0,0,0,0,0,0,0,0,0,0,0,0,0,0,0,0,0,0,0,0,0,0,0,0,0,0,0,0,].
client-5   | 2024-05-27 14:56:26,504 dainty-bullmastiff INFO: Waiting 8.92405541339524s to send result 76.
client-44  | 2024-05-27 14:56:26,507 merciful-ocelot INFO: Received START command at [63,0,0,0,0,0,0,0,0,0,3,0,0,0,0,0,0,0,0,5,0,0,0,0,0,0,0,0,0,0,0,0,0,0,0,0,0,0,0,0,0,0,0,0,0,0,0,0,0,0,0,].
client-44  | 2024-05-27 14:56:26,507 merciful-ocelot INFO: Waiting 7.726398535308122s to send result 58.
client-4   | 2024-05-27 14:56:26,506 obedient-salmon INFO: Received START command at [63,0,0,0,0,0,0,0,0,0,3,0,0,0,0,0,0,0,0,5,0,0,0,0,0,0,0,0,0,0,0,0,0,0,0,0,0,0,0,0,0,0,0,0,0,0,0,0,0,0,0,].
client-4   | 2024-05-27 14:56:26,506 obedient-salmon INFO: Waiting 8.7751158233182s to send result 2.
client-31  | 2024-05-27 14:56:26,505 hidden-dogfish INFO: Received START command at [63,0,0,0,0,0,0,0,0,0,3,0,0,0,0,0,0,0,0,5,0,0,0,0,0,0,0,0,0,0,0,0,0,0,0,0,0,0,0,0,0,0,0,0,0,0,0,0,0,0,0,].
client-31  | 2024-05-27 14:56:26,505 hidden-dogfish INFO: Waiting 8.544789766686115s to send result 18.
client-8   | 2024-05-27 14:56:26,506 onyx-earthworm INFO: Received START command at [63,0,0,0,0,0,0,0,0,0,3,0,0,0,0,0,0,0,0,5,0,0,0,0,0,0,0,0,0,0,0,0,0,0,0,0,0,0,0,0,0,0,0,0,0,0,0,0,0,0,0,].
client-8   | 2024-05-27 14:56:26,506 onyx-earthworm INFO: Waiting 4.208686351248925s to send result 46.
client-3   | 2024-05-27 14:56:26,504 impartial-badger INFO: Received START command at [63,0,0,0,0,0,0,0,0,0,3,0,0,0,0,0,0,0,0,5,0,0,0,0,0,0,0,0,0,0,0,0,0,0,0,0,0,0,0,0,0,0,0,0,0,0,0,0,0,0,0,].
client-3   | 2024-05-27 14:56:26,505 impartial-badger INFO: Waiting 9.663773950902101s to send result 68.
client-17  | 2024-05-27 14:56:26,506 spiked-urchin INFO: Received START command at [63,0,0,0,0,0,0,0,0,0,3,0,0,0,0,0,0,0,0,5,0,0,0,0,0,0,0,0,0,0,0,0,0,0,0,0,0,0,0,0,0,0,0,0,0,0,0,0,0,0,0,].
client-17  | 2024-05-27 14:56:26,506 spiked-urchin INFO: Waiting 1.6017669301853155s to send result 25.
client-16  | 2024-05-27 14:56:26,507 messy-wapiti INFO: Received START command at [63,0,0,0,0,0,0,0,0,0,3,0,0,0,0,0,0,0,0,5,0,0,0,0,0,0,0,0,0,0,0,0,0,0,0,0,0,0,0,0,0,0,0,0,0,0,0,0,0,0,0,].
client-16  | 2024-05-27 14:56:26,507 messy-wapiti INFO: Waiting 0.73435799524179s to send result 62.
client-23  | 2024-05-27 14:56:26,505 terrestrial-swift INFO: Received START command at [63,0,0,0,0,0,0,0,0,0,3,0,0,0,0,0,0,0,0,5,0,0,0,0,0,0,0,0,0,0,0,0,0,0,0,0,0,0,0,0,0,0,0,0,0,0,0,0,0,0,0,].
client-23  | 2024-05-27 14:56:26,505 terrestrial-swift INFO: Waiting 7.848828140383459s to send result 63.
client-1   | 2024-05-27 14:56:26,503 brave-cougar INFO: Received START command at [63,0,0,0,0,0,0,0,0,0,3,0,0,0,0,0,0,0,0,5,0,0,0,0,0,0,0,0,0,0,0,0,0,0,0,0,0,0,0,0,0,0,0,0,0,0,0,0,0,0,0,].
client-1   | 2024-05-27 14:56:26,504 brave-cougar INFO: Waiting 4.303087598221202s to send result 3.
client-6   | 2024-05-27 14:56:26,505 perfect-worm INFO: Received START command at [63,0,0,0,0,0,0,0,0,0,3,0,0,0,0,0,0,0,0,5,0,0,0,0,0,0,0,0,0,0,0,0,0,0,0,0,0,0,0,0,0,0,0,0,0,0,0,0,0,0,0,].
client-6   | 2024-05-27 14:56:26,506 perfect-worm INFO: Waiting 5.0126526606170625s to send result 85.
client-15  | 2024-05-27 14:56:26,503 hot-sunfish INFO: Received START command at [63,0,0,0,0,0,0,0,0,0,3,0,0,0,0,0,0,0,0,5,0,0,0,0,0,0,0,0,0,0,0,0,0,0,0,0,0,0,0,0,0,0,0,0,0,0,0,0,0,0,0,].
client-15  | 2024-05-27 14:56:26,503 hot-sunfish INFO: Waiting 5.187109848877681s to send result 74.
client-14  | 2024-05-27 14:56:26,507 resourceful-degu INFO: Received START command at [63,0,0,0,0,0,0,0,0,0,3,0,0,0,0,0,0,0,0,5,0,0,0,0,0,0,0,0,0,0,0,0,0,0,0,0,0,0,0,0,0,0,0,0,0,0,0,0,0,0,0,].
client-14  | 2024-05-27 14:56:26,507 resourceful-degu INFO: Waiting 0.7748969366733571s to send result 17.
client-6   | 2024-05-27 14:56:26,505 perfect-worm INFO: Received START command at [63,0,0,0,0,0,0,0,0,0,3,0,0,0,0,0,0,0,0,5,0,0,0,0,0,0,0,0,0,0,0,0,0,0,0,0,0,0,0,0,0,0,0,0,0,0,0,0,0,0,0,].
client-6   | 2024-05-27 14:56:26,506 perfect-worm INFO: Waiting 5.0126526606170625s to send result 85.
client-45  | 2024-05-27 14:56:26,504 stimulating-beetle INFO: Received START command at [63,0,0,0,0,0,0,0,0,0,3,0,0,0,0,0,0,0,0,5,0,0,0,0,0,0,0,0,0,0,0,0,0,0,0,0,0,0,0,0,0,0,0,0,0,0,0,0,0,0,0,].
client-45  | 2024-05-27 14:56:26,505 stimulating-beetle INFO: Waiting 1.6950990230611462s to send result 55.
client-25  | 2024-05-27 14:56:26,507 passionate-tanuki INFO: Received START command at [63,0,0,0,0,0,0,0,0,0,3,0,0,0,0,0,0,0,0,5,0,0,0,0,0,0,0,0,0,0,0,0,0,0,0,0,0,0,0,0,0,0,0,0,0,0,0,0,0,0,0,].
client-25  | 2024-05-27 14:56:26,507 passionate-tanuki INFO: Waiting 8.476186982185913s to send result 48.
client-29  | 2024-05-27 14:56:26,507 charcoal-markhor INFO: Received START command at [63,0,0,0,0,0,0,0,0,0,3,0,0,0,0,0,0,0,0,5,0,0,0,0,0,0,0,0,0,0,0,0,0,0,0,0,0,0,0,0,0,0,0,0,0,0,0,0,0,0,0,].
client-29  | 2024-05-27 14:56:26,508 charcoal-markhor INFO: Waiting 6.602345620198907s to send result 5.
client-33  | 2024-05-27 14:56:26,507 delicate-turtle INFO: Received START command at [63,0,0,0,0,0,0,0,0,0,3,0,0,0,0,0,0,0,0,5,0,0,0,0,0,0,0,0,0,0,0,0,0,0,0,0,0,0,0,0,0,0,0,0,0,0,0,0,0,0,0,].
client-33  | 2024-05-27 14:56:26,508 delicate-turtle INFO: Waiting 0.305649379921733s to send result 9.
client-9   | 2024-05-27 14:56:26,504 quartz-hornet INFO: Received START command at [63,0,0,0,0,0,0,0,0,0,3,0,0,0,0,0,0,0,0,5,0,0,0,0,0,0,0,0,0,0,0,0,0,0,0,0,0,0,0,0,0,0,0,0,0,0,0,0,0,0,0,].
client-37  | 2024-05-27 14:56:26,506 naughty-kakapo INFO: Received START command at [63,0,0,0,0,0,0,0,0,0,3,0,0,0,0,0,0,0,0,5,0,0,0,0,0,0,0,0,0,0,0,0,0,0,0,0,0,0,0,0,0,0,0,0,0,0,0,0,0,0,0,].
client-37  | 2024-05-27 14:56:26,506 naughty-kakapo INFO: Waiting 7.939082248310834s to send result 16.
client-41  | 2024-05-27 14:56:26,507 omniscient-fulmar INFO: Received START command at [63,0,0,0,0,0,0,0,0,0,3,0,0,0,0,0,0,0,0,5,0,0,0,0,0,0,0,0,0,0,0,0,0,0,0,0,0,0,0,0,0,0,0,0,0,0,0,0,0,0,0,].
client-41  | 2024-05-27 14:56:26,508 omniscient-fulmar INFO: Waiting 1.2864303084538675s to send result 53.
client-35  | 2024-05-27 14:56:26,508 beneficial-uakari INFO: Received START command at [63,0,0,0,0,0,0,0,0,0,3,0,0,0,0,0,0,0,0,5,0,0,0,0,0,0,0,0,0,0,0,0,0,0,0,0,0,0,0,0,0,0,0,0,0,0,0,0,0,0,0,].
client-35  | 2024-05-27 14:56:26,508 beneficial-uakari INFO: Waiting 4.865619500405673s to send result 52.
client-7   | 2024-05-27 14:56:26,505 papaya-carp INFO: Received START command at [63,0,0,0,0,0,0,0,0,0,3,0,0,0,0,0,0,0,0,5,0,0,0,0,0,0,0,0,0,0,0,0,0,0,0,0,0,0,0,0,0,0,0,0,0,0,0,0,0,0,0,].
client-7   | 2024-05-27 14:56:26,505 papaya-carp INFO: Waiting 6.575092993195s to send result 51.
client-48  | 2024-05-27 14:56:26,508 stimulating-capybara INFO: Received START command at [63,0,0,0,0,0,0,0,0,0,3,0,0,0,0,0,0,0,0,5,0,0,0,0,0,0,0,0,0,0,0,0,0,0,0,0,0,0,0,0,0,0,0,0,0,0,0,0,0,0,0,].
client-48  | 2024-05-27 14:56:26,508 stimulating-capybara INFO: Waiting 2.3239950997924606s to send result 41.
client-21  | 2024-05-27 14:56:26,507 rousing-chupacabra INFO: Received START command at [63,0,0,0,0,0,0,0,0,0,3,0,0,0,0,0,0,0,0,5,0,0,0,0,0,0,0,0,0,0,0,0,0,0,0,0,0,0,0,0,0,0,0,0,0,0,0,0,0,0,0,].
client-21  | 2024-05-27 14:56:26,508 rousing-chupacabra INFO: Waiting 8.094398657108705s to send result 41.
client-28  | 2024-05-27 14:56:26,505 stereotyped-sparrow INFO: Received START command at [63,0,0,0,0,0,0,0,0,0,3,0,0,0,0,0,0,0,0,5,0,0,0,0,0,0,0,0,0,0,0,0,0,0,0,0,0,0,0,0,0,0,0,0,0,0,0,0,0,0,0,].
client-28  | 2024-05-27 14:56:26,505 stereotyped-sparrow INFO: Waiting 5.471273305234466s to send result 55.
client-42  | 2024-05-27 14:56:26,506 white-goat INFO: Received START command at [63,0,0,0,0,0,0,0,0,0,3,0,0,0,0,0,0,0,0,5,0,0,0,0,0,0,0,0,0,0,0,0,0,0,0,0,0,0,0,0,0,0,0,0,0,0,0,0,0,0,0,].
client-42  | 2024-05-27 14:56:26,506 white-goat INFO: Waiting 6.849248199685368s to send result 99.
client-34  | 2024-05-27 14:56:26,505 shapeless-partridge INFO: Received START command at [63,0,0,0,0,0,0,0,0,0,3,0,0,0,0,0,0,0,0,5,0,0,0,0,0,0,0,0,0,0,0,0,0,0,0,0,0,0,0,0,0,0,0,0,0,0,0,0,0,0,0,].
client-34  | 2024-05-27 14:56:26,506 shapeless-partridge INFO: Waiting 7.122058506747715s to send result 65.
client-36  | 2024-05-27 14:56:26,504 skilled-newt INFO: Received START command at [63,0,0,0,0,0,0,0,0,0,3,0,0,0,0,0,0,0,0,5,0,0,0,0,0,0,0,0,0,0,0,0,0,0,0,0,0,0,0,0,0,0,0,0,0,0,0,0,0,0,0,].
client-36  | 2024-05-27 14:56:26,504 skilled-newt INFO: Waiting 0.9113716654987025s to send result 48.
client-24  | 2024-05-27 14:56:26,504 merry-woodlouse INFO: Received START command at [63,0,0,0,0,0,0,0,0,0,3,0,0,0,0,0,0,0,0,5,0,0,0,0,0,0,0,0,0,0,0,0,0,0,0,0,0,0,0,0,0,0,0,0,0,0,0,0,0,0,0,].
client-24  | 2024-05-27 14:56:26,504 merry-woodlouse INFO: Waiting 4.180359010866218s to send result 74.
client-13  | 2024-05-27 14:56:26,506 sweet-malkoha INFO: Received START command at [63,0,0,0,0,0,0,0,0,0,3,0,0,0,0,0,0,0,0,5,0,0,0,0,0,0,0,0,0,0,0,0,0,0,0,0,0,0,0,0,0,0,0,0,0,0,0,0,0,0,0,].
client-13  | 2024-05-27 14:56:26,506 sweet-malkoha INFO: Waiting 2.0919697084393265s to send result 59.
client-2   | 2024-05-27 14:56:26,505 adventurous-goat INFO: Received START command at [63,0,0,0,0,0,0,0,0,0,3,0,0,0,0,0,0,0,0,5,0,0,0,0,0,0,0,0,0,0,0,0,0,0,0,0,0,0,0,0,0,0,0,0,0,0,0,0,0,0,0,].
client-2   | 2024-05-27 14:56:26,505 adventurous-goat INFO: Waiting 0.6385024584113952s to send result 86.
client-32  | 2024-05-27 14:56:26,507 sceptical-cuttlefish INFO: Received START command at [63,0,0,0,0,0,0,0,0,0,3,0,0,0,0,0,0,0,0,5,0,0,0,0,0,0,0,0,0,0,0,0,0,0,0,0,0,0,0,0,0,0,0,0,0,0,0,0,0,0,0,].
client-32  | 2024-05-27 14:56:26,507 sceptical-cuttlefish INFO: Waiting 0.6209671219513013s to send result 37.
client-19  | 2024-05-27 14:56:26,504 tested-turkey INFO: Received START command at [63,0,0,0,0,0,0,0,0,0,3,0,0,0,0,0,0,0,0,5,0,0,0,0,0,0,0,0,0,0,0,0,0,0,0,0,0,0,0,0,0,0,0,0,0,0,0,0,0,0,0,].
client-19  | 2024-05-27 14:56:26,504 tested-turkey INFO: Waiting 1.6333694132554977s to send result 61.
client-9   | 2024-05-27 14:56:26,509 quartz-hornet INFO: Waiting 9.231890976312537s to send result 62.
client-33  | 2024-05-27 14:56:26,815 delicate-turtle INFO: Sending result 9
server-1   | 2024-05-27 14:56:26,816 server INFO: Received WURF from delicate-turtle with value 9 at [63,0,0,0,0,0,0,0,0,0,3,0,0,0,0,0,0,0,7,5,0,0,0,0,0,0,0,0,0,0,0,0,0,0,0,0,0,0,0,0,0,0,0,0,0,0,0,0,0,0,0,]
