server-1   | 2024-05-27 14:56:26,816 server INFO: Accepted WURF from delicate-turtle because it depends on last start time [63, 0, 0, 0, 0, 0, 0, 0, 0, 0, 3, 0, 0, 0, 0, 0, 0, 0, 0, 5, 0, 0, 0, 0, 0, 0, 0, 0, 0, 0, 0, 0, 0, 0, 0, 0, 0, 0, 0, 0, 0, 0, 0, 0, 0, 0, 0, 0, 0, 0, 0]
client-39  | 2024-05-27 14:56:26,963 shapeless-bumblebee INFO: Sending result 78
server-1   | 2024-05-27 14:56:26,963 server INFO: Received WURF from shapeless-bumblebee with value 78 at [59,0,0,0,0,0,0,0,0,0,3,0,0,0,0,0,0,0,0,0,0,0,0,0,0,0,0,0,0,0,0,0,0,0,0,0,0,0,0,0,0,0,0,0,0,0,0,0,0,0,3,]
server-1   | 2024-05-27 14:56:26,964 server INFO: Reject WURF from shapeless-bumblebee because it doe not depend on last start time [64, 0, 0, 0, 0, 0, 0, 0, 0, 0, 3, 0, 0, 0, 0, 0, 0, 0, 7, 5, 0, 0, 0, 0, 0, 0, 0, 0, 0, 0, 0, 0, 0, 0, 0, 0, 0, 0, 0, 0, 0, 0, 0, 0, 0, 0, 0, 0, 0, 0, 0]
client-20  | 2024-05-27 14:56:27,001 nifty-hedgehog INFO: Sending result 76
server-1   | 2024-05-27 14:56:27,002 server INFO: Received WURF from nifty-hedgehog with value 76 at [59,0,0,0,0,0,0,0,0,0,3,0,0,0,0,0,0,0,0,0,0,5,0,0,0,0,0,0,0,0,0,0,0,0,0,0,0,0,0,0,0,0,0,0,0,0,0,0,0,0,0,]
server-1   | 2024-05-27 14:56:27,002 server INFO: Reject WURF from nifty-hedgehog because it doe not depend on last start time [64, 0, 0, 0, 0, 0, 0, 0, 0, 0, 3, 0, 0, 0, 0, 0, 0, 0, 7, 5, 0, 0, 0, 0, 0, 0, 0, 0, 0, 0, 0, 0, 0, 0, 0, 0, 0, 0, 0, 0, 0, 0, 0, 0, 0, 0, 0, 0, 0, 0, 0]
server-1   | 2024-05-27 14:56:27,130 server INFO: Received WURF from sceptical-cuttlefish with value 37 at [63,0,0,0,0,0,0,0,0,0,3,0,0,0,0,0,0,0,0,5,0,0,0,0,0,0,0,5,0,0,0,0,0,0,0,0,0,0,0,0,0,0,0,0,0,0,0,0,0,0,0,]
server-1   | 2024-05-27 14:56:27,131 server INFO: Reject WURF from sceptical-cuttlefish because it doe not depend on last start time [64, 0, 0, 0, 0, 0, 0, 0, 0, 0, 3, 0, 0, 0, 0, 0, 0, 0, 7, 5, 0, 0, 0, 0, 0, 0, 0, 0, 0, 0, 0, 0, 0, 0, 0, 0, 0, 0, 0, 0, 0, 0, 0, 0, 0, 0, 0, 0, 0, 0, 0]
client-32  | 2024-05-27 14:56:27,129 sceptical-cuttlefish INFO: Sending result 37
client-2   | 2024-05-27 14:56:27,145 adventurous-goat INFO: Sending result 86
server-1   | 2024-05-27 14:56:27,146 server INFO: Received WURF from adventurous-goat with value 86 at [63,0,0,0,0,0,0,0,0,0,3,0,0,0,0,0,0,0,0,5,0,0,0,0,0,5,0,0,0,0,0,0,0,0,0,0,0,0,0,0,0,0,0,0,0,0,0,0,0,0,0,]
server-1   | 2024-05-27 14:56:27,146 server INFO: Reject WURF from adventurous-goat because it doe not depend on last start time [64, 0, 0, 0, 0, 0, 0, 0, 0, 0, 3, 0, 0, 0, 0, 0, 0, 0, 7, 5, 0, 0, 0, 0, 0, 0, 0, 0, 0, 0, 0, 0, 0, 0, 0, 0, 0, 0, 0, 0, 0, 0, 0, 0, 0, 0, 0, 0, 0, 0, 0]
server-1   | 2024-05-27 14:56:27,184 server INFO: Received WURF from winged-starfish with value 30 at [59,0,0,0,0,0,0,0,0,0,7,0,0,0,0,0,0,0,0,0,0,0,0,0,0,0,0,0,0,0,0,0,0,0,0,0,0,0,0,0,0,0,0,0,0,0,0,0,0,0,0,]
server-1   | 2024-05-27 14:56:27,184 server INFO: Reject WURF from winged-starfish because it doe not depend on last start time [64, 0, 0, 0, 0, 0, 0, 0, 0, 0, 3, 0, 0, 0, 0, 0, 0, 0, 7, 5, 0, 0, 0, 0, 0, 0, 0, 0, 0, 0, 0, 0, 0, 0, 0, 0, 0, 0, 0, 0, 0, 0, 0, 0, 0, 0, 0, 0, 0, 0, 0]
client-12  | 2024-05-27 14:56:27,183 winged-starfish INFO: Sending result 30
client-16  | 2024-05-27 14:56:27,243 messy-wapiti INFO: Sending result 62
server-1   | 2024-05-27 14:56:27,244 server INFO: Received WURF from messy-wapiti with value 62 at [63,0,0,0,0,0,0,0,0,0,3,0,0,0,0,0,0,0,0,5,0,0,0,0,0,0,0,0,0,0,0,0,0,7,0,0,0,0,0,0,0,0,0,0,0,0,0,0,0,0,0,]
server-1   | 2024-05-27 14:56:27,244 server INFO: Reject WURF from messy-wapiti because it doe not depend on last start time [64, 0, 0, 0, 0, 0, 0, 0, 0, 0, 3, 0, 0, 0, 0, 0, 0, 0, 7, 5, 0, 0, 0, 0, 0, 0, 0, 0, 0, 0, 0, 0, 0, 0, 0, 0, 0, 0, 0, 0, 0, 0, 0, 0, 0, 0, 0, 0, 0, 0, 0]
server-1   | 2024-05-27 14:56:27,263 server INFO: Received WURF from devout-moose with value 17 at [59,0,0,0,0,0,0,0,0,0,3,0,0,0,0,0,0,0,0,0,0,0,0,0,0,0,0,0,0,0,0,0,0,0,0,0,5,0,0,0,0,0,0,0,0,0,0,0,0,0,0,]
client-47  | 2024-05-27 14:56:27,262 devout-moose INFO: Sending result 17
server-1   | 2024-05-27 14:56:27,263 server INFO: Reject WURF from devout-moose because it doe not depend on last start time [64, 0, 0, 0, 0, 0, 0, 0, 0, 0, 3, 0, 0, 0, 0, 0, 0, 0, 7, 5, 0, 0, 0, 0, 0, 0, 0, 0, 0, 0, 0, 0, 0, 0, 0, 0, 0, 0, 0, 0, 0, 0, 0, 0, 0, 0, 0, 0, 0, 0, 0]
client-14  | 2024-05-27 14:56:27,285 resourceful-degu INFO: Sending result 17
server-1   | 2024-05-27 14:56:27,286 server INFO: Received WURF from resourceful-degu with value 17 at [63,0,0,0,0,0,0,0,0,0,3,0,0,0,0,0,0,0,0,5,0,0,0,0,0,0,0,0,0,0,0,0,0,0,0,0,0,0,0,0,0,0,0,0,0,0,0,0,0,5,0,]
server-1   | 2024-05-27 14:56:27,286 server INFO: Reject WURF from resourceful-degu because it doe not depend on last start time [64, 0, 0, 0, 0, 0, 0, 0, 0, 0, 3, 0, 0, 0, 0, 0, 0, 0, 7, 5, 0, 0, 0, 0, 0, 0, 0, 0, 0, 0, 0, 0, 0, 0, 0, 0, 0, 0, 0, 0, 0, 0, 0, 0, 0, 0, 0, 0, 0, 0, 0]
client-36  | 2024-05-27 14:56:27,417 skilled-newt INFO: Sending result 48
server-1   | 2024-05-27 14:56:27,418 server INFO: Received WURF from skilled-newt with value 48 at [63,0,0,0,0,0,0,0,0,0,3,0,0,0,0,0,0,0,0,5,0,0,0,0,0,0,0,0,0,0,5,0,0,0,0,0,0,0,0,0,0,0,0,0,0,0,0,0,0,0,0,]
server-1   | 2024-05-27 14:56:27,418 server INFO: Reject WURF from skilled-newt because it doe not depend on last start time [64, 0, 0, 0, 0, 0, 0, 0, 0, 0, 3, 0, 0, 0, 0, 0, 0, 0, 7, 5, 0, 0, 0, 0, 0, 0, 0, 0, 0, 0, 0, 0, 0, 0, 0, 0, 0, 0, 0, 0, 0, 0, 0, 0, 0, 0, 0, 0, 0, 0, 0]
client-41  | 2024-05-27 14:56:27,797 omniscient-fulmar INFO: Sending result 53
server-1   | 2024-05-27 14:56:27,798 server INFO: Received WURF from omniscient-fulmar with value 53 at [63,0,0,0,0,0,0,0,0,0,3,0,0,0,0,0,0,0,0,5,0,0,0,0,0,0,0,0,0,0,0,0,0,0,0,0,0,0,0,0,0,0,0,0,5,0,0,0,0,0,0,]
server-1   | 2024-05-27 14:56:27,798 server INFO: Reject WURF from omniscient-fulmar because it doe not depend on last start time [64, 0, 0, 0, 0, 0, 0, 0, 0, 0, 3, 0, 0, 0, 0, 0, 0, 0, 7, 5, 0, 0, 0, 0, 0, 0, 0, 0, 0, 0, 0, 0, 0, 0, 0, 0, 0, 0, 0, 0, 0, 0, 0, 0, 0, 0, 0, 0, 0, 0, 0]
client-27  | 2024-05-27 14:56:27,915 rugged-weasel INFO: Sending result 43
server-1   | 2024-05-27 14:56:27,916 server INFO: Received WURF from rugged-weasel with value 43 at [59,0,0,0,0,0,0,0,0,0,3,0,0,0,0,0,0,0,0,0,0,0,0,0,0,0,0,0,0,0,0,0,0,0,0,0,0,0,0,0,0,0,0,0,0,0,0,0,3,0,0,]
server-1   | 2024-05-27 14:56:27,916 server INFO: Reject WURF from rugged-weasel because it doe not depend on last start time [64, 0, 0, 0, 0, 0, 0, 0, 0, 0, 3, 0, 0, 0, 0, 0, 0, 0, 7, 5, 0, 0, 0, 0, 0, 0, 0, 0, 0, 0, 0, 0, 0, 0, 0, 0, 0, 0, 0, 0, 0, 0, 0, 0, 0, 0, 0, 0, 0, 0, 0]
server-1   | 2024-05-27 14:56:27,920 server INFO: Received WURF from enchanted-kittiwake with value 25 at [59,0,0,0,0,0,0,0,0,0,3,0,0,0,0,0,0,0,0,0,0,0,0,0,0,0,0,0,0,0,0,0,0,0,0,5,0,0,0,0,0,0,0,0,0,0,0,0,0,0,0,]
server-1   | 2024-05-27 14:56:27,920 server INFO: Reject WURF from enchanted-kittiwake because it doe not depend on last start time [64, 0, 0, 0, 0, 0, 0, 0, 0, 0, 3, 0, 0, 0, 0, 0, 0, 0, 7, 5, 0, 0, 0, 0, 0, 0, 0, 0, 0, 0, 0, 0, 0, 0, 0, 0, 0, 0, 0, 0, 0, 0, 0, 0, 0, 0, 0, 0, 0, 0, 0]
client-40  | 2024-05-27 14:56:27,919 enchanted-kittiwake INFO: Sending result 25
client-17  | 2024-05-27 14:56:28,110 spiked-urchin INFO: Sending result 25
server-1   | 2024-05-27 14:56:28,111 server INFO: Received WURF from spiked-urchin with value 25 at [63,0,0,0,0,0,0,0,0,0,3,0,0,7,0,0,0,0,0,5,0,0,0,0,0,0,0,0,0,0,0,0,0,0,0,0,0,0,0,0,0,0,0,0,0,0,0,0,0,0,0,]
server-1   | 2024-05-27 14:56:28,111 server INFO: Reject WURF from spiked-urchin because it doe not depend on last start time [64, 0, 0, 0, 0, 0, 0, 0, 0, 0, 3, 0, 0, 0, 0, 0, 0, 0, 7, 5, 0, 0, 0, 0, 0, 0, 0, 0, 0, 0, 0, 0, 0, 0, 0, 0, 0, 0, 0, 0, 0, 0, 0, 0, 0, 0, 0, 0, 0, 0, 0]
server-1   | 2024-05-27 14:56:28,141 server INFO: Received WURF from tested-turkey with value 61 at [63,0,0,0,0,0,0,0,0,0,3,0,0,0,0,7,0,0,0,5,0,0,0,0,0,0,0,0,0,0,0,0,0,0,0,0,0,0,0,0,0,0,0,0,0,0,0,0,0,0,0,]
server-1   | 2024-05-27 14:56:28,141 server INFO: Reject WURF from tested-turkey because it doe not depend on last start time [64, 0, 0, 0, 0, 0, 0, 0, 0, 0, 3, 0, 0, 0, 0, 0, 0, 0, 7, 5, 0, 0, 0, 0, 0, 0, 0, 0, 0, 0, 0, 0, 0, 0, 0, 0, 0, 0, 0, 0, 0, 0, 0, 0, 0, 0, 0, 0, 0, 0, 0]
client-19  | 2024-05-27 14:56:28,140 tested-turkey INFO: Sending result 61
server-1   | 2024-05-27 14:56:28,175 server INFO: Received WURF from whimsical-marmot with value 59 at [59,0,0,0,0,0,0,0,0,0,3,0,0,0,0,0,0,0,0,0,0,0,0,0,0,0,0,0,0,0,0,0,0,0,0,0,0,0,5,0,0,0,0,0,0,0,0,0,0,0,0,]
client-26  | 2024-05-27 14:56:28,174 whimsical-marmot INFO: Sending result 59
server-1   | 2024-05-27 14:56:28,175 server INFO: Reject WURF from whimsical-marmot because it doe not depend on last start time [64, 0, 0, 0, 0, 0, 0, 0, 0, 0, 3, 0, 0, 0, 0, 0, 0, 0, 7, 5, 0, 0, 0, 0, 0, 0, 0, 0, 0, 0, 0, 0, 0, 0, 0, 0, 0, 0, 0, 0, 0, 0, 0, 0, 0, 0, 0, 0, 0, 0, 0]
client-45  | 2024-05-27 14:56:28,202 stimulating-beetle INFO: Sending result 55
server-1   | 2024-05-27 14:56:28,203 server INFO: Received WURF from stimulating-beetle with value 55 at [63,0,0,0,0,0,0,0,0,7,3,0,0,0,0,0,0,0,0,5,0,0,0,0,0,0,0,0,0,0,0,0,0,0,0,0,0,0,0,0,0,0,0,0,0,0,0,0,0,0,0,]
server-1   | 2024-05-27 14:56:28,203 server INFO: Reject WURF from stimulating-beetle because it doe not depend on last start time [64, 0, 0, 0, 0, 0, 0, 0, 0, 0, 3, 0, 0, 0, 0, 0, 0, 0, 7, 5, 0, 0, 0, 0, 0, 0, 0, 0, 0, 0, 0, 0, 0, 0, 0, 0, 0, 0, 0, 0, 0, 0, 0, 0, 0, 0, 0, 0, 0, 0, 0]
client-10  | 2024-05-27 14:56:28,228 complex-emu INFO: Sending result 56
server-1   | 2024-05-27 14:56:28,229 server INFO: Received WURF from complex-emu with value 56 at [59,0,0,0,0,0,0,0,0,0,3,0,0,0,0,0,0,0,0,0,0,0,0,5,0,0,0,0,0,0,0,0,0,0,0,0,0,0,0,0,0,0,0,0,0,0,0,0,0,0,0,]
server-1   | 2024-05-27 14:56:28,229 server INFO: Reject WURF from complex-emu because it doe not depend on last start time [64, 0, 0, 0, 0, 0, 0, 0, 0, 0, 3, 0, 0, 0, 0, 0, 0, 0, 7, 5, 0, 0, 0, 0, 0, 0, 0, 0, 0, 0, 0, 0, 0, 0, 0, 0, 0, 0, 0, 0, 0, 0, 0, 0, 0, 0, 0, 0, 0, 0, 0]
client-13  | 2024-05-27 14:56:28,601 sweet-malkoha INFO: Sending result 59
server-1   | 2024-05-27 14:56:28,602 server INFO: Received WURF from sweet-malkoha with value 59 at [63,0,0,0,0,0,0,9,0,0,3,0,0,0,0,0,0,0,0,5,0,0,0,0,0,0,0,0,0,0,0,0,0,0,0,0,0,0,0,0,0,0,0,0,0,0,0,0,0,0,0,]
server-1   | 2024-05-27 14:56:28,602 server INFO: Reject WURF from sweet-malkoha because it doe not depend on last start time [64, 0, 0, 0, 0, 0, 0, 0, 0, 0, 3, 0, 0, 0, 0, 0, 0, 0, 7, 5, 0, 0, 0, 0, 0, 0, 0, 0, 0, 0, 0, 0, 0, 0, 0, 0, 0, 0, 0, 0, 0, 0, 0, 0, 0, 0, 0, 0, 0, 0, 0]
server-1   | 2024-05-27 14:56:28,837 server INFO: Received WURF from stimulating-capybara with value 41 at [63,0,0,0,0,0,0,0,0,0,3,0,0,0,0,0,0,0,0,5,0,0,0,0,0,0,0,0,0,0,0,0,0,0,0,0,0,0,0,0,7,0,0,0,0,0,0,0,0,0,0,]
client-48  | 2024-05-27 14:56:28,836 stimulating-capybara INFO: Sending result 41
server-1   | 2024-05-27 14:56:28,837 server INFO: Reject WURF from stimulating-capybara because it doe not depend on last start time [64, 0, 0, 0, 0, 0, 0, 0, 0, 0, 3, 0, 0, 0, 0, 0, 0, 0, 7, 5, 0, 0, 0, 0, 0, 0, 0, 0, 0, 0, 0, 0, 0, 0, 0, 0, 0, 0, 0, 0, 0, 0, 0, 0, 0, 0, 0, 0, 0, 0, 0]
client-11  | 2024-05-27 14:56:28,952 tireless-tapir INFO: Sending result 56
server-1   | 2024-05-27 14:56:28,952 server INFO: Received WURF from tireless-tapir with value 56 at [59,0,0,0,0,0,0,0,0,0,3,0,0,0,0,0,0,0,0,0,7,0,0,0,0,0,0,0,0,0,0,0,0,0,0,0,0,0,0,0,0,0,0,0,0,0,0,0,0,0,0,]
server-1   | 2024-05-27 14:56:28,953 server INFO: Reject WURF from tireless-tapir because it doe not depend on last start time [64, 0, 0, 0, 0, 0, 0, 0, 0, 0, 3, 0, 0, 0, 0, 0, 0, 0, 7, 5, 0, 0, 0, 0, 0, 0, 0, 0, 0, 0, 0, 0, 0, 0, 0, 0, 0, 0, 0, 0, 0, 0, 0, 0, 0, 0, 0, 0, 0, 0, 0]
server-1   | 2024-05-27 14:56:29,160 server INFO: Received WURF from hissing-scorpion with value 93 at [59,0,0,0,0,0,0,0,0,0,3,0,0,0,0,0,0,0,0,0,0,0,0,0,0,0,0,0,0,0,0,0,0,0,0,0,0,0,0,0,0,5,0,0,0,0,0,0,0,0,0,]
client-38  | 2024-05-27 14:56:29,159 hissing-scorpion INFO: Sending result 93
server-1   | 2024-05-27 14:56:29,160 server INFO: Reject WURF from hissing-scorpion because it doe not depend on last start time [64, 0, 0, 0, 0, 0, 0, 0, 0, 0, 3, 0, 0, 0, 0, 0, 0, 0, 7, 5, 0, 0, 0, 0, 0, 0, 0, 0, 0, 0, 0, 0, 0, 0, 0, 0, 0, 0, 0, 0, 0, 0, 0, 0, 0, 0, 0, 0, 0, 0, 0]
client-50  | 2024-05-27 14:56:29,357 dashing-swan INFO: Sending result 49
server-1   | 2024-05-27 14:56:29,358 server INFO: Received WURF from dashing-swan with value 49 at [59,0,0,0,0,0,0,0,0,0,3,0,0,0,0,0,0,0,0,0,0,0,0,0,0,0,0,0,0,0,0,0,0,0,0,0,0,0,0,0,0,0,0,5,0,0,0,0,0,0,0,]
server-1   | 2024-05-27 14:56:29,358 server INFO: Reject WURF from dashing-swan because it doe not depend on last start time [64, 0, 0, 0, 0, 0, 0, 0, 0, 0, 3, 0, 0, 0, 0, 0, 0, 0, 7, 5, 0, 0, 0, 0, 0, 0, 0, 0, 0, 0, 0, 0, 0, 0, 0, 0, 0, 0, 0, 0, 0, 0, 0, 0, 0, 0, 0, 0, 0, 0, 0]
client-22  | 2024-05-27 14:56:29,361 cuddly-smilodon INFO: Sending result 75
server-1   | 2024-05-27 14:56:29,362 server INFO: Received WURF from cuddly-smilodon with value 75 at [59,0,0,0,0,0,0,0,0,0,3,0,0,0,0,0,0,0,0,0,0,0,0,0,0,0,0,0,0,0,0,0,0,0,0,0,0,0,0,0,0,0,0,0,0,3,0,0,0,0,0,]
server-1   | 2024-05-27 14:56:29,362 server INFO: Reject WURF from cuddly-smilodon because it doe not depend on last start time [64, 0, 0, 0, 0, 0, 0, 0, 0, 0, 3, 0, 0, 0, 0, 0, 0, 0, 7, 5, 0, 0, 0, 0, 0, 0, 0, 0, 0, 0, 0, 0, 0, 0, 0, 0, 0, 0, 0, 0, 0, 0, 0, 0, 0, 0, 0, 0, 0, 0, 0]
client-30  | 2024-05-27 14:56:29,679 resilient-coua INFO: Sending result 25
server-1   | 2024-05-27 14:56:29,680 server INFO: Received WURF from resilient-coua with value 25 at [59,0,0,0,0,0,0,0,0,0,3,0,0,0,0,0,0,5,0,0,0,0,0,0,0,0,0,0,0,0,0,0,0,0,0,0,0,0,0,0,0,0,0,0,0,0,0,0,0,0,0,]
server-1   | 2024-05-27 14:56:29,680 server INFO: Reject WURF from resilient-coua because it doe not depend on last start time [64, 0, 0, 0, 0, 0, 0, 0, 0, 0, 3, 0, 0, 0, 0, 0, 0, 0, 7, 5, 0, 0, 0, 0, 0, 0, 0, 0, 0, 0, 0, 0, 0, 0, 0, 0, 0, 0, 0, 0, 0, 0, 0, 0, 0, 0, 0, 0, 0, 0, 0]
client-46  | 2024-05-27 14:56:29,754 brainy-basilisk INFO: Sending result 85
server-1   | 2024-05-27 14:56:29,755 server INFO: Received WURF from brainy-basilisk with value 85 at [59,0,0,0,0,0,0,0,0,0,3,0,0,0,0,0,0,0,0,0,0,0,0,0,5,0,0,0,0,0,0,0,0,0,0,0,0,0,0,0,0,0,0,0,0,0,0,0,0,0,0,]
server-1   | 2024-05-27 14:56:29,755 server INFO: Reject WURF from brainy-basilisk because it doe not depend on last start time [64, 0, 0, 0, 0, 0, 0, 0, 0, 0, 3, 0, 0, 0, 0, 0, 0, 0, 7, 5, 0, 0, 0, 0, 0, 0, 0, 0, 0, 0, 0, 0, 0, 0, 0, 0, 0, 0, 0, 0, 0, 0, 0, 0, 0, 0, 0, 0, 0, 0, 0]
server-1   | 2024-05-27 14:56:30,223 server INFO: Received WURF from fast-gibbon with value 38 at [59,0,0,0,0,7,0,0,0,0,3,0,0,0,0,0,0,0,0,0,0,0,0,0,0,0,0,0,0,0,0,0,0,0,0,0,0,0,0,0,0,0,0,0,0,0,0,0,0,0,0,]
server-1   | 2024-05-27 14:56:30,223 server INFO: Reject WURF from fast-gibbon because it doe not depend on last start time [64, 0, 0, 0, 0, 0, 0, 0, 0, 0, 3, 0, 0, 0, 0, 0, 0, 0, 7, 5, 0, 0, 0, 0, 0, 0, 0, 0, 0, 0, 0, 0, 0, 0, 0, 0, 0, 0, 0, 0, 0, 0, 0, 0, 0, 0, 0, 0, 0, 0, 0]
client-43  | 2024-05-27 14:56:30,222 fast-gibbon INFO: Sending result 38
client-24  | 2024-05-27 14:56:30,690 merry-woodlouse INFO: Sending result 74
server-1   | 2024-05-27 14:56:30,691 server INFO: Received WURF from merry-woodlouse with value 74 at [63,0,0,0,0,0,0,0,0,0,3,0,0,0,0,0,0,0,0,5,0,0,0,0,0,0,0,0,0,0,0,0,0,0,0,0,0,0,0,0,0,0,0,0,0,0,5,0,0,0,0,]
server-1   | 2024-05-27 14:56:30,691 server INFO: Reject WURF from merry-woodlouse because it doe not depend on last start time [64, 0, 0, 0, 0, 0, 0, 0, 0, 0, 3, 0, 0, 0, 0, 0, 0, 0, 7, 5, 0, 0, 0, 0, 0, 0, 0, 0, 0, 0, 0, 0, 0, 0, 0, 0, 0, 0, 0, 0, 0, 0, 0, 0, 0, 0, 0, 0, 0, 0, 0]
client-8   | 2024-05-27 14:56:30,720 onyx-earthworm INFO: Sending result 46
server-1   | 2024-05-27 14:56:30,720 server INFO: Received WURF from onyx-earthworm with value 46 at [63,0,7,0,0,0,0,0,0,0,3,0,0,0,0,0,0,0,0,5,0,0,0,0,0,0,0,0,0,0,0,0,0,0,0,0,0,0,0,0,0,0,0,0,0,0,0,0,0,0,0,]
server-1   | 2024-05-27 14:56:30,721 server INFO: Reject WURF from onyx-earthworm because it doe not depend on last start time [64, 0, 0, 0, 0, 0, 0, 0, 0, 0, 3, 0, 0, 0, 0, 0, 0, 0, 7, 5, 0, 0, 0, 0, 0, 0, 0, 0, 0, 0, 0, 0, 0, 0, 0, 0, 0, 0, 0, 0, 0, 0, 0, 0, 0, 0, 0, 0, 0, 0, 0]
client-1   | 2024-05-27 14:56:30,812 brave-cougar INFO: Sending result 3
server-1   | 2024-05-27 14:56:30,813 server INFO: Received WURF from brave-cougar with value 3 at [63,0,0,0,0,0,0,0,0,0,3,0,0,0,0,0,0,0,0,5,0,0,9,0,0,0,0,0,0,0,0,0,0,0,0,0,0,0,0,0,0,0,0,0,0,0,0,0,0,0,0,]
server-1   | 2024-05-27 14:56:30,813 server INFO: Reject WURF from brave-cougar because it doe not depend on last start time [64, 0, 0, 0, 0, 0, 0, 0, 0, 0, 3, 0, 0, 0, 0, 0, 0, 0, 7, 5, 0, 0, 0, 0, 0, 0, 0, 0, 0, 0, 0, 0, 0, 0, 0, 0, 0, 0, 0, 0, 0, 0, 0, 0, 0, 0, 0, 0, 0, 0, 0]
server-1   | 2024-05-27 14:56:31,420 server INFO: Received WURF from beneficial-uakari with value 52 at [63,0,0,0,0,0,0,0,0,0,3,0,0,0,0,0,7,0,0,5,0,0,0,0,0,0,0,0,0,0,0,0,0,0,0,0,0,0,0,0,0,0,0,0,0,0,0,0,0,0,0,]
server-1   | 2024-05-27 14:56:31,420 server INFO: Reject WURF from beneficial-uakari because it doe not depend on last start time [64, 0, 0, 0, 0, 0, 0, 0, 0, 0, 3, 0, 0, 0, 0, 0, 0, 0, 7, 5, 0, 0, 0, 0, 0, 0, 0, 0, 0, 0, 0, 0, 0, 0, 0, 0, 0, 0, 0, 0, 0, 0, 0, 0, 0, 0, 0, 0, 0, 0, 0]
client-35  | 2024-05-27 14:56:31,390 beneficial-uakari INFO: Sending result 52
server-1   | 2024-05-27 14:56:31,513 server INFO: Sending STOP
server-1   | 2024-05-27 14:56:31,518 server INFO: Client 'delicate-turtle' won with the value 9
client-6   | 2024-05-27 14:56:31,525 perfect-worm INFO: Sending result 85
server-1   | 2024-05-27 14:56:31,526 server INFO: Received WURF from perfect-worm with value 85 at [63,0,0,0,0,0,7,0,0,0,3,0,0,0,0,0,0,0,0,5,0,0,0,0,0,0,0,0,0,0,0,0,0,0,0,0,0,0,0,0,0,0,0,0,0,0,0,0,0,0,0,]
server-1   | 2024-05-27 14:56:31,526 server INFO: Reject WURF from perfect-worm because it doe not depend on last start time [66, 0, 0, 0, 0, 0, 0, 0, 0, 0, 3, 0, 0, 0, 0, 0, 0, 0, 7, 5, 0, 0, 0, 0, 0, 0, 0, 0, 0, 0, 0, 0, 0, 0, 0, 0, 0, 0, 0, 0, 0, 0, 0, 0, 0, 0, 0, 0, 0, 0, 0]
client-6   | 2024-05-27 14:56:31,525 perfect-worm INFO: Sending result 85
client-15  | 2024-05-27 14:56:31,696 hot-sunfish INFO: Sending result 74
server-1   | 2024-05-27 14:56:31,699 server INFO: Received WURF from hot-sunfish with value 74 at [63,0,0,0,0,0,0,0,0,0,3,0,0,0,0,0,0,0,0,5,0,0,0,0,0,0,0,0,0,0,0,0,0,0,0,0,0,0,0,0,0,0,5,0,0,0,0,0,0,0,0,]
server-1   | 2024-05-27 14:56:31,700 server INFO: Reject WURF from hot-sunfish because it doe not depend on last start time [66, 0, 0, 0, 0, 0, 0, 0, 0, 0, 3, 0, 0, 0, 0, 0, 0, 0, 7, 5, 0, 0, 0, 0, 0, 0, 0, 0, 0, 0, 0, 0, 0, 0, 0, 0, 0, 0, 0, 0, 0, 0, 0, 0, 0, 0, 0, 0, 0, 0, 0]
server-1   | 2024-05-27 14:56:31,983 server INFO: Received WURF from stereotyped-sparrow with value 55 at [63,0,0,0,0,0,0,0,0,0,3,0,0,0,0,0,0,0,0,5,0,0,0,0,0,0,0,0,0,0,0,0,0,0,0,0,0,7,0,0,0,0,0,0,0,0,0,0,0,0,0,]
server-1   | 2024-05-27 14:56:31,983 server INFO: Reject WURF from stereotyped-sparrow because it doe not depend on last start time [66, 0, 0, 0, 0, 0, 0, 0, 0, 0, 3, 0, 0, 0, 0, 0, 0, 0, 7, 5, 0, 0, 0, 0, 0, 0, 0, 0, 0, 0, 0, 0, 0, 0, 0, 0, 0, 0, 0, 0, 0, 0, 0, 0, 0, 0, 0, 0, 0, 0, 0]
client-28  | 2024-05-27 14:56:31,982 stereotyped-sparrow INFO: Sending result 55
client-15  | 2024-05-27 14:56:32,521 hot-sunfish INFO: Received START command at [67,0,0,0,0,0,0,0,0,0,3,0,0,0,0,0,0,0,7,5,0,0,0,0,0,0,0,0,0,0,0,0,0,0,0,0,0,0,0,0,0,0,0,0,0,0,0,0,0,0,0,].
client-15  | 2024-05-27 14:56:32,521 hot-sunfish INFO: Waiting 5.117604343471781s to send result 32.
server-1   | 2024-05-27 14:56:32,520 server INFO: Sending START (50 clients)
client-20  | 2024-05-27 14:56:32,521 nifty-hedgehog INFO: Received START command at [67,0,0,0,0,0,0,0,0,0,3,0,0,0,0,0,0,0,7,5,0,0,0,0,0,0,0,0,0,0,0,0,0,0,0,0,0,0,0,0,0,0,0,0,0,0,0,0,0,0,0,].
client-1   | 2024-05-27 14:56:32,521 brave-cougar INFO: Received START command at [67,0,0,0,0,0,0,0,0,0,3,0,0,0,0,0,0,0,7,5,0,0,0,0,0,0,0,0,0,0,0,0,0,0,0,0,0,0,0,0,0,0,0,0,0,0,0,0,0,0,0,].
client-46  | 2024-05-27 14:56:32,521 brainy-basilisk INFO: Received START command at [67,0,0,0,0,0,0,0,0,0,3,0,0,0,0,0,0,0,7,5,0,0,0,0,0,0,0,0,0,0,0,0,0,0,0,0,0,0,0,0,0,0,0,0,0,0,0,0,0,0,0,].
client-1   | 2024-05-27 14:56:32,522 brave-cougar INFO: Waiting 3.557526767758744s to send result 43.
client-43  | 2024-05-27 14:56:32,521 fast-gibbon INFO: Received START command at [67,0,0,0,0,0,0,0,0,0,3,0,0,0,0,0,0,0,7,5,0,0,0,0,0,0,0,0,0,0,0,0,0,0,0,0,0,0,0,0,0,0,0,0,0,0,0,0,0,0,0,].
client-43  | 2024-05-27 14:56:32,522 fast-gibbon INFO: Waiting 1.1276160834749893s to send result 52.
client-46  | 2024-05-27 14:56:32,522 brainy-basilisk INFO: Waiting 2.8865920056553787s to send result 26.
client-36  | 2024-05-27 14:56:32,523 skilled-newt INFO: Received START command at [67,0,0,0,0,0,0,0,0,0,3,0,0,0,0,0,0,0,7,5,0,0,0,0,0,0,0,0,0,0,0,0,0,0,0,0,0,0,0,0,0,0,0,0,0,0,0,0,0,0,0,].
client-36  | 2024-05-27 14:56:32,523 skilled-newt INFO: Waiting 8.157329032458406s to send result 34.
client-20  | 2024-05-27 14:56:32,521 nifty-hedgehog INFO: Waiting 2.0544194545966032s to send result 43.
client-8   | 2024-05-27 14:56:32,526 onyx-earthworm INFO: Received START command at [67,0,0,0,0,0,0,0,0,0,3,0,0,0,0,0,0,0,7,5,0,0,0,0,0,0,0,0,0,0,0,0,0,0,0,0,0,0,0,0,0,0,0,0,0,0,0,0,0,0,0,].
client-8   | 2024-05-27 14:56:32,526 onyx-earthworm INFO: Waiting 8.563289225400107s to send result 18.
client-6   | 2024-05-27 14:56:32,525 perfect-worm INFO: Received START command at [67,0,0,0,0,0,0,0,0,0,3,0,0,0,0,0,0,0,7,5,0,0,0,0,0,0,0,0,0,0,0,0,0,0,0,0,0,0,0,0,0,0,0,0,0,0,0,0,0,0,0,].
client-6   | 2024-05-27 14:56:32,526 perfect-worm INFO: Waiting 2.0755001100756387s to send result 30.
client-28  | 2024-05-27 14:56:32,525 stereotyped-sparrow INFO: Received START command at [67,0,0,0,0,0,0,0,0,0,3,0,0,0,0,0,0,0,7,5,0,0,0,0,0,0,0,0,0,0,0,0,0,0,0,0,0,0,0,0,0,0,0,0,0,0,0,0,0,0,0,].
client-28  | 2024-05-27 14:56:32,526 stereotyped-sparrow INFO: Waiting 2.778857861968884s to send result 85.
client-30  | 2024-05-27 14:56:32,526 resilient-coua INFO: Received START command at [67,0,0,0,0,0,0,0,0,0,3,0,0,0,0,0,0,0,7,5,0,0,0,0,0,0,0,0,0,0,0,0,0,0,0,0,0,0,0,0,0,0,0,0,0,0,0,0,0,0,0,].
client-30  | 2024-05-27 14:56:32,526 resilient-coua INFO: Waiting 6.98149380682753s to send result 15.
client-2   | 2024-05-27 14:56:32,526 adventurous-goat INFO: Received START command at [67,0,0,0,0,0,0,0,0,0,3,0,0,0,0,0,0,0,7,5,0,0,0,0,0,0,0,0,0,0,0,0,0,0,0,0,0,0,0,0,0,0,0,0,0,0,0,0,0,0,0,].
client-13  | 2024-05-27 14:56:32,527 sweet-malkoha INFO: Received START command at [67,0,0,0,0,0,0,0,0,0,3,0,0,0,0,0,0,0,7,5,0,0,0,0,0,0,0,0,0,0,0,0,0,0,0,0,0,0,0,0,0,0,0,0,0,0,0,0,0,0,0,].
client-45  | 2024-05-27 14:56:32,526 stimulating-beetle INFO: Received START command at [67,0,0,0,0,0,0,0,0,0,3,0,0,0,0,0,0,0,7,5,0,0,0,0,0,0,0,0,0,0,0,0,0,0,0,0,0,0,0,0,0,0,0,0,0,0,0,0,0,0,0,].
client-45  | 2024-05-27 14:56:32,526 stimulating-beetle INFO: Waiting 1.3590755924863551s to send result 97.
client-41  | 2024-05-27 14:56:32,528 omniscient-fulmar INFO: Received START command at [67,0,0,0,0,0,0,0,0,0,3,0,0,0,0,0,0,0,7,5,0,0,0,0,0,0,0,0,0,0,0,0,0,0,0,0,0,0,0,0,0,0,0,0,0,0,0,0,0,0,0,].
client-24  | 2024-05-27 14:56:32,524 merry-woodlouse INFO: Received START command at [67,0,0,0,0,0,0,0,0,0,3,0,0,0,0,0,0,0,7,5,0,0,0,0,0,0,0,0,0,0,0,0,0,0,0,0,0,0,0,0,0,0,0,0,0,0,0,0,0,0,0,].
client-24  | 2024-05-27 14:56:32,524 merry-woodlouse INFO: Waiting 4.026780337276654s to send result 100.
client-38  | 2024-05-27 14:56:32,528 hissing-scorpion INFO: Received START command at [67,0,0,0,0,0,0,0,0,0,3,0,0,0,0,0,0,0,7,5,0,0,0,0,0,0,0,0,0,0,0,0,0,0,0,0,0,0,0,0,0,0,0,0,0,0,0,0,0,0,0,].
client-38  | 2024-05-27 14:56:32,529 hissing-scorpion INFO: Waiting 5.578268577279385s to send result 52.
client-27  | 2024-05-27 14:56:32,526 rugged-weasel INFO: Received START command at [67,0,0,0,0,0,0,0,0,0,3,0,0,0,0,0,0,0,7,5,0,0,0,0,0,0,0,0,0,0,0,0,0,0,0,0,0,0,0,0,0,0,0,0,0,0,0,0,0,0,0,].
client-27  | 2024-05-27 14:56:32,527 rugged-weasel INFO: Waiting 6.33848048808379s to send result 89.
client-50  | 2024-05-27 14:56:32,527 dashing-swan INFO: Received START command at [67,0,0,0,0,0,0,0,0,0,3,0,0,0,0,0,0,0,7,5,0,0,0,0,0,0,0,0,0,0,0,0,0,0,0,0,0,0,0,0,0,0,0,0,0,0,0,0,0,0,0,].
client-50  | 2024-05-27 14:56:32,527 dashing-swan INFO: Waiting 6.8963174296498595s to send result 11.
client-14  | 2024-05-27 14:56:32,528 resourceful-degu INFO: Received START command at [67,0,0,0,0,0,0,0,0,0,3,0,0,0,0,0,0,0,7,5,0,0,0,0,0,0,0,0,0,0,0,0,0,0,0,0,0,0,0,0,0,0,0,0,0,0,0,0,0,0,0,].
client-14  | 2024-05-27 14:56:32,529 resourceful-degu INFO: Waiting 1.4699893157409394s to send result 100.
client-13  | 2024-05-27 14:56:32,531 sweet-malkoha INFO: Waiting 9.14451151738238s to send result 12.
client-47  | 2024-05-27 14:56:32,524 devout-moose INFO: Received START command at [67,0,0,0,0,0,0,0,0,0,3,0,0,0,0,0,0,0,7,5,0,0,0,0,0,0,0,0,0,0,0,0,0,0,0,0,0,0,0,0,0,0,0,0,0,0,0,0,0,0,0,].
client-47  | 2024-05-27 14:56:32,528 devout-moose INFO: Waiting 2.7851460274976194s to send result 94.
client-11  | 2024-05-27 14:56:32,525 tireless-tapir INFO: Received START command at [67,0,0,0,0,0,0,0,0,0,3,0,0,0,0,0,0,0,7,5,0,0,0,0,0,0,0,0,0,0,0,0,0,0,0,0,0,0,0,0,0,0,0,0,0,0,0,0,0,0,0,].
client-11  | 2024-05-27 14:56:32,525 tireless-tapir INFO: Waiting 3.382313194308344s to send result 69.
client-39  | 2024-05-27 14:56:32,527 shapeless-bumblebee INFO: Received START command at [67,0,0,0,0,0,0,0,0,0,3,0,0,0,0,0,0,0,7,5,0,0,0,0,0,0,0,0,0,0,0,0,0,0,0,0,0,0,0,0,0,0,0,0,0,0,0,0,0,0,0,].
client-39  | 2024-05-27 14:56:32,530 shapeless-bumblebee INFO: Waiting 6.057470073468848s to send result 72.
client-40  | 2024-05-27 14:56:32,528 enchanted-kittiwake INFO: Received START command at [67,0,0,0,0,0,0,0,0,0,3,0,0,0,0,0,0,0,7,5,0,0,0,0,0,0,0,0,0,0,0,0,0,0,0,0,0,0,0,0,0,0,0,0,0,0,0,0,0,0,0,].
client-40  | 2024-05-27 14:56:32,528 enchanted-kittiwake INFO: Waiting 9.334654879294973s to send result 31.
client-17  | 2024-05-27 14:56:32,525 spiked-urchin INFO: Received START command at [67,0,0,0,0,0,0,0,0,0,3,0,0,0,0,0,0,0,7,5,0,0,0,0,0,0,0,0,0,0,0,0,0,0,0,0,0,0,0,0,0,0,0,0,0,0,0,0,0,0,0,].
client-33  | 2024-05-27 14:56:32,528 delicate-turtle INFO: Received START command at [67,0,0,0,0,0,0,0,0,0,3,0,0,0,0,0,0,0,7,5,0,0,0,0,0,0,0,0,0,0,0,0,0,0,0,0,0,0,0,0,0,0,0,0,0,0,0,0,0,0,0,].
client-33  | 2024-05-27 14:56:32,528 delicate-turtle INFO: Waiting 5.72322934948835s to send result 78.
client-6   | 2024-05-27 14:56:32,525 perfect-worm INFO: Received START command at [67,0,0,0,0,0,0,0,0,0,3,0,0,0,0,0,0,0,7,5,0,0,0,0,0,0,0,0,0,0,0,0,0,0,0,0,0,0,0,0,0,0,0,0,0,0,0,0,0,0,0,].
client-6   | 2024-05-27 14:56:32,526 perfect-worm INFO: Waiting 2.0755001100756387s to send result 30.
client-22  | 2024-05-27 14:56:32,523 cuddly-smilodon INFO: Received START command at [67,0,0,0,0,0,0,0,0,0,3,0,0,0,0,0,0,0,7,5,0,0,0,0,0,0,0,0,0,0,0,0,0,0,0,0,0,0,0,0,0,0,0,0,0,0,0,0,0,0,0,].
client-22  | 2024-05-27 14:56:32,523 cuddly-smilodon INFO: Waiting 1.478233160079102s to send result 58.
client-35  | 2024-05-27 14:56:32,529 beneficial-uakari INFO: Received START command at [67,0,0,0,0,0,0,0,0,0,3,0,0,0,0,0,0,0,7,5,0,0,0,0,0,0,0,0,0,0,0,0,0,0,0,0,0,0,0,0,0,0,0,0,0,0,0,0,0,0,0,].
client-35  | 2024-05-27 14:56:32,530 beneficial-uakari INFO: Waiting 7.1391662612665465s to send result 53.
client-10  | 2024-05-27 14:56:32,530 complex-emu INFO: Received START command at [67,0,0,0,0,0,0,0,0,0,3,0,0,0,0,0,0,0,7,5,0,0,0,0,0,0,0,0,0,0,0,0,0,0,0,0,0,0,0,0,0,0,0,0,0,0,0,0,0,0,0,].
client-2   | 2024-05-27 14:56:32,529 adventurous-goat INFO: Waiting 9.797122521308438s to send result 48.
client-19  | 2024-05-27 14:56:32,522 tested-turkey INFO: Received START command at [67,0,0,0,0,0,0,0,0,0,3,0,0,0,0,0,0,0,7,5,0,0,0,0,0,0,0,0,0,0,0,0,0,0,0,0,0,0,0,0,0,0,0,0,0,0,0,0,0,0,0,].
client-19  | 2024-05-27 14:56:32,523 tested-turkey INFO: Waiting 1.742076549296817s to send result 65.
client-32  | 2024-05-27 14:56:32,530 sceptical-cuttlefish INFO: Received START command at [67,0,0,0,0,0,0,0,0,0,3,0,0,0,0,0,0,0,7,5,0,0,0,0,0,0,0,0,0,0,0,0,0,0,0,0,0,0,0,0,0,0,0,0,0,0,0,0,0,0,0,].
client-32  | 2024-05-27 14:56:32,530 sceptical-cuttlefish INFO: Waiting 7.619871623331498s to send result 97.
client-12  | 2024-05-27 14:56:32,526 winged-starfish INFO: Received START command at [67,0,0,0,0,0,0,0,0,0,3,0,0,0,0,0,0,0,7,5,0,0,0,0,0,0,0,0,0,0,0,0,0,0,0,0,0,0,0,0,0,0,0,0,0,0,0,0,0,0,0,].
client-12  | 2024-05-27 14:56:32,530 winged-starfish INFO: Waiting 8.39152889633298s to send result 4.
client-41  | 2024-05-27 14:56:32,530 omniscient-fulmar INFO: Waiting 1.199363802614578s to send result 23.
client-26  | 2024-05-27 14:56:32,524 whimsical-marmot INFO: Received START command at [67,0,0,0,0,0,0,0,0,0,3,0,0,0,0,0,0,0,7,5,0,0,0,0,0,0,0,0,0,0,0,0,0,0,0,0,0,0,0,0,0,0,0,0,0,0,0,0,0,0,0,].
client-26  | 2024-05-27 14:56:32,524 whimsical-marmot INFO: Waiting 0.8471344267234049s to send result 88.
client-48  | 2024-05-27 14:56:32,531 stimulating-capybara INFO: Received START command at [67,0,0,0,0,0,0,0,0,0,3,0,0,0,0,0,0,0,7,5,0,0,0,0,0,0,0,0,0,0,0,0,0,0,0,0,0,0,0,0,0,0,0,0,0,0,0,0,0,0,0,].
client-48  | 2024-05-27 14:56:32,532 stimulating-capybara INFO: Waiting 2.106200127079374s to send result 29.
client-17  | 2024-05-27 14:56:32,531 spiked-urchin INFO: Waiting 9.075633600611502s to send result 11.
client-16  | 2024-05-27 14:56:32,528 messy-wapiti INFO: Received START command at [67,0,0,0,0,0,0,0,0,0,3,0,0,0,0,0,0,0,7,5,0,0,0,0,0,0,0,0,0,0,0,0,0,0,0,0,0,0,0,0,0,0,0,0,0,0,0,0,0,0,0,].
client-16  | 2024-05-27 14:56:32,531 messy-wapiti INFO: Waiting 6.143988982062786s to send result 48.
client-10  | 2024-05-27 14:56:32,532 complex-emu INFO: Waiting 0.6416118791474379s to send result 83.
client-7   | 2024-05-27 14:56:33,088 papaya-carp INFO: Sending result 51
server-1   | 2024-05-27 14:56:33,089 server INFO: Received WURF from papaya-carp with value 51 at [63,0,0,0,0,0,0,0,0,0,3,0,0,0,0,0,0,0,0,5,0,0,0,0,0,0,5,0,0,0,0,0,0,0,0,0,0,0,0,0,0,0,0,0,0,0,0,0,0,0,0,]
server-1   | 2024-05-27 14:56:33,089 server INFO: Reject WURF from papaya-carp because it doe not depend on last start time [67, 0, 0, 0, 0, 0, 0, 0, 0, 0, 3, 0, 0, 0, 0, 0, 0, 0, 7, 5, 0, 0, 0, 0, 0, 0, 0, 0, 0, 0, 0, 0, 0, 0, 0, 0, 0, 0, 0, 0, 0, 0, 0, 0, 0, 0, 0, 0, 0, 0, 0]
client-29  | 2024-05-27 14:56:33,117 charcoal-markhor INFO: Sending result 5
server-1   | 2024-05-27 14:56:33,118 server INFO: Received WURF from charcoal-markhor with value 5 at [63,0,0,0,0,0,0,0,0,0,3,0,0,0,7,0,0,0,0,5,0,0,0,0,0,0,0,0,0,0,0,0,0,0,0,0,0,0,0,0,0,0,0,0,0,0,0,0,0,0,0,]
server-1   | 2024-05-27 14:56:33,118 server INFO: Reject WURF from charcoal-markhor because it doe not depend on last start time [67, 0, 0, 0, 0, 0, 0, 0, 0, 0, 3, 0, 0, 0, 0, 0, 0, 0, 7, 5, 0, 0, 0, 0, 0, 0, 0, 0, 0, 0, 0, 0, 0, 0, 0, 0, 0, 0, 0, 0, 0, 0, 0, 0, 0, 0, 0, 0, 0, 0, 0]
client-10  | 2024-05-27 14:56:33,175 complex-emu INFO: Sending result 83
server-1   | 2024-05-27 14:56:33,175 server INFO: Received WURF from complex-emu with value 83 at [67,0,0,0,0,0,0,0,0,0,3,0,0,0,0,0,0,0,7,5,0,0,0,7,0,0,0,0,0,0,0,0,0,0,0,0,0,0,0,0,0,0,0,0,0,0,0,0,0,0,0,]
server-1   | 2024-05-27 14:56:33,176 server INFO: Accepted WURF from complex-emu because it depends on last start time [67, 0, 0, 0, 0, 0, 0, 0, 0, 0, 3, 0, 0, 0, 0, 0, 0, 0, 7, 5, 0, 0, 0, 0, 0, 0, 0, 0, 0, 0, 0, 0, 0, 0, 0, 0, 0, 0, 0, 0, 0, 0, 0, 0, 0, 0, 0, 0, 0, 0, 0]
client-42  | 2024-05-27 14:56:33,360 white-goat INFO: Sending result 99
server-1   | 2024-05-27 14:56:33,360 server INFO: Received WURF from white-goat with value 99 at [63,0,0,0,0,0,0,0,0,0,3,0,0,0,0,0,0,0,0,5,0,0,0,0,0,0,0,0,0,0,0,7,0,0,0,0,0,0,0,0,0,0,0,0,0,0,0,0,0,0,0,]
server-1   | 2024-05-27 14:56:33,360 server INFO: Reject WURF from white-goat because it doe not depend on last start time [68, 0, 0, 0, 0, 0, 0, 0, 0, 0, 3, 0, 0, 0, 0, 0, 0, 0, 7, 5, 0, 0, 0, 7, 0, 0, 0, 0, 0, 0, 0, 0, 0, 0, 0, 0, 0, 0, 0, 0, 0, 0, 0, 0, 0, 0, 0, 0, 0, 0, 0]
client-26  | 2024-05-27 14:56:33,374 whimsical-marmot INFO: Sending result 88
server-1   | 2024-05-27 14:56:33,375 server INFO: Received WURF from whimsical-marmot with value 88 at [67,0,0,0,0,0,0,0,0,0,3,0,0,0,0,0,0,0,7,5,0,0,0,0,0,0,0,0,0,0,0,0,0,0,0,0,0,0,7,0,0,0,0,0,0,0,0,0,0,0,0,]
server-1   | 2024-05-27 14:56:33,375 server INFO: Reject WURF from whimsical-marmot because it doe not depend on last start time [68, 0, 0, 0, 0, 0, 0, 0, 0, 0, 3, 0, 0, 0, 0, 0, 0, 0, 7, 5, 0, 0, 0, 7, 0, 0, 0, 0, 0, 0, 0, 0, 0, 0, 0, 0, 0, 0, 0, 0, 0, 0, 0, 0, 0, 0, 0, 0, 0, 0, 0]
client-49  | 2024-05-27 14:56:33,414 zircon-ape INFO: Sending result 63
server-1   | 2024-05-27 14:56:33,415 server INFO: Received WURF from zircon-ape with value 63 at [63,0,0,0,0,0,0,0,0,0,3,0,0,0,0,0,0,0,0,5,0,0,0,0,0,0,0,0,0,0,0,0,0,0,0,0,0,0,0,5,0,0,0,0,0,0,0,0,0,0,0,]
server-1   | 2024-05-27 14:56:33,415 server INFO: Reject WURF from zircon-ape because it doe not depend on last start time [68, 0, 0, 0, 0, 0, 0, 0, 0, 0, 3, 0, 0, 0, 0, 0, 0, 0, 7, 5, 0, 0, 0, 7, 0, 0, 0, 0, 0, 0, 0, 0, 0, 0, 0, 0, 0, 0, 0, 0, 0, 0, 0, 0, 0, 0, 0, 0, 0, 0, 0]
client-34  | 2024-05-27 14:56:33,636 shapeless-partridge INFO: Sending result 65
server-1   | 2024-05-27 14:56:33,637 server INFO: Received WURF from shapeless-partridge with value 65 at [63,0,0,0,0,0,0,0,0,0,3,0,0,0,0,0,0,0,0,5,0,0,0,0,0,0,0,0,0,7,0,0,0,0,0,0,0,0,0,0,0,0,0,0,0,0,0,0,0,0,0,]
server-1   | 2024-05-27 14:56:33,637 server INFO: Reject WURF from shapeless-partridge because it doe not depend on last start time [68, 0, 0, 0, 0, 0, 0, 0, 0, 0, 3, 0, 0, 0, 0, 0, 0, 0, 7, 5, 0, 0, 0, 7, 0, 0, 0, 0, 0, 0, 0, 0, 0, 0, 0, 0, 0, 0, 0, 0, 0, 0, 0, 0, 0, 0, 0, 0, 0, 0, 0]
client-43  | 2024-05-27 14:56:33,652 fast-gibbon INFO: Sending result 52
server-1   | 2024-05-27 14:56:33,653 server INFO: Received WURF from fast-gibbon with value 52 at [67,0,0,0,0,9,0,0,0,0,3,0,0,0,0,0,0,0,7,5,0,0,0,0,0,0,0,0,0,0,0,0,0,0,0,0,0,0,0,0,0,0,0,0,0,0,0,0,0,0,0,]
server-1   | 2024-05-27 14:56:33,653 server INFO: Reject WURF from fast-gibbon because it doe not depend on last start time [68, 0, 0, 0, 0, 0, 0, 0, 0, 0, 3, 0, 0, 0, 0, 0, 0, 0, 7, 5, 0, 0, 0, 7, 0, 0, 0, 0, 0, 0, 0, 0, 0, 0, 0, 0, 0, 0, 0, 0, 0, 0, 0, 0, 0, 0, 0, 0, 0, 0, 0]
client-41  | 2024-05-27 14:56:33,731 omniscient-fulmar INFO: Sending result 23
server-1   | 2024-05-27 14:56:33,732 server INFO: Received WURF from omniscient-fulmar with value 23 at [67,0,0,0,0,0,0,0,0,0,3,0,0,0,0,0,0,0,7,5,0,0,0,0,0,0,0,0,0,0,0,0,0,0,0,0,0,0,0,0,0,0,0,0,7,0,0,0,0,0,0,]
server-1   | 2024-05-27 14:56:33,732 server INFO: Reject WURF from omniscient-fulmar because it doe not depend on last start time [68, 0, 0, 0, 0, 0, 0, 0, 0, 0, 3, 0, 0, 0, 0, 0, 0, 0, 7, 5, 0, 0, 0, 7, 0, 0, 0, 0, 0, 0, 0, 0, 0, 0, 0, 0, 0, 0, 0, 0, 0, 0, 0, 0, 0, 0, 0, 0, 0, 0, 0]
client-45  | 2024-05-27 14:56:33,888 stimulating-beetle INFO: Sending result 97
server-1   | 2024-05-27 14:56:33,888 server INFO: Received WURF from stimulating-beetle with value 97 at [67,0,0,0,0,0,0,0,0,9,3,0,0,0,0,0,0,0,7,5,0,0,0,0,0,0,0,0,0,0,0,0,0,0,0,0,0,0,0,0,0,0,0,0,0,0,0,0,0,0,0,]
server-1   | 2024-05-27 14:56:33,889 server INFO: Reject WURF from stimulating-beetle because it doe not depend on last start time [68, 0, 0, 0, 0, 0, 0, 0, 0, 0, 3, 0, 0, 0, 0, 0, 0, 0, 7, 5, 0, 0, 0, 7, 0, 0, 0, 0, 0, 0, 0, 0, 0, 0, 0, 0, 0, 0, 0, 0, 0, 0, 0, 0, 0, 0, 0, 0, 0, 0, 0]
client-14  | 2024-05-27 14:56:34,002 resourceful-degu INFO: Sending result 100
server-1   | 2024-05-27 14:56:34,003 server INFO: Received WURF from resourceful-degu with value 100 at [67,0,0,0,0,0,0,0,0,0,3,0,0,0,0,0,0,0,7,5,0,0,0,0,0,0,0,0,0,0,0,0,0,0,0,0,0,0,0,0,0,0,0,0,0,0,0,0,0,7,0,]
server-1   | 2024-05-27 14:56:34,003 server INFO: Reject WURF from resourceful-degu because it doe not depend on last start time [68, 0, 0, 0, 0, 0, 0, 0, 0, 0, 3, 0, 0, 0, 0, 0, 0, 0, 7, 5, 0, 0, 0, 7, 0, 0, 0, 0, 0, 0, 0, 0, 0, 0, 0, 0, 0, 0, 0, 0, 0, 0, 0, 0, 0, 0, 0, 0, 0, 0, 0]
client-22  | 2024-05-27 14:56:34,004 cuddly-smilodon INFO: Sending result 58
server-1   | 2024-05-27 14:56:34,004 server INFO: Received WURF from cuddly-smilodon with value 58 at [67,0,0,0,0,0,0,0,0,0,3,0,0,0,0,0,0,0,7,5,0,0,0,0,0,0,0,0,0,0,0,0,0,0,0,0,0,0,0,0,0,0,0,0,0,5,0,0,0,0,0,]
server-1   | 2024-05-27 14:56:34,005 server INFO: Reject WURF from cuddly-smilodon because it doe not depend on last start time [68, 0, 0, 0, 0, 0, 0, 0, 0, 0, 3, 0, 0, 0, 0, 0, 0, 0, 7, 5, 0, 0, 0, 7, 0, 0, 0, 0, 0, 0, 0, 0, 0, 0, 0, 0, 0, 0, 0, 0, 0, 0, 0, 0, 0, 0, 0, 0, 0, 0, 0]
client-44  | 2024-05-27 14:56:34,242 merciful-ocelot INFO: Sending result 58
server-1   | 2024-05-27 14:56:34,243 server INFO: Received WURF from merciful-ocelot with value 58 at [63,0,0,9,0,0,0,0,0,0,3,0,0,0,0,0,0,0,0,5,0,0,0,0,0,0,0,0,0,0,0,0,0,0,0,0,0,0,0,0,0,0,0,0,0,0,0,0,0,0,0,]
server-1   | 2024-05-27 14:56:34,243 server INFO: Reject WURF from merciful-ocelot because it doe not depend on last start time [68, 0, 0, 0, 0, 0, 0, 0, 0, 0, 3, 0, 0, 0, 0, 0, 0, 0, 7, 5, 0, 0, 0, 7, 0, 0, 0, 0, 0, 0, 0, 0, 0, 0, 0, 0, 0, 0, 0, 0, 0, 0, 0, 0, 0, 0, 0, 0, 0, 0, 0]
client-19  | 2024-05-27 14:56:34,267 tested-turkey INFO: Sending result 65
server-1   | 2024-05-27 14:56:34,268 server INFO: Received WURF from tested-turkey with value 65 at [67,0,0,0,0,0,0,0,0,0,3,0,0,0,0,9,0,0,7,5,0,0,0,0,0,0,0,0,0,0,0,0,0,0,0,0,0,0,0,0,0,0,0,0,0,0,0,0,0,0,0,]
server-1   | 2024-05-27 14:56:34,268 server INFO: Reject WURF from tested-turkey because it doe not depend on last start time [68, 0, 0, 0, 0, 0, 0, 0, 0, 0, 3, 0, 0, 0, 0, 0, 0, 0, 7, 5, 0, 0, 0, 7, 0, 0, 0, 0, 0, 0, 0, 0, 0, 0, 0, 0, 0, 0, 0, 0, 0, 0, 0, 0, 0, 0, 0, 0, 0, 0, 0]
client-23  | 2024-05-27 14:56:34,355 terrestrial-swift INFO: Sending result 63
server-1   | 2024-05-27 14:56:34,356 server INFO: Received WURF from terrestrial-swift with value 63 at [63,0,0,0,0,0,0,0,0,0,3,0,0,0,0,0,0,0,0,5,0,0,0,0,0,0,0,0,0,0,0,0,0,0,0,0,0,0,0,0,0,0,0,0,0,0,0,5,0,0,0,]
server-1   | 2024-05-27 14:56:34,356 server INFO: Reject WURF from terrestrial-swift because it doe not depend on last start time [68, 0, 0, 0, 0, 0, 0, 0, 0, 0, 3, 0, 0, 0, 0, 0, 0, 0, 7, 5, 0, 0, 0, 7, 0, 0, 0, 0, 0, 0, 0, 0, 0, 0, 0, 0, 0, 0, 0, 0, 0, 0, 0, 0, 0, 0, 0, 0, 0, 0, 0]
client-37  | 2024-05-27 14:56:34,447 naughty-kakapo INFO: Sending result 16
server-1   | 2024-05-27 14:56:34,448 server INFO: Received WURF from naughty-kakapo with value 16 at [63,0,0,0,0,0,0,0,0,0,3,0,0,0,0,0,0,0,0,7,0,0,0,0,0,0,0,0,0,0,0,0,0,0,0,0,0,0,0,0,0,0,0,0,0,0,0,0,0,0,0,]
server-1   | 2024-05-27 14:56:34,448 server INFO: Reject WURF from naughty-kakapo because it doe not depend on last start time [68, 0, 0, 0, 0, 0, 0, 0, 0, 0, 3, 0, 0, 0, 0, 0, 0, 0, 7, 5, 0, 0, 0, 7, 0, 0, 0, 0, 0, 0, 0, 0, 0, 0, 0, 0, 0, 0, 0, 0, 0, 0, 0, 0, 0, 0, 0, 0, 0, 0, 0]
client-20  | 2024-05-27 14:56:34,579 nifty-hedgehog INFO: Sending result 43
server-1   | 2024-05-27 14:56:34,580 server INFO: Received WURF from nifty-hedgehog with value 43 at [67,0,0,0,0,0,0,0,0,0,3,0,0,0,0,0,0,0,7,5,0,7,0,0,0,0,0,0,0,0,0,0,0,0,0,0,0,0,0,0,0,0,0,0,0,0,0,0,0,0,0,]
server-1   | 2024-05-27 14:56:34,580 server INFO: Reject WURF from nifty-hedgehog because it doe not depend on last start time [68, 0, 0, 0, 0, 0, 0, 0, 0, 0, 3, 0, 0, 0, 0, 0, 0, 0, 7, 5, 0, 0, 0, 7, 0, 0, 0, 0, 0, 0, 0, 0, 0, 0, 0, 0, 0, 0, 0, 0, 0, 0, 0, 0, 0, 0, 0, 0, 0, 0, 0]
client-6   | 2024-05-27 14:56:34,604 perfect-worm INFO: Sending result 30
server-1   | 2024-05-27 14:56:34,605 server INFO: Received WURF from perfect-worm with value 30 at [67,0,0,0,0,0,9,0,0,0,3,0,0,0,0,0,0,0,7,5,0,0,0,0,0,0,0,0,0,0,0,0,0,0,0,0,0,0,0,0,0,0,0,0,0,0,0,0,0,0,0,]
server-1   | 2024-05-27 14:56:34,605 server INFO: Reject WURF from perfect-worm because it doe not depend on last start time [68, 0, 0, 0, 0, 0, 0, 0, 0, 0, 3, 0, 0, 0, 0, 0, 0, 0, 7, 5, 0, 0, 0, 7, 0, 0, 0, 0, 0, 0, 0, 0, 0, 0, 0, 0, 0, 0, 0, 0, 0, 0, 0, 0, 0, 0, 0, 0, 0, 0, 0]
client-6   | 2024-05-27 14:56:34,604 perfect-worm INFO: Sending result 30
client-21  | 2024-05-27 14:56:34,612 rousing-chupacabra INFO: Sending result 41
server-1   | 2024-05-27 14:56:34,613 server INFO: Received WURF from rousing-chupacabra with value 41 at [63,0,0,0,0,0,0,0,0,0,3,7,0,0,0,0,0,0,0,5,0,0,0,0,0,0,0,0,0,0,0,0,0,0,0,0,0,0,0,0,0,0,0,0,0,0,0,0,0,0,0,]
server-1   | 2024-05-27 14:56:34,614 server INFO: Reject WURF from rousing-chupacabra because it doe not depend on last start time [68, 0, 0, 0, 0, 0, 0, 0, 0, 0, 3, 0, 0, 0, 0, 0, 0, 0, 7, 5, 0, 0, 0, 7, 0, 0, 0, 0, 0, 0, 0, 0, 0, 0, 0, 0, 0, 0, 0, 0, 0, 0, 0, 0, 0, 0, 0, 0, 0, 0, 0]
client-48  | 2024-05-27 14:56:34,639 stimulating-capybara INFO: Sending result 29
server-1   | 2024-05-27 14:56:34,640 server INFO: Received WURF from stimulating-capybara with value 29 at [67,0,0,0,0,0,0,0,0,0,3,0,0,0,0,0,0,0,7,5,0,0,0,0,0,0,0,0,0,0,0,0,0,0,0,0,0,0,0,0,9,0,0,0,0,0,0,0,0,0,0,]
server-1   | 2024-05-27 14:56:34,640 server INFO: Reject WURF from stimulating-capybara because it doe not depend on last start time [68, 0, 0, 0, 0, 0, 0, 0, 0, 0, 3, 0, 0, 0, 0, 0, 0, 0, 7, 5, 0, 0, 0, 7, 0, 0, 0, 0, 0, 0, 0, 0, 0, 0, 0, 0, 0, 0, 0, 0, 0, 0, 0, 0, 0, 0, 0, 0, 0, 0, 0]
client-25  | 2024-05-27 14:56:34,993 passionate-tanuki INFO: Sending result 48
server-1   | 2024-05-27 14:56:34,994 server INFO: Received WURF from passionate-tanuki with value 48 at [63,9,0,0,0,0,0,0,0,0,3,0,0,0,0,0,0,0,0,5,0,0,0,0,0,0,0,0,0,0,0,0,0,0,0,0,0,0,0,0,0,0,0,0,0,0,0,0,0,0,0,]
server-1   | 2024-05-27 14:56:34,994 server INFO: Reject WURF from passionate-tanuki because it doe not depend on last start time [68, 0, 0, 0, 0, 0, 0, 0, 0, 0, 3, 0, 0, 0, 0, 0, 0, 0, 7, 5, 0, 0, 0, 7, 0, 0, 0, 0, 0, 0, 0, 0, 0, 0, 0, 0, 0, 0, 0, 0, 0, 0, 0, 0, 0, 0, 0, 0, 0, 0, 0]
client-31  | 2024-05-27 14:56:35,060 hidden-dogfish INFO: Sending result 18
server-1   | 2024-05-27 14:56:35,061 server INFO: Received WURF from hidden-dogfish with value 18 at [63,0,0,0,0,0,0,0,0,0,3,0,0,0,0,0,0,0,0,5,0,0,0,0,0,0,0,0,0,0,0,0,5,0,0,0,0,0,0,0,0,0,0,0,0,0,0,0,0,0,0,]
server-1   | 2024-05-27 14:56:35,061 server INFO: Reject WURF from hidden-dogfish because it doe not depend on last start time [68, 0, 0, 0, 0, 0, 0, 0, 0, 0, 3, 0, 0, 0, 0, 0, 0, 0, 7, 5, 0, 0, 0, 7, 0, 0, 0, 0, 0, 0, 0, 0, 0, 0, 0, 0, 0, 0, 0, 0, 0, 0, 0, 0, 0, 0, 0, 0, 0, 0, 0]
client-4   | 2024-05-27 14:56:35,292 obedient-salmon INFO: Sending result 2
server-1   | 2024-05-27 14:56:35,293 server INFO: Received WURF from obedient-salmon with value 2 at [63,0,0,0,0,0,0,0,0,0,3,0,0,0,0,0,0,0,0,5,0,0,0,0,0,0,0,0,0,0,0,0,0,0,5,0,0,0,0,0,0,0,0,0,0,0,0,0,0,0,0,]
server-1   | 2024-05-27 14:56:35,293 server INFO: Reject WURF from obedient-salmon because it doe not depend on last start time [68, 0, 0, 0, 0, 0, 0, 0, 0, 0, 3, 0, 0, 0, 0, 0, 0, 0, 7, 5, 0, 0, 0, 7, 0, 0, 0, 0, 0, 0, 0, 0, 0, 0, 0, 0, 0, 0, 0, 0, 0, 0, 0, 0, 0, 0, 0, 0, 0, 0, 0]
client-28  | 2024-05-27 14:56:35,308 stereotyped-sparrow INFO: Sending result 85
server-1   | 2024-05-27 14:56:35,308 server INFO: Received WURF from stereotyped-sparrow with value 85 at [67,0,0,0,0,0,0,0,0,0,3,0,0,0,0,0,0,0,7,5,0,0,0,0,0,0,0,0,0,0,0,0,0,0,0,0,0,9,0,0,0,0,0,0,0,0,0,0,0,0,0,]
server-1   | 2024-05-27 14:56:35,309 server INFO: Reject WURF from stereotyped-sparrow because it doe not depend on last start time [68, 0, 0, 0, 0, 0, 0, 0, 0, 0, 3, 0, 0, 0, 0, 0, 0, 0, 7, 5, 0, 0, 0, 7, 0, 0, 0, 0, 0, 0, 0, 0, 0, 0, 0, 0, 0, 0, 0, 0, 0, 0, 0, 0, 0, 0, 0, 0, 0, 0, 0]
client-47  | 2024-05-27 14:56:35,317 devout-moose INFO: Sending result 94
server-1   | 2024-05-27 14:56:35,318 server INFO: Received WURF from devout-moose with value 94 at [67,0,0,0,0,0,0,0,0,0,3,0,0,0,0,0,0,0,7,5,0,0,0,0,0,0,0,0,0,0,0,0,0,0,0,0,7,0,0,0,0,0,0,0,0,0,0,0,0,0,0,]
server-1   | 2024-05-27 14:56:35,318 server INFO: Reject WURF from devout-moose because it doe not depend on last start time [68, 0, 0, 0, 0, 0, 0, 0, 0, 0, 3, 0, 0, 0, 0, 0, 0, 0, 7, 5, 0, 0, 0, 7, 0, 0, 0, 0, 0, 0, 0, 0, 0, 0, 0, 0, 0, 0, 0, 0, 0, 0, 0, 0, 0, 0, 0, 0, 0, 0, 0]
server-1   | 2024-05-27 14:56:35,413 server INFO: Received WURF from brainy-basilisk with value 26 at [67,0,0,0,0,0,0,0,0,0,3,0,0,0,0,0,0,0,7,5,0,0,0,0,7,0,0,0,0,0,0,0,0,0,0,0,0,0,0,0,0,0,0,0,0,0,0,0,0,0,0,]
client-46  | 2024-05-27 14:56:35,412 brainy-basilisk INFO: Sending result 26
server-1   | 2024-05-27 14:56:35,413 server INFO: Reject WURF from brainy-basilisk because it doe not depend on last start time [68, 0, 0, 0, 0, 0, 0, 0, 0, 0, 3, 0, 0, 0, 0, 0, 0, 0, 7, 5, 0, 0, 0, 7, 0, 0, 0, 0, 0, 0, 0, 0, 0, 0, 0, 0, 0, 0, 0, 0, 0, 0, 0, 0, 0, 0, 0, 0, 0, 0, 0]
client-5   | 2024-05-27 14:56:35,439 dainty-bullmastiff INFO: Sending result 76
server-1   | 2024-05-27 14:56:35,440 server INFO: Received WURF from dainty-bullmastiff with value 76 at [63,0,0,0,0,0,0,0,0,0,3,0,9,0,0,0,0,0,0,5,0,0,0,0,0,0,0,0,0,0,0,0,0,0,0,0,0,0,0,0,0,0,0,0,0,0,0,0,0,0,0,]
server-1   | 2024-05-27 14:56:35,440 server INFO: Reject WURF from dainty-bullmastiff because it doe not depend on last start time [68, 0, 0, 0, 0, 0, 0, 0, 0, 0, 3, 0, 0, 0, 0, 0, 0, 0, 7, 5, 0, 0, 0, 7, 0, 0, 0, 0, 0, 0, 0, 0, 0, 0, 0, 0, 0, 0, 0, 0, 0, 0, 0, 0, 0, 0, 0, 0, 0, 0, 0]
client-9   | 2024-05-27 14:56:35,751 quartz-hornet INFO: Sending result 62
server-1   | 2024-05-27 14:56:35,752 server INFO: Received WURF from quartz-hornet with value 62 at [63,0,0,0,0,0,0,0,0,0,3,0,0,0,0,0,0,0,0,5,0,0,0,0,0,0,0,0,5,0,0,0,0,0,0,0,0,0,0,0,0,0,0,0,0,0,0,0,0,0,0,]
server-1   | 2024-05-27 14:56:35,753 server INFO: Reject WURF from quartz-hornet because it doe not depend on last start time [68, 0, 0, 0, 0, 0, 0, 0, 0, 0, 3, 0, 0, 0, 0, 0, 0, 0, 7, 5, 0, 0, 0, 7, 0, 0, 0, 0, 0, 0, 0, 0, 0, 0, 0, 0, 0, 0, 0, 0, 0, 0, 0, 0, 0, 0, 0, 0, 0, 0, 0]
client-11  | 2024-05-27 14:56:35,912 tireless-tapir INFO: Sending result 69
server-1   | 2024-05-27 14:56:35,913 server INFO: Received WURF from tireless-tapir with value 69 at [67,0,0,0,0,0,0,0,0,0,3,0,0,0,0,0,0,0,7,5,9,0,0,0,0,0,0,0,0,0,0,0,0,0,0,0,0,0,0,0,0,0,0,0,0,0,0,0,0,0,0,]
server-1   | 2024-05-27 14:56:35,913 server INFO: Reject WURF from tireless-tapir because it doe not depend on last start time [68, 0, 0, 0, 0, 0, 0, 0, 0, 0, 3, 0, 0, 0, 0, 0, 0, 0, 7, 5, 0, 0, 0, 7, 0, 0, 0, 0, 0, 0, 0, 0, 0, 0, 0, 0, 0, 0, 0, 0, 0, 0, 0, 0, 0, 0, 0, 0, 0, 0, 0]
client-1   | 2024-05-27 14:56:36,084 brave-cougar INFO: Sending result 43
server-1   | 2024-05-27 14:56:36,085 server INFO: Received WURF from brave-cougar with value 43 at [67,0,0,0,0,0,0,0,0,0,3,0,0,0,0,0,0,0,7,5,0,0,11,0,0,0,0,0,0,0,0,0,0,0,0,0,0,0,0,0,0,0,0,0,0,0,0,0,0,0,0,]
server-1   | 2024-05-27 14:56:36,085 server INFO: Reject WURF from brave-cougar because it doe not depend on last start time [68, 0, 0, 0, 0, 0, 0, 0, 0, 0, 3, 0, 0, 0, 0, 0, 0, 0, 7, 5, 0, 0, 0, 7, 0, 0, 0, 0, 0, 0, 0, 0, 0, 0, 0, 0, 0, 0, 0, 0, 0, 0, 0, 0, 0, 0, 0, 0, 0, 0, 0]
client-3   | 2024-05-27 14:56:36,175 impartial-badger INFO: Sending result 68
server-1   | 2024-05-27 14:56:36,176 server INFO: Received WURF from impartial-badger with value 68 at [63,0,0,0,7,0,0,0,0,0,3,0,0,0,0,0,0,0,0,5,0,0,0,0,0,0,0,0,0,0,0,0,0,0,0,0,0,0,0,0,0,0,0,0,0,0,0,0,0,0,0,]
server-1   | 2024-05-27 14:56:36,176 server INFO: Reject WURF from impartial-badger because it doe not depend on last start time [68, 0, 0, 0, 0, 0, 0, 0, 0, 0, 3, 0, 0, 0, 0, 0, 0, 0, 7, 5, 0, 0, 0, 7, 0, 0, 0, 0, 0, 0, 0, 0, 0, 0, 0, 0, 0, 0, 0, 0, 0, 0, 0, 0, 0, 0, 0, 0, 0, 0, 0]
client-18  | 2024-05-27 14:56:36,452 outrageous-polecat INFO: Sending result 31
server-1   | 2024-05-27 14:56:36,453 server INFO: Received WURF from outrageous-polecat with value 31 at [63,0,0,0,0,0,0,0,7,0,3,0,0,0,0,0,0,0,0,5,0,0,0,0,0,0,0,0,0,0,0,0,0,0,0,0,0,0,0,0,0,0,0,0,0,0,0,0,0,0,0,]
server-1   | 2024-05-27 14:56:36,453 server INFO: Reject WURF from outrageous-polecat because it doe not depend on last start time [68, 0, 0, 0, 0, 0, 0, 0, 0, 0, 3, 0, 0, 0, 0, 0, 0, 0, 7, 5, 0, 0, 0, 7, 0, 0, 0, 0, 0, 0, 0, 0, 0, 0, 0, 0, 0, 0, 0, 0, 0, 0, 0, 0, 0, 0, 0, 0, 0, 0, 0]
server-1   | 2024-05-27 14:56:36,557 server INFO: Received WURF from merry-woodlouse with value 100 at [67,0,0,0,0,0,0,0,0,0,3,0,0,0,0,0,0,0,7,5,0,0,0,0,0,0,0,0,0,0,0,0,0,0,0,0,0,0,0,0,0,0,0,0,0,0,7,0,0,0,0,]
server-1   | 2024-05-27 14:56:36,557 server INFO: Reject WURF from merry-woodlouse because it doe not depend on last start time [68, 0, 0, 0, 0, 0, 0, 0, 0, 0, 3, 0, 0, 0, 0, 0, 0, 0, 7, 5, 0, 0, 0, 7, 0, 0, 0, 0, 0, 0, 0, 0, 0, 0, 0, 0, 0, 0, 0, 0, 0, 0, 0, 0, 0, 0, 0, 0, 0, 0, 0]
client-24  | 2024-05-27 14:56:36,556 merry-woodlouse INFO: Sending result 100
server-1   | 2024-05-27 14:56:37,536 server INFO: Sending STOP
server-1   | 2024-05-27 14:56:37,546 server INFO: Client 'complex-emu' won with the value 83
client-15  | 2024-05-27 14:56:37,646 hot-sunfish INFO: Sending result 32
server-1   | 2024-05-27 14:56:37,648 server INFO: Received WURF from hot-sunfish with value 32 at [67,0,0,0,0,0,0,0,0,0,3,0,0,0,0,0,0,0,7,5,0,0,0,0,0,0,0,0,0,0,0,0,0,0,0,0,0,0,0,0,0,0,7,0,0,0,0,0,0,0,0,]
server-1   | 2024-05-27 14:56:37,649 server INFO: Reject WURF from hot-sunfish because it doe not depend on last start time [70, 0, 0, 0, 0, 0, 0, 0, 0, 0, 3, 0, 0, 0, 0, 0, 0, 0, 7, 5, 0, 0, 0, 7, 0, 0, 0, 0, 0, 0, 0, 0, 0, 0, 0, 0, 0, 0, 0, 0, 0, 0, 0, 0, 0, 0, 0, 0, 0, 0, 0]
client-38  | 2024-05-27 14:56:38,114 hissing-scorpion INFO: Sending result 52
server-1   | 2024-05-27 14:56:38,115 server INFO: Received WURF from hissing-scorpion with value 52 at [67,0,0,0,0,0,0,0,0,0,3,0,0,0,0,0,0,0,7,5,0,0,0,0,0,0,0,0,0,0,0,0,0,0,0,0,0,0,0,0,0,7,0,0,0,0,0,0,0,0,0,]
server-1   | 2024-05-27 14:56:38,115 server INFO: Reject WURF from hissing-scorpion because it doe not depend on last start time [70, 0, 0, 0, 0, 0, 0, 0, 0, 0, 3, 0, 0, 0, 0, 0, 0, 0, 7, 5, 0, 0, 0, 7, 0, 0, 0, 0, 0, 0, 0, 0, 0, 0, 0, 0, 0, 0, 0, 0, 0, 0, 0, 0, 0, 0, 0, 0, 0, 0, 0]
client-33  | 2024-05-27 14:56:38,261 delicate-turtle INFO: Sending result 78
