client-25  | 2024-05-27 14:56:03,720 passionate-tanuki INFO: Received INIT commat at [2,0,0,0,0,0,0,0,0,0,0,0,0,0,0,0,0,0,0,0,0,0,0,0,0,0,0,0,0,0,0,0,0,0,0,0,0,0,0,0,0,0,0,0,0,0,0,0,0,0,0,]. This client is assinged number 1.
client-44  | 2024-05-27 14:56:04,087 merciful-ocelot INFO: Received INIT commat at [4,0,0,0,0,0,0,0,0,0,0,0,0,0,0,0,0,0,0,0,0,0,0,0,0,0,0,0,0,0,0,0,0,0,0,0,0,0,0,0,0,0,0,0,0,0,0,0,0,0,0,]. This client is assinged number 3.
client-8   | 2024-05-27 14:56:03,922 onyx-earthworm INFO: Received INIT commat at [3,0,0,0,0,0,0,0,0,0,0,0,0,0,0,0,0,0,0,0,0,0,0,0,0,0,0,0,0,0,0,0,0,0,0,0,0,0,0,0,0,0,0,0,0,0,0,0,0,0,0,]. This client is assinged number 2.
client-43  | 2024-05-27 14:56:04,519 fast-gibbon INFO: Received INIT commat at [6,0,0,0,0,0,0,0,0,0,0,0,0,0,0,0,0,0,0,0,0,0,0,0,0,0,0,0,0,0,0,0,0,0,0,0,0,0,0,0,0,0,0,0,0,0,0,0,0,0,0,]. This client is assinged number 5.
server-1   | 2024-05-27 14:56:03,719 server INFO: Incomming connection from ('172.22.0.3', 55134)
server-1   | 2024-05-27 14:56:03,921 server INFO: Incomming connection from ('172.22.0.4', 38438)
server-1   | 2024-05-27 14:56:04,087 server INFO: Incomming connection from ('172.22.0.5', 42152)
server-1   | 2024-05-27 14:56:04,301 server INFO: Incomming connection from ('172.22.0.6', 34448)
server-1   | 2024-05-27 14:56:04,519 server INFO: Incomming connection from ('172.22.0.7', 52496)
client-3   | 2024-05-27 14:56:04,302 impartial-badger INFO: Received INIT commat at [5,0,0,0,0,0,0,0,0,0,0,0,0,0,0,0,0,0,0,0,0,0,0,0,0,0,0,0,0,0,0,0,0,0,0,0,0,0,0,0,0,0,0,0,0,0,0,0,0,0,0,]. This client is assinged number 4.
client-6   | 2024-05-27 14:56:04,902 perfect-worm INFO: Received INIT commat at [7,0,0,0,0,0,0,0,0,0,0,0,0,0,0,0,0,0,0,0,0,0,0,0,0,0,0,0,0,0,0,0,0,0,0,0,0,0,0,0,0,0,0,0,0,0,0,0,0,0,0,]. This client is assinged number 6.
server-1   | 2024-05-27 14:56:04,902 server INFO: Incomming connection from ('172.22.0.8', 36430)
client-6   | 2024-05-27 14:56:04,902 perfect-worm INFO: Received INIT commat at [7,0,0,0,0,0,0,0,0,0,0,0,0,0,0,0,0,0,0,0,0,0,0,0,0,0,0,0,0,0,0,0,0,0,0,0,0,0,0,0,0,0,0,0,0,0,0,0,0,0,0,]. This client is assinged number 6.
client-13  | 2024-05-27 14:56:05,098 sweet-malkoha INFO: Received INIT commat at [8,0,0,0,0,0,0,0,0,0,0,0,0,0,0,0,0,0,0,0,0,0,0,0,0,0,0,0,0,0,0,0,0,0,0,0,0,0,0,0,0,0,0,0,0,0,0,0,0,0,0,]. This client is assinged number 7.
server-1   | 2024-05-27 14:56:05,097 server INFO: Incomming connection from ('172.22.0.9', 57856)
server-1   | 2024-05-27 14:56:05,362 server INFO: Incomming connection from ('172.22.0.10', 49002)
client-18  | 2024-05-27 14:56:05,362 outrageous-polecat INFO: Received INIT commat at [9,0,0,0,0,0,0,0,0,0,0,0,0,0,0,0,0,0,0,0,0,0,0,0,0,0,0,0,0,0,0,0,0,0,0,0,0,0,0,0,0,0,0,0,0,0,0,0,0,0,0,]. This client is assinged number 8.
server-1   | 2024-05-27 14:56:05,608 server INFO: Incomming connection from ('172.22.0.11', 57708)
client-45  | 2024-05-27 14:56:05,609 stimulating-beetle INFO: Received INIT commat at [10,0,0,0,0,0,0,0,0,0,0,0,0,0,0,0,0,0,0,0,0,0,0,0,0,0,0,0,0,0,0,0,0,0,0,0,0,0,0,0,0,0,0,0,0,0,0,0,0,0,0,]. This client is assinged number 9.
server-1   | 2024-05-27 14:56:05,783 server INFO: Incomming connection from ('172.22.0.12', 58874)
client-12  | 2024-05-27 14:56:05,783 winged-starfish INFO: Received INIT commat at [11,0,0,0,0,0,0,0,0,0,0,0,0,0,0,0,0,0,0,0,0,0,0,0,0,0,0,0,0,0,0,0,0,0,0,0,0,0,0,0,0,0,0,0,0,0,0,0,0,0,0,]. This client is assinged number 10.
client-21  | 2024-05-27 14:56:06,001 rousing-chupacabra INFO: Received INIT commat at [12,0,0,0,0,0,0,0,0,0,0,0,0,0,0,0,0,0,0,0,0,0,0,0,0,0,0,0,0,0,0,0,0,0,0,0,0,0,0,0,0,0,0,0,0,0,0,0,0,0,0,]. This client is assinged number 11.
server-1   | 2024-05-27 14:56:06,001 server INFO: Incomming connection from ('172.22.0.13', 50620)
server-1   | 2024-05-27 14:56:06,199 server INFO: Incomming connection from ('172.22.0.14', 53152)
client-5   | 2024-05-27 14:56:06,200 dainty-bullmastiff INFO: Received INIT commat at [13,0,0,0,0,0,0,0,0,0,0,0,0,0,0,0,0,0,0,0,0,0,0,0,0,0,0,0,0,0,0,0,0,0,0,0,0,0,0,0,0,0,0,0,0,0,0,0,0,0,0,]. This client is assinged number 12.
server-1   | 2024-05-27 14:56:06,395 server INFO: Incomming connection from ('172.22.0.15', 34136)
client-17  | 2024-05-27 14:56:06,395 spiked-urchin INFO: Received INIT commat at [14,0,0,0,0,0,0,0,0,0,0,0,0,0,0,0,0,0,0,0,0,0,0,0,0,0,0,0,0,0,0,0,0,0,0,0,0,0,0,0,0,0,0,0,0,0,0,0,0,0,0,]. This client is assinged number 13.
client-29  | 2024-05-27 14:56:06,624 charcoal-markhor INFO: Received INIT commat at [15,0,0,0,0,0,0,0,0,0,0,0,0,0,0,0,0,0,0,0,0,0,0,0,0,0,0,0,0,0,0,0,0,0,0,0,0,0,0,0,0,0,0,0,0,0,0,0,0,0,0,]. This client is assinged number 14.
server-1   | 2024-05-27 14:56:06,623 server INFO: Incomming connection from ('172.22.0.16', 36138)
server-1   | 2024-05-27 14:56:06,819 server INFO: Incomming connection from ('172.22.0.17', 35726)
client-19  | 2024-05-27 14:56:06,819 tested-turkey INFO: Received INIT commat at [16,0,0,0,0,0,0,0,0,0,0,0,0,0,0,0,0,0,0,0,0,0,0,0,0,0,0,0,0,0,0,0,0,0,0,0,0,0,0,0,0,0,0,0,0,0,0,0,0,0,0,]. This client is assinged number 15.
server-1   | 2024-05-27 14:56:06,979 server INFO: Incomming connection from ('172.22.0.18', 48226)
client-35  | 2024-05-27 14:56:06,980 beneficial-uakari INFO: Received INIT commat at [17,0,0,0,0,0,0,0,0,0,0,0,0,0,0,0,0,0,0,0,0,0,0,0,0,0,0,0,0,0,0,0,0,0,0,0,0,0,0,0,0,0,0,0,0,0,0,0,0,0,0,]. This client is assinged number 16.
server-1   | 2024-05-27 14:56:07,234 server INFO: Incomming connection from ('172.22.0.19', 35308)
client-30  | 2024-05-27 14:56:07,234 resilient-coua INFO: Received INIT commat at [18,0,0,0,0,0,0,0,0,0,0,0,0,0,0,0,0,0,0,0,0,0,0,0,0,0,0,0,0,0,0,0,0,0,0,0,0,0,0,0,0,0,0,0,0,0,0,0,0,0,0,]. This client is assinged number 17.
server-1   | 2024-05-27 14:56:07,429 server INFO: Incomming connection from ('172.22.0.20', 45234)
client-33  | 2024-05-27 14:56:07,429 delicate-turtle INFO: Received INIT commat at [19,0,0,0,0,0,0,0,0,0,0,0,0,0,0,0,0,0,0,0,0,0,0,0,0,0,0,0,0,0,0,0,0,0,0,0,0,0,0,0,0,0,0,0,0,0,0,0,0,0,0,]. This client is assinged number 18.
server-1   | 2024-05-27 14:56:07,598 server INFO: Incomming connection from ('172.22.0.21', 59780)
client-37  | 2024-05-27 14:56:07,599 naughty-kakapo INFO: Received INIT commat at [20,0,0,0,0,0,0,0,0,0,0,0,0,0,0,0,0,0,0,0,0,0,0,0,0,0,0,0,0,0,0,0,0,0,0,0,0,0,0,0,0,0,0,0,0,0,0,0,0,0,0,]. This client is assinged number 19.
server-1   | 2024-05-27 14:56:07,754 server INFO: Incomming connection from ('172.22.0.22', 49846)
client-11  | 2024-05-27 14:56:07,755 tireless-tapir INFO: Received INIT commat at [21,0,0,0,0,0,0,0,0,0,0,0,0,0,0,0,0,0,0,0,0,0,0,0,0,0,0,0,0,0,0,0,0,0,0,0,0,0,0,0,0,0,0,0,0,0,0,0,0,0,0,]. This client is assinged number 20.
server-1   | 2024-05-27 14:56:07,944 server INFO: Incomming connection from ('172.22.0.23', 53024)
client-20  | 2024-05-27 14:56:07,945 nifty-hedgehog INFO: Received INIT commat at [22,0,0,0,0,0,0,0,0,0,0,0,0,0,0,0,0,0,0,0,0,0,0,0,0,0,0,0,0,0,0,0,0,0,0,0,0,0,0,0,0,0,0,0,0,0,0,0,0,0,0,]. This client is assinged number 21.
server-1   | 2024-05-27 14:56:08,114 server INFO: Incomming connection from ('172.22.0.24', 50246)
client-1   | 2024-05-27 14:56:08,115 brave-cougar INFO: Received INIT commat at [23,0,0,0,0,0,0,0,0,0,0,0,0,0,0,0,0,0,0,0,0,0,0,0,0,0,0,0,0,0,0,0,0,0,0,0,0,0,0,0,0,0,0,0,0,0,0,0,0,0,0,]. This client is assinged number 22.
server-1   | 2024-05-27 14:56:08,346 server INFO: Incomming connection from ('172.22.0.25', 39674)
client-10  | 2024-05-27 14:56:08,348 complex-emu INFO: Received INIT commat at [24,0,0,0,0,0,0,0,0,0,0,0,0,0,0,0,0,0,0,0,0,0,0,0,0,0,0,0,0,0,0,0,0,0,0,0,0,0,0,0,0,0,0,0,0,0,0,0,0,0,0,]. This client is assinged number 23.
client-43  | 2024-05-27 14:56:08,437 fast-gibbon INFO: Received START command at [25,0,0,0,0,0,0,0,0,0,0,0,0,0,0,0,0,0,0,0,0,0,0,0,0,0,0,0,0,0,0,0,0,0,0,0,0,0,0,0,0,0,0,0,0,0,0,0,0,0,0,].
client-43  | 2024-05-27 14:56:08,437 fast-gibbon INFO: Waiting 5.182331179529997s to send result 83.
client-1   | 2024-05-27 14:56:08,438 brave-cougar INFO: Received START command at [25,0,0,0,0,0,0,0,0,0,0,0,0,0,0,0,0,0,0,0,0,0,0,0,0,0,0,0,0,0,0,0,0,0,0,0,0,0,0,0,0,0,0,0,0,0,0,0,0,0,0,].
client-1   | 2024-05-27 14:56:08,438 brave-cougar INFO: Waiting 2.383978455547032s to send result 73.
client-18  | 2024-05-27 14:56:08,437 outrageous-polecat INFO: Received START command at [25,0,0,0,0,0,0,0,0,0,0,0,0,0,0,0,0,0,0,0,0,0,0,0,0,0,0,0,0,0,0,0,0,0,0,0,0,0,0,0,0,0,0,0,0,0,0,0,0,0,0,].
client-20  | 2024-05-27 14:56:08,437 nifty-hedgehog INFO: Received START command at [25,0,0,0,0,0,0,0,0,0,0,0,0,0,0,0,0,0,0,0,0,0,0,0,0,0,0,0,0,0,0,0,0,0,0,0,0,0,0,0,0,0,0,0,0,0,0,0,0,0,0,].
client-18  | 2024-05-27 14:56:08,437 outrageous-polecat INFO: Waiting 1.0508747145127162s to send result 38.
server-1   | 2024-05-27 14:56:08,436 server INFO: Sending START (23 clients)
client-20  | 2024-05-27 14:56:08,437 nifty-hedgehog INFO: Waiting 9.222178551123857s to send result 45.
client-11  | 2024-05-27 14:56:08,438 tireless-tapir INFO: Received START command at [25,0,0,0,0,0,0,0,0,0,0,0,0,0,0,0,0,0,0,0,0,0,0,0,0,0,0,0,0,0,0,0,0,0,0,0,0,0,0,0,0,0,0,0,0,0,0,0,0,0,0,].
client-11  | 2024-05-27 14:56:08,439 tireless-tapir INFO: Waiting 5.62922432056756s to send result 59.
client-17  | 2024-05-27 14:56:08,439 spiked-urchin INFO: Received START command at [25,0,0,0,0,0,0,0,0,0,0,0,0,0,0,0,0,0,0,0,0,0,0,0,0,0,0,0,0,0,0,0,0,0,0,0,0,0,0,0,0,0,0,0,0,0,0,0,0,0,0,].
client-17  | 2024-05-27 14:56:08,439 spiked-urchin INFO: Waiting 3.6990245572339173s to send result 97.
client-8   | 2024-05-27 14:56:08,438 onyx-earthworm INFO: Received START command at [25,0,0,0,0,0,0,0,0,0,0,0,0,0,0,0,0,0,0,0,0,0,0,0,0,0,0,0,0,0,0,0,0,0,0,0,0,0,0,0,0,0,0,0,0,0,0,0,0,0,0,].
client-8   | 2024-05-27 14:56:08,439 onyx-earthworm INFO: Waiting 9.988938130561086s to send result 34.
client-37  | 2024-05-27 14:56:08,440 naughty-kakapo INFO: Received START command at [25,0,0,0,0,0,0,0,0,0,0,0,0,0,0,0,0,0,0,0,0,0,0,0,0,0,0,0,0,0,0,0,0,0,0,0,0,0,0,0,0,0,0,0,0,0,0,0,0,0,0,].
client-6   | 2024-05-27 14:56:08,439 perfect-worm INFO: Received START command at [25,0,0,0,0,0,0,0,0,0,0,0,0,0,0,0,0,0,0,0,0,0,0,0,0,0,0,0,0,0,0,0,0,0,0,0,0,0,0,0,0,0,0,0,0,0,0,0,0,0,0,].
client-5   | 2024-05-27 14:56:08,438 dainty-bullmastiff INFO: Received START command at [25,0,0,0,0,0,0,0,0,0,0,0,0,0,0,0,0,0,0,0,0,0,0,0,0,0,0,0,0,0,0,0,0,0,0,0,0,0,0,0,0,0,0,0,0,0,0,0,0,0,0,].
client-5   | 2024-05-27 14:56:08,439 dainty-bullmastiff INFO: Waiting 5.738722903476266s to send result 32.
client-6   | 2024-05-27 14:56:08,439 perfect-worm INFO: Received START command at [25,0,0,0,0,0,0,0,0,0,0,0,0,0,0,0,0,0,0,0,0,0,0,0,0,0,0,0,0,0,0,0,0,0,0,0,0,0,0,0,0,0,0,0,0,0,0,0,0,0,0,].
client-3   | 2024-05-27 14:56:08,438 impartial-badger INFO: Received START command at [25,0,0,0,0,0,0,0,0,0,0,0,0,0,0,0,0,0,0,0,0,0,0,0,0,0,0,0,0,0,0,0,0,0,0,0,0,0,0,0,0,0,0,0,0,0,0,0,0,0,0,].
client-3   | 2024-05-27 14:56:08,438 impartial-badger INFO: Waiting 5.548849547393514s to send result 57.
client-19  | 2024-05-27 14:56:08,438 tested-turkey INFO: Received START command at [25,0,0,0,0,0,0,0,0,0,0,0,0,0,0,0,0,0,0,0,0,0,0,0,0,0,0,0,0,0,0,0,0,0,0,0,0,0,0,0,0,0,0,0,0,0,0,0,0,0,0,].
client-19  | 2024-05-27 14:56:08,438 tested-turkey INFO: Waiting 7.383553379024244s to send result 83.
client-37  | 2024-05-27 14:56:08,441 naughty-kakapo INFO: Waiting 9.883147749841164s to send result 15.
client-6   | 2024-05-27 14:56:08,441 perfect-worm INFO: Waiting 5.649779372475434s to send result 43.
client-6   | 2024-05-27 14:56:08,441 perfect-worm INFO: Waiting 5.649779372475434s to send result 43.
client-12  | 2024-05-27 14:56:08,441 winged-starfish INFO: Received START command at [25,0,0,0,0,0,0,0,0,0,0,0,0,0,0,0,0,0,0,0,0,0,0,0,0,0,0,0,0,0,0,0,0,0,0,0,0,0,0,0,0,0,0,0,0,0,0,0,0,0,0,].
client-12  | 2024-05-27 14:56:08,442 winged-starfish INFO: Waiting 0.08338140837164665s to send result 48.
client-44  | 2024-05-27 14:56:08,443 merciful-ocelot INFO: Received START command at [25,0,0,0,0,0,0,0,0,0,0,0,0,0,0,0,0,0,0,0,0,0,0,0,0,0,0,0,0,0,0,0,0,0,0,0,0,0,0,0,0,0,0,0,0,0,0,0,0,0,0,].
client-13  | 2024-05-27 14:56:08,443 sweet-malkoha INFO: Received START command at [25,0,0,0,0,0,0,0,0,0,0,0,0,0,0,0,0,0,0,0,0,0,0,0,0,0,0,0,0,0,0,0,0,0,0,0,0,0,0,0,0,0,0,0,0,0,0,0,0,0,0,].
client-13  | 2024-05-27 14:56:08,443 sweet-malkoha INFO: Waiting 4.515999076446309s to send result 15.
client-21  | 2024-05-27 14:56:08,443 rousing-chupacabra INFO: Received START command at [25,0,0,0,0,0,0,0,0,0,0,0,0,0,0,0,0,0,0,0,0,0,0,0,0,0,0,0,0,0,0,0,0,0,0,0,0,0,0,0,0,0,0,0,0,0,0,0,0,0,0,].
client-21  | 2024-05-27 14:56:08,443 rousing-chupacabra INFO: Waiting 8.647735010411719s to send result 26.
client-29  | 2024-05-27 14:56:08,443 charcoal-markhor INFO: Received START command at [25,0,0,0,0,0,0,0,0,0,0,0,0,0,0,0,0,0,0,0,0,0,0,0,0,0,0,0,0,0,0,0,0,0,0,0,0,0,0,0,0,0,0,0,0,0,0,0,0,0,0,].
client-29  | 2024-05-27 14:56:08,443 charcoal-markhor INFO: Waiting 7.941011311532816s to send result 5.
client-44  | 2024-05-27 14:56:08,444 merciful-ocelot INFO: Waiting 0.25325442858837643s to send result 65.
client-35  | 2024-05-27 14:56:08,444 beneficial-uakari INFO: Received START command at [25,0,0,0,0,0,0,0,0,0,0,0,0,0,0,0,0,0,0,0,0,0,0,0,0,0,0,0,0,0,0,0,0,0,0,0,0,0,0,0,0,0,0,0,0,0,0,0,0,0,0,].
client-35  | 2024-05-27 14:56:08,445 beneficial-uakari INFO: Waiting 6.727145062910003s to send result 83.
client-33  | 2024-05-27 14:56:08,444 delicate-turtle INFO: Received START command at [25,0,0,0,0,0,0,0,0,0,0,0,0,0,0,0,0,0,0,0,0,0,0,0,0,0,0,0,0,0,0,0,0,0,0,0,0,0,0,0,0,0,0,0,0,0,0,0,0,0,0,].
client-33  | 2024-05-27 14:56:08,445 delicate-turtle INFO: Waiting 6.420516166111839s to send result 24.
client-25  | 2024-05-27 14:56:08,444 passionate-tanuki INFO: Received START command at [25,0,0,0,0,0,0,0,0,0,0,0,0,0,0,0,0,0,0,0,0,0,0,0,0,0,0,0,0,0,0,0,0,0,0,0,0,0,0,0,0,0,0,0,0,0,0,0,0,0,0,].
client-25  | 2024-05-27 14:56:08,444 passionate-tanuki INFO: Waiting 0.8155352649924819s to send result 6.
client-30  | 2024-05-27 14:56:08,445 resilient-coua INFO: Received START command at [25,0,0,0,0,0,0,0,0,0,0,0,0,0,0,0,0,0,0,0,0,0,0,0,0,0,0,0,0,0,0,0,0,0,0,0,0,0,0,0,0,0,0,0,0,0,0,0,0,0,0,].
client-45  | 2024-05-27 14:56:08,449 stimulating-beetle INFO: Received START command at [25,0,0,0,0,0,0,0,0,0,0,0,0,0,0,0,0,0,0,0,0,0,0,0,0,0,0,0,0,0,0,0,0,0,0,0,0,0,0,0,0,0,0,0,0,0,0,0,0,0,0,].
client-45  | 2024-05-27 14:56:08,451 stimulating-beetle INFO: Waiting 0.5650029865225292s to send result 76.
client-30  | 2024-05-27 14:56:08,453 resilient-coua INFO: Waiting 7.64061660331755s to send result 71.
client-10  | 2024-05-27 14:56:08,455 complex-emu INFO: Received START command at [25,0,0,0,0,0,0,0,0,0,0,0,0,0,0,0,0,0,0,0,0,0,0,0,0,0,0,0,0,0,0,0,0,0,0,0,0,0,0,0,0,0,0,0,0,0,0,0,0,0,0,].
client-10  | 2024-05-27 14:56:08,456 complex-emu INFO: Waiting 9.702980875905569s to send result 89.
client-12  | 2024-05-27 14:56:08,526 winged-starfish INFO: Sending result 48
server-1   | 2024-05-27 14:56:08,528 server INFO: Received WURF from winged-starfish with value 48 at [25,0,0,0,0,0,0,0,0,0,3,0,0,0,0,0,0,0,0,0,0,0,0,0,0,0,0,0,0,0,0,0,0,0,0,0,0,0,0,0,0,0,0,0,0,0,0,0,0,0,0,]
server-1   | 2024-05-27 14:56:08,529 server INFO: Accepted WURF from winged-starfish because it depends on last start time [25, 0, 0, 0, 0, 0, 0, 0, 0, 0, 0, 0, 0, 0, 0, 0, 0, 0, 0, 0, 0, 0, 0, 0, 0, 0, 0, 0, 0, 0, 0, 0, 0, 0, 0, 0, 0, 0, 0, 0, 0, 0, 0, 0, 0, 0, 0, 0, 0, 0, 0]
client-46  | 2024-05-27 14:56:08,602 brainy-basilisk INFO: Received INIT commat at [27,0,0,0,0,0,0,0,0,0,3,0,0,0,0,0,0,0,0,0,0,0,0,0,0,0,0,0,0,0,0,0,0,0,0,0,0,0,0,0,0,0,0,0,0,0,0,0,0,0,0,]. This client is assinged number 24.
server-1   | 2024-05-27 14:56:08,601 server INFO: Incomming connection from ('172.22.0.26', 60292)
client-44  | 2024-05-27 14:56:08,698 merciful-ocelot INFO: Sending result 65
server-1   | 2024-05-27 14:56:08,699 server INFO: Received WURF from merciful-ocelot with value 65 at [25,0,0,3,0,0,0,0,0,0,0,0,0,0,0,0,0,0,0,0,0,0,0,0,0,0,0,0,0,0,0,0,0,0,0,0,0,0,0,0,0,0,0,0,0,0,0,0,0,0,0,]
server-1   | 2024-05-27 14:56:08,699 server INFO: Reject WURF from merciful-ocelot because it doe not depend on last start time [27, 0, 0, 0, 0, 0, 0, 0, 0, 0, 3, 0, 0, 0, 0, 0, 0, 0, 0, 0, 0, 0, 0, 0, 0, 0, 0, 0, 0, 0, 0, 0, 0, 0, 0, 0, 0, 0, 0, 0, 0, 0, 0, 0, 0, 0, 0, 0, 0, 0, 0]
server-1   | 2024-05-27 14:56:08,920 server INFO: Incomming connection from ('172.22.0.27', 34080)
client-2   | 2024-05-27 14:56:08,921 adventurous-goat INFO: Received INIT commat at [28,0,0,0,0,0,0,0,0,0,3,0,0,0,0,0,0,0,0,0,0,0,0,0,0,0,0,0,0,0,0,0,0,0,0,0,0,0,0,0,0,0,0,0,0,0,0,0,0,0,0,]. This client is assinged number 25.
server-1   | 2024-05-27 14:56:09,019 server INFO: Received WURF from stimulating-beetle with value 76 at [25,0,0,0,0,0,0,0,0,3,0,0,0,0,0,0,0,0,0,0,0,0,0,0,0,0,0,0,0,0,0,0,0,0,0,0,0,0,0,0,0,0,0,0,0,0,0,0,0,0,0,]
server-1   | 2024-05-27 14:56:09,019 server INFO: Reject WURF from stimulating-beetle because it doe not depend on last start time [28, 0, 0, 0, 0, 0, 0, 0, 0, 0, 3, 0, 0, 0, 0, 0, 0, 0, 0, 0, 0, 0, 0, 0, 0, 0, 0, 0, 0, 0, 0, 0, 0, 0, 0, 0, 0, 0, 0, 0, 0, 0, 0, 0, 0, 0, 0, 0, 0, 0, 0]
client-45  | 2024-05-27 14:56:09,018 stimulating-beetle INFO: Sending result 76
server-1   | 2024-05-27 14:56:09,203 server INFO: Incomming connection from ('172.22.0.28', 45820)
client-7   | 2024-05-27 14:56:09,203 papaya-carp INFO: Received INIT commat at [29,0,0,0,0,0,0,0,0,0,3,0,0,0,0,0,0,0,0,0,0,0,0,0,0,0,0,0,0,0,0,0,0,0,0,0,0,0,0,0,0,0,0,0,0,0,0,0,0,0,0,]. This client is assinged number 26.
server-1   | 2024-05-27 14:56:09,262 server INFO: Received WURF from passionate-tanuki with value 6 at [25,3,0,0,0,0,0,0,0,0,0,0,0,0,0,0,0,0,0,0,0,0,0,0,0,0,0,0,0,0,0,0,0,0,0,0,0,0,0,0,0,0,0,0,0,0,0,0,0,0,0,]
server-1   | 2024-05-27 14:56:09,262 server INFO: Reject WURF from passionate-tanuki because it doe not depend on last start time [29, 0, 0, 0, 0, 0, 0, 0, 0, 0, 3, 0, 0, 0, 0, 0, 0, 0, 0, 0, 0, 0, 0, 0, 0, 0, 0, 0, 0, 0, 0, 0, 0, 0, 0, 0, 0, 0, 0, 0, 0, 0, 0, 0, 0, 0, 0, 0, 0, 0, 0]
client-25  | 2024-05-27 14:56:09,261 passionate-tanuki INFO: Sending result 6
client-18  | 2024-05-27 14:56:09,488 outrageous-polecat INFO: Sending result 38
server-1   | 2024-05-27 14:56:09,489 server INFO: Received WURF from outrageous-polecat with value 38 at [25,0,0,0,0,0,0,0,3,0,0,0,0,0,0,0,0,0,0,0,0,0,0,0,0,0,0,0,0,0,0,0,0,0,0,0,0,0,0,0,0,0,0,0,0,0,0,0,0,0,0,]
server-1   | 2024-05-27 14:56:09,490 server INFO: Reject WURF from outrageous-polecat because it doe not depend on last start time [29, 0, 0, 0, 0, 0, 0, 0, 0, 0, 3, 0, 0, 0, 0, 0, 0, 0, 0, 0, 0, 0, 0, 0, 0, 0, 0, 0, 0, 0, 0, 0, 0, 0, 0, 0, 0, 0, 0, 0, 0, 0, 0, 0, 0, 0, 0, 0, 0, 0, 0]
server-1   | 2024-05-27 14:56:09,575 server INFO: Incomming connection from ('172.22.0.29', 59352)
client-32  | 2024-05-27 14:56:09,576 sceptical-cuttlefish INFO: Received INIT commat at [30,0,0,0,0,0,0,0,0,0,3,0,0,0,0,0,0,0,0,0,0,0,0,0,0,0,0,0,0,0,0,0,0,0,0,0,0,0,0,0,0,0,0,0,0,0,0,0,0,0,0,]. This client is assinged number 27.
server-1   | 2024-05-27 14:56:10,041 server INFO: Incomming connection from ('172.22.0.30', 45772)
client-9   | 2024-05-27 14:56:10,041 quartz-hornet INFO: Received INIT commat at [31,0,0,0,0,0,0,0,0,0,3,0,0,0,0,0,0,0,0,0,0,0,0,0,0,0,0,0,0,0,0,0,0,0,0,0,0,0,0,0,0,0,0,0,0,0,0,0,0,0,0,]. This client is assinged number 28.
server-1   | 2024-05-27 14:56:10,147 server INFO: Incomming connection from ('172.22.0.31', 35020)
client-34  | 2024-05-27 14:56:10,148 shapeless-partridge INFO: Received INIT commat at [32,0,0,0,0,0,0,0,0,0,3,0,0,0,0,0,0,0,0,0,0,0,0,0,0,0,0,0,0,0,0,0,0,0,0,0,0,0,0,0,0,0,0,0,0,0,0,0,0,0,0,]. This client is assinged number 29.
server-1   | 2024-05-27 14:56:10,426 server INFO: Incomming connection from ('172.22.0.32', 35398)
client-36  | 2024-05-27 14:56:10,426 skilled-newt INFO: Received INIT commat at [33,0,0,0,0,0,0,0,0,0,3,0,0,0,0,0,0,0,0,0,0,0,0,0,0,0,0,0,0,0,0,0,0,0,0,0,0,0,0,0,0,0,0,0,0,0,0,0,0,0,0,]. This client is assinged number 30.
server-1   | 2024-05-27 14:56:10,736 server INFO: Incomming connection from ('172.22.0.33', 54178)
client-42  | 2024-05-27 14:56:10,737 white-goat INFO: Received INIT commat at [34,0,0,0,0,0,0,0,0,0,3,0,0,0,0,0,0,0,0,0,0,0,0,0,0,0,0,0,0,0,0,0,0,0,0,0,0,0,0,0,0,0,0,0,0,0,0,0,0,0,0,]. This client is assinged number 31.
server-1   | 2024-05-27 14:56:10,825 server INFO: Received WURF from brave-cougar with value 73 at [25,0,0,0,0,0,0,0,0,0,0,0,0,0,0,0,0,0,0,0,0,0,3,0,0,0,0,0,0,0,0,0,0,0,0,0,0,0,0,0,0,0,0,0,0,0,0,0,0,0,0,]
server-1   | 2024-05-27 14:56:10,825 server INFO: Reject WURF from brave-cougar because it doe not depend on last start time [34, 0, 0, 0, 0, 0, 0, 0, 0, 0, 3, 0, 0, 0, 0, 0, 0, 0, 0, 0, 0, 0, 0, 0, 0, 0, 0, 0, 0, 0, 0, 0, 0, 0, 0, 0, 0, 0, 0, 0, 0, 0, 0, 0, 0, 0, 0, 0, 0, 0, 0]
client-1   | 2024-05-27 14:56:10,823 brave-cougar INFO: Sending result 73
server-1   | 2024-05-27 14:56:11,044 server INFO: Incomming connection from ('172.22.0.34', 50158)
client-31  | 2024-05-27 14:56:11,045 hidden-dogfish INFO: Received INIT commat at [35,0,0,0,0,0,0,0,0,0,3,0,0,0,0,0,0,0,0,0,0,0,0,0,0,0,0,0,0,0,0,0,0,0,0,0,0,0,0,0,0,0,0,0,0,0,0,0,0,0,0,]. This client is assinged number 32.
server-1   | 2024-05-27 14:56:11,348 server INFO: Incomming connection from ('172.22.0.35', 56460)
client-16  | 2024-05-27 14:56:11,349 messy-wapiti INFO: Received INIT commat at [36,0,0,0,0,0,0,0,0,0,3,0,0,0,0,0,0,0,0,0,0,0,0,0,0,0,0,0,0,0,0,0,0,0,0,0,0,0,0,0,0,0,0,0,0,0,0,0,0,0,0,]. This client is assinged number 33.
client-4   | 2024-05-27 14:56:11,654 obedient-salmon INFO: Received INIT commat at [37,0,0,0,0,0,0,0,0,0,3,0,0,0,0,0,0,0,0,0,0,0,0,0,0,0,0,0,0,0,0,0,0,0,0,0,0,0,0,0,0,0,0,0,0,0,0,0,0,0,0,]. This client is assinged number 34.
server-1   | 2024-05-27 14:56:11,653 server INFO: Incomming connection from ('172.22.0.36', 60498)
server-1   | 2024-05-27 14:56:12,026 server INFO: Incomming connection from ('172.22.0.37', 51738)
client-40  | 2024-05-27 14:56:12,026 enchanted-kittiwake INFO: Received INIT commat at [38,0,0,0,0,0,0,0,0,0,3,0,0,0,0,0,0,0,0,0,0,0,0,0,0,0,0,0,0,0,0,0,0,0,0,0,0,0,0,0,0,0,0,0,0,0,0,0,0,0,0,]. This client is assinged number 35.
server-1   | 2024-05-27 14:56:12,144 server INFO: Received WURF from spiked-urchin with value 97 at [25,0,0,0,0,0,0,0,0,0,0,0,0,3,0,0,0,0,0,0,0,0,0,0,0,0,0,0,0,0,0,0,0,0,0,0,0,0,0,0,0,0,0,0,0,0,0,0,0,0,0,]
server-1   | 2024-05-27 14:56:12,144 server INFO: Reject WURF from spiked-urchin because it doe not depend on last start time [38, 0, 0, 0, 0, 0, 0, 0, 0, 0, 3, 0, 0, 0, 0, 0, 0, 0, 0, 0, 0, 0, 0, 0, 0, 0, 0, 0, 0, 0, 0, 0, 0, 0, 0, 0, 0, 0, 0, 0, 0, 0, 0, 0, 0, 0, 0, 0, 0, 0, 0]
client-17  | 2024-05-27 14:56:12,143 spiked-urchin INFO: Sending result 97
server-1   | 2024-05-27 14:56:12,282 server INFO: Incomming connection from ('172.22.0.38', 45124)
client-47  | 2024-05-27 14:56:12,283 devout-moose INFO: Received INIT commat at [39,0,0,0,0,0,0,0,0,0,3,0,0,0,0,0,0,0,0,0,0,0,0,0,0,0,0,0,0,0,0,0,0,0,0,0,0,0,0,0,0,0,0,0,0,0,0,0,0,0,0,]. This client is assinged number 36.
server-1   | 2024-05-27 14:56:12,640 server INFO: Incomming connection from ('172.22.0.39', 57486)
client-28  | 2024-05-27 14:56:12,640 stereotyped-sparrow INFO: Received INIT commat at [40,0,0,0,0,0,0,0,0,0,3,0,0,0,0,0,0,0,0,0,0,0,0,0,0,0,0,0,0,0,0,0,0,0,0,0,0,0,0,0,0,0,0,0,0,0,0,0,0,0,0,]. This client is assinged number 37.
client-26  | 2024-05-27 14:56:12,910 whimsical-marmot INFO: Received INIT commat at [41,0,0,0,0,0,0,0,0,0,3,0,0,0,0,0,0,0,0,0,0,0,0,0,0,0,0,0,0,0,0,0,0,0,0,0,0,0,0,0,0,0,0,0,0,0,0,0,0,0,0,]. This client is assinged number 38.
server-1   | 2024-05-27 14:56:12,909 server INFO: Incomming connection from ('172.22.0.40', 59132)
client-13  | 2024-05-27 14:56:12,962 sweet-malkoha INFO: Sending result 15
server-1   | 2024-05-27 14:56:12,963 server INFO: Received WURF from sweet-malkoha with value 15 at [25,0,0,0,0,0,0,3,0,0,0,0,0,0,0,0,0,0,0,0,0,0,0,0,0,0,0,0,0,0,0,0,0,0,0,0,0,0,0,0,0,0,0,0,0,0,0,0,0,0,0,]
server-1   | 2024-05-27 14:56:12,963 server INFO: Reject WURF from sweet-malkoha because it doe not depend on last start time [41, 0, 0, 0, 0, 0, 0, 0, 0, 0, 3, 0, 0, 0, 0, 0, 0, 0, 0, 0, 0, 0, 0, 0, 0, 0, 0, 0, 0, 0, 0, 0, 0, 0, 0, 0, 0, 0, 0, 0, 0, 0, 0, 0, 0, 0, 0, 0, 0, 0, 0]
server-1   | 2024-05-27 14:56:13,093 server INFO: Incomming connection from ('172.22.0.41', 37766)
client-49  | 2024-05-27 14:56:13,095 zircon-ape INFO: Received INIT commat at [42,0,0,0,0,0,0,0,0,0,3,0,0,0,0,0,0,0,0,0,0,0,0,0,0,0,0,0,0,0,0,0,0,0,0,0,0,0,0,0,0,0,0,0,0,0,0,0,0,0,0,]. This client is assinged number 39.
server-1   | 2024-05-27 14:56:13,445 server INFO: Sending STOP
server-1   | 2024-05-27 14:56:13,449 server INFO: Client 'winged-starfish' won with the value 48
server-1   | 2024-05-27 14:56:13,504 server INFO: Incomming connection from ('172.22.0.42', 42096)
client-48  | 2024-05-27 14:56:13,505 stimulating-capybara INFO: Received INIT commat at [45,0,0,0,0,0,0,0,0,0,3,0,0,0,0,0,0,0,0,0,0,0,0,0,0,0,0,0,0,0,0,0,0,0,0,0,0,0,0,0,0,0,0,0,0,0,0,0,0,0,0,]. This client is assinged number 40.
client-43  | 2024-05-27 14:56:13,620 fast-gibbon INFO: Sending result 83
server-1   | 2024-05-27 14:56:13,620 server INFO: Received WURF from fast-gibbon with value 83 at [25,0,0,0,0,3,0,0,0,0,0,0,0,0,0,0,0,0,0,0,0,0,0,0,0,0,0,0,0,0,0,0,0,0,0,0,0,0,0,0,0,0,0,0,0,0,0,0,0,0,0,]
server-1   | 2024-05-27 14:56:13,621 server INFO: Reject WURF from fast-gibbon because it doe not depend on last start time [45, 0, 0, 0, 0, 0, 0, 0, 0, 0, 3, 0, 0, 0, 0, 0, 0, 0, 0, 0, 0, 0, 0, 0, 0, 0, 0, 0, 0, 0, 0, 0, 0, 0, 0, 0, 0, 0, 0, 0, 0, 0, 0, 0, 0, 0, 0, 0, 0, 0, 0]
server-1   | 2024-05-27 14:56:13,670 server INFO: Incomming connection from ('172.22.0.43', 53030)
client-38  | 2024-05-27 14:56:13,671 hissing-scorpion INFO: Received INIT commat at [46,0,0,0,0,0,0,0,0,0,3,0,0,0,0,0,0,0,0,0,0,0,0,0,0,0,0,0,0,0,0,0,0,0,0,0,0,0,0,0,0,0,0,0,0,0,0,0,0,0,0,]. This client is assinged number 41.
server-1   | 2024-05-27 14:56:13,872 server INFO: Incomming connection from ('172.22.0.44', 38442)
client-15  | 2024-05-27 14:56:13,874 hot-sunfish INFO: Received INIT commat at [47,0,0,0,0,0,0,0,0,0,3,0,0,0,0,0,0,0,0,0,0,0,0,0,0,0,0,0,0,0,0,0,0,0,0,0,0,0,0,0,0,0,0,0,0,0,0,0,0,0,0,]. This client is assinged number 42.
server-1   | 2024-05-27 14:56:13,989 server INFO: Received WURF from impartial-badger with value 57 at [25,0,0,0,3,0,0,0,0,0,0,0,0,0,0,0,0,0,0,0,0,0,0,0,0,0,0,0,0,0,0,0,0,0,0,0,0,0,0,0,0,0,0,0,0,0,0,0,0,0,0,]
client-3   | 2024-05-27 14:56:13,988 impartial-badger INFO: Sending result 57
server-1   | 2024-05-27 14:56:13,989 server INFO: Reject WURF from impartial-badger because it doe not depend on last start time [47, 0, 0, 0, 0, 0, 0, 0, 0, 0, 3, 0, 0, 0, 0, 0, 0, 0, 0, 0, 0, 0, 0, 0, 0, 0, 0, 0, 0, 0, 0, 0, 0, 0, 0, 0, 0, 0, 0, 0, 0, 0, 0, 0, 0, 0, 0, 0, 0, 0, 0]
server-1   | 2024-05-27 14:56:14,031 server INFO: Incomming connection from ('172.22.0.45', 37330)
client-50  | 2024-05-27 14:56:14,031 dashing-swan INFO: Received INIT commat at [48,0,0,0,0,0,0,0,0,0,3,0,0,0,0,0,0,0,0,0,0,0,0,0,0,0,0,0,0,0,0,0,0,0,0,0,0,0,0,0,0,0,0,0,0,0,0,0,0,0,0,]. This client is assinged number 43.
client-11  | 2024-05-27 14:56:14,071 tireless-tapir INFO: Sending result 59
server-1   | 2024-05-27 14:56:14,071 server INFO: Received WURF from tireless-tapir with value 59 at [25,0,0,0,0,0,0,0,0,0,0,0,0,0,0,0,0,0,0,0,3,0,0,0,0,0,0,0,0,0,0,0,0,0,0,0,0,0,0,0,0,0,0,0,0,0,0,0,0,0,0,]
server-1   | 2024-05-27 14:56:14,072 server INFO: Reject WURF from tireless-tapir because it doe not depend on last start time [48, 0, 0, 0, 0, 0, 0, 0, 0, 0, 3, 0, 0, 0, 0, 0, 0, 0, 0, 0, 0, 0, 0, 0, 0, 0, 0, 0, 0, 0, 0, 0, 0, 0, 0, 0, 0, 0, 0, 0, 0, 0, 0, 0, 0, 0, 0, 0, 0, 0, 0]
client-6   | 2024-05-27 14:56:14,094 perfect-worm INFO: Sending result 43
server-1   | 2024-05-27 14:56:14,095 server INFO: Received WURF from perfect-worm with value 43 at [25,0,0,0,0,0,3,0,0,0,0,0,0,0,0,0,0,0,0,0,0,0,0,0,0,0,0,0,0,0,0,0,0,0,0,0,0,0,0,0,0,0,0,0,0,0,0,0,0,0,0,]
server-1   | 2024-05-27 14:56:14,095 server INFO: Reject WURF from perfect-worm because it doe not depend on last start time [48, 0, 0, 0, 0, 0, 0, 0, 0, 0, 3, 0, 0, 0, 0, 0, 0, 0, 0, 0, 0, 0, 0, 0, 0, 0, 0, 0, 0, 0, 0, 0, 0, 0, 0, 0, 0, 0, 0, 0, 0, 0, 0, 0, 0, 0, 0, 0, 0, 0, 0]
client-6   | 2024-05-27 14:56:14,094 perfect-worm INFO: Sending result 43
client-5   | 2024-05-27 14:56:14,183 dainty-bullmastiff INFO: Sending result 32
server-1   | 2024-05-27 14:56:14,184 server INFO: Received WURF from dainty-bullmastiff with value 32 at [25,0,0,0,0,0,0,0,0,0,0,0,3,0,0,0,0,0,0,0,0,0,0,0,0,0,0,0,0,0,0,0,0,0,0,0,0,0,0,0,0,0,0,0,0,0,0,0,0,0,0,]
server-1   | 2024-05-27 14:56:14,184 server INFO: Reject WURF from dainty-bullmastiff because it doe not depend on last start time [48, 0, 0, 0, 0, 0, 0, 0, 0, 0, 3, 0, 0, 0, 0, 0, 0, 0, 0, 0, 0, 0, 0, 0, 0, 0, 0, 0, 0, 0, 0, 0, 0, 0, 0, 0, 0, 0, 0, 0, 0, 0, 0, 0, 0, 0, 0, 0, 0, 0, 0]
server-1   | 2024-05-27 14:56:14,331 server INFO: Incomming connection from ('172.22.0.46', 54870)
client-41  | 2024-05-27 14:56:14,331 omniscient-fulmar INFO: Received INIT commat at [49,0,0,0,0,0,0,0,0,0,3,0,0,0,0,0,0,0,0,0,0,0,0,0,0,0,0,0,0,0,0,0,0,0,0,0,0,0,0,0,0,0,0,0,0,0,0,0,0,0,0,]. This client is assinged number 44.
client-11  | 2024-05-27 14:56:14,453 tireless-tapir INFO: Received START command at [50,0,0,0,0,0,0,0,0,0,3,0,0,0,0,0,0,0,0,0,0,0,0,0,0,0,0,0,0,0,0,0,0,0,0,0,0,0,0,0,0,0,0,0,0,0,0,0,0,0,0,].
client-11  | 2024-05-27 14:56:14,453 tireless-tapir INFO: Waiting 1.116992121040159s to send result 46.
client-18  | 2024-05-27 14:56:14,453 outrageous-polecat INFO: Received START command at [50,0,0,0,0,0,0,0,0,0,3,0,0,0,0,0,0,0,0,0,0,0,0,0,0,0,0,0,0,0,0,0,0,0,0,0,0,0,0,0,0,0,0,0,0,0,0,0,0,0,0,].
client-18  | 2024-05-27 14:56:14,453 outrageous-polecat INFO: Waiting 7.461664639807771s to send result 14.
client-49  | 2024-05-27 14:56:14,453 zircon-ape INFO: Received START command at [50,0,0,0,0,0,0,0,0,0,3,0,0,0,0,0,0,0,0,0,0,0,0,0,0,0,0,0,0,0,0,0,0,0,0,0,0,0,0,0,0,0,0,0,0,0,0,0,0,0,0,].
client-43  | 2024-05-27 14:56:14,451 fast-gibbon INFO: Received START command at [50,0,0,0,0,0,0,0,0,0,3,0,0,0,0,0,0,0,0,0,0,0,0,0,0,0,0,0,0,0,0,0,0,0,0,0,0,0,0,0,0,0,0,0,0,0,0,0,0,0,0,].
client-43  | 2024-05-27 14:56:14,451 fast-gibbon INFO: Waiting 5.560676264958336s to send result 5.
client-6   | 2024-05-27 14:56:14,453 perfect-worm INFO: Received START command at [50,0,0,0,0,0,0,0,0,0,3,0,0,0,0,0,0,0,0,0,0,0,0,0,0,0,0,0,0,0,0,0,0,0,0,0,0,0,0,0,0,0,0,0,0,0,0,0,0,0,0,].
server-1   | 2024-05-27 14:56:14,450 server INFO: Sending START (44 clients)
client-6   | 2024-05-27 14:56:14,453 perfect-worm INFO: Received START command at [50,0,0,0,0,0,0,0,0,0,3,0,0,0,0,0,0,0,0,0,0,0,0,0,0,0,0,0,0,0,0,0,0,0,0,0,0,0,0,0,0,0,0,0,0,0,0,0,0,0,0,].
client-15  | 2024-05-27 14:56:14,454 hot-sunfish INFO: Received START command at [50,0,0,0,0,0,0,0,0,0,3,0,0,0,0,0,0,0,0,0,0,0,0,0,0,0,0,0,0,0,0,0,0,0,0,0,0,0,0,0,0,0,0,0,0,0,0,0,0,0,0,].
client-15  | 2024-05-27 14:56:14,454 hot-sunfish INFO: Waiting 7.871835230034091s to send result 52.
client-17  | 2024-05-27 14:56:14,451 spiked-urchin INFO: Received START command at [50,0,0,0,0,0,0,0,0,0,3,0,0,0,0,0,0,0,0,0,0,0,0,0,0,0,0,0,0,0,0,0,0,0,0,0,0,0,0,0,0,0,0,0,0,0,0,0,0,0,0,].
client-17  | 2024-05-27 14:56:14,452 spiked-urchin INFO: Waiting 8.887587318166267s to send result 52.
client-2   | 2024-05-27 14:56:14,452 adventurous-goat INFO: Received START command at [50,0,0,0,0,0,0,0,0,0,3,0,0,0,0,0,0,0,0,0,0,0,0,0,0,0,0,0,0,0,0,0,0,0,0,0,0,0,0,0,0,0,0,0,0,0,0,0,0,0,0,].
client-2   | 2024-05-27 14:56:14,452 adventurous-goat INFO: Waiting 9.647002851062798s to send result 30.
client-1   | 2024-05-27 14:56:14,451 brave-cougar INFO: Received START command at [50,0,0,0,0,0,0,0,0,0,3,0,0,0,0,0,0,0,0,0,0,0,0,0,0,0,0,0,0,0,0,0,0,0,0,0,0,0,0,0,0,0,0,0,0,0,0,0,0,0,0,].
client-1   | 2024-05-27 14:56:14,451 brave-cougar INFO: Waiting 4.9125635615305345s to send result 37.
client-6   | 2024-05-27 14:56:14,454 perfect-worm INFO: Waiting 9.57373951208629s to send result 5.
client-46  | 2024-05-27 14:56:14,454 brainy-basilisk INFO: Received START command at [50,0,0,0,0,0,0,0,0,0,3,0,0,0,0,0,0,0,0,0,0,0,0,0,0,0,0,0,0,0,0,0,0,0,0,0,0,0,0,0,0,0,0,0,0,0,0,0,0,0,0,].
client-47  | 2024-05-27 14:56:14,455 devout-moose INFO: Received START command at [50,0,0,0,0,0,0,0,0,0,3,0,0,0,0,0,0,0,0,0,0,0,0,0,0,0,0,0,0,0,0,0,0,0,0,0,0,0,0,0,0,0,0,0,0,0,0,0,0,0,0,].
client-47  | 2024-05-27 14:56:14,456 devout-moose INFO: Waiting 0.9218987088351749s to send result 50.
client-49  | 2024-05-27 14:56:14,455 zircon-ape INFO: Waiting 9.25085319643986s to send result 45.
client-9   | 2024-05-27 14:56:14,456 quartz-hornet INFO: Received START command at [50,0,0,0,0,0,0,0,0,0,3,0,0,0,0,0,0,0,0,0,0,0,0,0,0,0,0,0,0,0,0,0,0,0,0,0,0,0,0,0,0,0,0,0,0,0,0,0,0,0,0,].
client-9   | 2024-05-27 14:56:14,457 quartz-hornet INFO: Waiting 7.806597237591895s to send result 53.
client-6   | 2024-05-27 14:56:14,454 perfect-worm INFO: Waiting 9.57373951208629s to send result 5.
client-46  | 2024-05-27 14:56:14,458 brainy-basilisk INFO: Waiting 5.7598062241844605s to send result 62.
client-28  | 2024-05-27 14:56:14,457 stereotyped-sparrow INFO: Received START command at [50,0,0,0,0,0,0,0,0,0,3,0,0,0,0,0,0,0,0,0,0,0,0,0,0,0,0,0,0,0,0,0,0,0,0,0,0,0,0,0,0,0,0,0,0,0,0,0,0,0,0,].
client-28  | 2024-05-27 14:56:14,458 stereotyped-sparrow INFO: Waiting 3.356693366833902s to send result 35.
client-5   | 2024-05-27 14:56:14,460 dainty-bullmastiff INFO: Received START command at [50,0,0,0,0,0,0,0,0,0,3,0,0,0,0,0,0,0,0,0,0,0,0,0,0,0,0,0,0,0,0,0,0,0,0,0,0,0,0,0,0,0,0,0,0,0,0,0,0,0,0,].
client-5   | 2024-05-27 14:56:14,461 dainty-bullmastiff INFO: Waiting 3.812653726993468s to send result 39.
client-36  | 2024-05-27 14:56:14,455 skilled-newt INFO: Received START command at [50,0,0,0,0,0,0,0,0,0,3,0,0,0,0,0,0,0,0,0,0,0,0,0,0,0,0,0,0,0,0,0,0,0,0,0,0,0,0,0,0,0,0,0,0,0,0,0,0,0,0,].
client-3   | 2024-05-27 14:56:14,460 impartial-badger INFO: Received START command at [50,0,0,0,0,0,0,0,0,0,3,0,0,0,0,0,0,0,0,0,0,0,0,0,0,0,0,0,0,0,0,0,0,0,0,0,0,0,0,0,0,0,0,0,0,0,0,0,0,0,0,].
client-26  | 2024-05-27 14:56:14,459 whimsical-marmot INFO: Received START command at [50,0,0,0,0,0,0,0,0,0,3,0,0,0,0,0,0,0,0,0,0,0,0,0,0,0,0,0,0,0,0,0,0,0,0,0,0,0,0,0,0,0,0,0,0,0,0,0,0,0,0,].
client-26  | 2024-05-27 14:56:14,459 whimsical-marmot INFO: Waiting 3.949852415484086s to send result 33.
client-12  | 2024-05-27 14:56:14,461 winged-starfish INFO: Received START command at [50,0,0,0,0,0,0,0,0,0,3,0,0,0,0,0,0,0,0,0,0,0,0,0,0,0,0,0,0,0,0,0,0,0,0,0,0,0,0,0,0,0,0,0,0,0,0,0,0,0,0,].
client-12  | 2024-05-27 14:56:14,462 winged-starfish INFO: Waiting 4.202109687162016s to send result 55.
client-45  | 2024-05-27 14:56:14,463 stimulating-beetle INFO: Received START command at [50,0,0,0,0,0,0,0,0,0,3,0,0,0,0,0,0,0,0,0,0,0,0,0,0,0,0,0,0,0,0,0,0,0,0,0,0,0,0,0,0,0,0,0,0,0,0,0,0,0,0,].
client-45  | 2024-05-27 14:56:14,463 stimulating-beetle INFO: Waiting 7.3792670771607485s to send result 61.
client-3   | 2024-05-27 14:56:14,461 impartial-badger INFO: Waiting 9.569524934364475s to send result 68.
client-7   | 2024-05-27 14:56:14,464 papaya-carp INFO: Received START command at [50,0,0,0,0,0,0,0,0,0,3,0,0,0,0,0,0,0,0,0,0,0,0,0,0,0,0,0,0,0,0,0,0,0,0,0,0,0,0,0,0,0,0,0,0,0,0,0,0,0,0,].
client-7   | 2024-05-27 14:56:14,464 papaya-carp INFO: Waiting 9.712763633952562s to send result 92.
client-31  | 2024-05-27 14:56:14,464 hidden-dogfish INFO: Received START command at [50,0,0,0,0,0,0,0,0,0,3,0,0,0,0,0,0,0,0,0,0,0,0,0,0,0,0,0,0,0,0,0,0,0,0,0,0,0,0,0,0,0,0,0,0,0,0,0,0,0,0,].
client-31  | 2024-05-27 14:56:14,464 hidden-dogfish INFO: Waiting 7.139991939892326s to send result 99.
client-4   | 2024-05-27 14:56:14,465 obedient-salmon INFO: Received START command at [50,0,0,0,0,0,0,0,0,0,3,0,0,0,0,0,0,0,0,0,0,0,0,0,0,0,0,0,0,0,0,0,0,0,0,0,0,0,0,0,0,0,0,0,0,0,0,0,0,0,0,].
client-4   | 2024-05-27 14:56:14,465 obedient-salmon INFO: Waiting 6.759393119153863s to send result 33.
client-36  | 2024-05-27 14:56:14,461 skilled-newt INFO: Waiting 7.035197797961443s to send result 38.
client-40  | 2024-05-27 14:56:14,465 enchanted-kittiwake INFO: Received START command at [50,0,0,0,0,0,0,0,0,0,3,0,0,0,0,0,0,0,0,0,0,0,0,0,0,0,0,0,0,0,0,0,0,0,0,0,0,0,0,0,0,0,0,0,0,0,0,0,0,0,0,].
client-25  | 2024-05-27 14:56:14,469 passionate-tanuki INFO: Received START command at [50,0,0,0,0,0,0,0,0,0,3,0,0,0,0,0,0,0,0,0,0,0,0,0,0,0,0,0,0,0,0,0,0,0,0,0,0,0,0,0,0,0,0,0,0,0,0,0,0,0,0,].
client-48  | 2024-05-27 14:56:14,469 stimulating-capybara INFO: Received START command at [50,0,0,0,0,0,0,0,0,0,3,0,0,0,0,0,0,0,0,0,0,0,0,0,0,0,0,0,0,0,0,0,0,0,0,0,0,0,0,0,0,0,0,0,0,0,0,0,0,0,0,].
client-42  | 2024-05-27 14:56:14,467 white-goat INFO: Received START command at [50,0,0,0,0,0,0,0,0,0,3,0,0,0,0,0,0,0,0,0,0,0,0,0,0,0,0,0,0,0,0,0,0,0,0,0,0,0,0,0,0,0,0,0,0,0,0,0,0,0,0,].
client-42  | 2024-05-27 14:56:14,467 white-goat INFO: Waiting 1.7746742662833326s to send result 10.
client-32  | 2024-05-27 14:56:14,468 sceptical-cuttlefish INFO: Received START command at [50,0,0,0,0,0,0,0,0,0,3,0,0,0,0,0,0,0,0,0,0,0,0,0,0,0,0,0,0,0,0,0,0,0,0,0,0,0,0,0,0,0,0,0,0,0,0,0,0,0,0,].
client-50  | 2024-05-27 14:56:14,467 dashing-swan INFO: Received START command at [50,0,0,0,0,0,0,0,0,0,3,0,0,0,0,0,0,0,0,0,0,0,0,0,0,0,0,0,0,0,0,0,0,0,0,0,0,0,0,0,0,0,0,0,0,0,0,0,0,0,0,].
client-50  | 2024-05-27 14:56:14,468 dashing-swan INFO: Waiting 3.9983135257936278s to send result 88.
client-41  | 2024-05-27 14:56:14,469 omniscient-fulmar INFO: Received START command at [50,0,0,0,0,0,0,0,0,0,3,0,0,0,0,0,0,0,0,0,0,0,0,0,0,0,0,0,0,0,0,0,0,0,0,0,0,0,0,0,0,0,0,0,0,0,0,0,0,0,0,].
client-44  | 2024-05-27 14:56:14,468 merciful-ocelot INFO: Received START command at [50,0,0,0,0,0,0,0,0,0,3,0,0,0,0,0,0,0,0,0,0,0,0,0,0,0,0,0,0,0,0,0,0,0,0,0,0,0,0,0,0,0,0,0,0,0,0,0,0,0,0,].
client-44  | 2024-05-27 14:56:14,468 merciful-ocelot INFO: Waiting 1.1844774054555685s to send result 10.
client-13  | 2024-05-27 14:56:14,468 sweet-malkoha INFO: Received START command at [50,0,0,0,0,0,0,0,0,0,3,0,0,0,0,0,0,0,0,0,0,0,0,0,0,0,0,0,0,0,0,0,0,0,0,0,0,0,0,0,0,0,0,0,0,0,0,0,0,0,0,].
client-13  | 2024-05-27 14:56:14,468 sweet-malkoha INFO: Waiting 1.748333532157894s to send result 5.
client-25  | 2024-05-27 14:56:14,470 passionate-tanuki INFO: Waiting 4.319479651610797s to send result 37.
client-34  | 2024-05-27 14:56:14,467 shapeless-partridge INFO: Received START command at [50,0,0,0,0,0,0,0,0,0,3,0,0,0,0,0,0,0,0,0,0,0,0,0,0,0,0,0,0,0,0,0,0,0,0,0,0,0,0,0,0,0,0,0,0,0,0,0,0,0,0,].
client-34  | 2024-05-27 14:56:14,467 shapeless-partridge INFO: Waiting 1.0069950331467414s to send result 17.
client-38  | 2024-05-27 14:56:14,469 hissing-scorpion INFO: Received START command at [50,0,0,0,0,0,0,0,0,0,3,0,0,0,0,0,0,0,0,0,0,0,0,0,0,0,0,0,0,0,0,0,0,0,0,0,0,0,0,0,0,0,0,0,0,0,0,0,0,0,0,].
client-40  | 2024-05-27 14:56:14,466 enchanted-kittiwake INFO: Waiting 2.196444663605155s to send result 72.
client-16  | 2024-05-27 14:56:14,467 messy-wapiti INFO: Received START command at [50,0,0,0,0,0,0,0,0,0,3,0,0,0,0,0,0,0,0,0,0,0,0,0,0,0,0,0,0,0,0,0,0,0,0,0,0,0,0,0,0,0,0,0,0,0,0,0,0,0,0,].
client-48  | 2024-05-27 14:56:14,470 stimulating-capybara INFO: Waiting 2.25319827509514s to send result 74.
client-16  | 2024-05-27 14:56:14,471 messy-wapiti INFO: Waiting 0.49613664682163106s to send result 49.
client-41  | 2024-05-27 14:56:14,470 omniscient-fulmar INFO: Waiting 9.266060073098359s to send result 80.
client-38  | 2024-05-27 14:56:14,470 hissing-scorpion INFO: Waiting 1.3951190364707267s to send result 73.
client-32  | 2024-05-27 14:56:14,470 sceptical-cuttlefish INFO: Waiting 8.134514229394178s to send result 71.
server-1   | 2024-05-27 14:56:14,558 server INFO: Incomming connection from ('172.22.0.47', 44510)
client-22  | 2024-05-27 14:56:14,559 cuddly-smilodon INFO: Received INIT commat at [51,0,0,0,0,0,0,0,0,0,3,0,0,0,0,0,0,0,0,0,0,0,0,0,0,0,0,0,0,0,0,0,0,0,0,0,0,0,0,0,0,0,0,0,0,0,0,0,0,0,0,]. This client is assinged number 45.
client-24  | 2024-05-27 14:56:14,748 merry-woodlouse INFO: Received INIT commat at [52,0,0,0,0,0,0,0,0,0,3,0,0,0,0,0,0,0,0,0,0,0,0,0,0,0,0,0,0,0,0,0,0,0,0,0,0,0,0,0,0,0,0,0,0,0,0,0,0,0,0,]. This client is assinged number 46.
server-1   | 2024-05-27 14:56:14,748 server INFO: Incomming connection from ('172.22.0.48', 39430)
client-33  | 2024-05-27 14:56:14,866 delicate-turtle INFO: Sending result 24
server-1   | 2024-05-27 14:56:14,867 server INFO: Received WURF from delicate-turtle with value 24 at [25,0,0,0,0,0,0,0,0,0,0,0,0,0,0,0,0,0,3,0,0,0,0,0,0,0,0,0,0,0,0,0,0,0,0,0,0,0,0,0,0,0,0,0,0,0,0,0,0,0,0,]
server-1   | 2024-05-27 14:56:14,867 server INFO: Reject WURF from delicate-turtle because it doe not depend on last start time [52, 0, 0, 0, 0, 0, 0, 0, 0, 0, 3, 0, 0, 0, 0, 0, 0, 0, 0, 0, 0, 0, 0, 0, 0, 0, 0, 0, 0, 0, 0, 0, 0, 0, 0, 0, 0, 0, 0, 0, 0, 0, 0, 0, 0, 0, 0, 0, 0, 0, 0]
client-23  | 2024-05-27 14:56:14,946 terrestrial-swift INFO: Received INIT commat at [53,0,0,0,0,0,0,0,0,0,3,0,0,0,0,0,0,0,0,0,0,0,0,0,0,0,0,0,0,0,0,0,0,0,0,0,0,0,0,0,0,0,0,0,0,0,0,0,0,0,0,]. This client is assinged number 47.
server-1   | 2024-05-27 14:56:14,945 server INFO: Incomming connection from ('172.22.0.49', 34224)
client-16  | 2024-05-27 14:56:14,969 messy-wapiti INFO: Sending result 49
server-1   | 2024-05-27 14:56:14,970 server INFO: Received WURF from messy-wapiti with value 49 at [50,0,0,0,0,0,0,0,0,0,3,0,0,0,0,0,0,0,0,0,0,0,0,0,0,0,0,0,0,0,0,0,0,3,0,0,0,0,0,0,0,0,0,0,0,0,0,0,0,0,0,]
server-1   | 2024-05-27 14:56:14,970 server INFO: Reject WURF from messy-wapiti because it doe not depend on last start time [53, 0, 0, 0, 0, 0, 0, 0, 0, 0, 3, 0, 0, 0, 0, 0, 0, 0, 0, 0, 0, 0, 0, 0, 0, 0, 0, 0, 0, 0, 0, 0, 0, 0, 0, 0, 0, 0, 0, 0, 0, 0, 0, 0, 0, 0, 0, 0, 0, 0, 0]
client-35  | 2024-05-27 14:56:15,173 beneficial-uakari INFO: Sending result 83
server-1   | 2024-05-27 14:56:15,176 server INFO: Received WURF from beneficial-uakari with value 83 at [25,0,0,0,0,0,0,0,0,0,0,0,0,0,0,0,3,0,0,0,0,0,0,0,0,0,0,0,0,0,0,0,0,0,0,0,0,0,0,0,0,0,0,0,0,0,0,0,0,0,0,]
server-1   | 2024-05-27 14:56:15,176 server INFO: Reject WURF from beneficial-uakari because it doe not depend on last start time [53, 0, 0, 0, 0, 0, 0, 0, 0, 0, 3, 0, 0, 0, 0, 0, 0, 0, 0, 0, 0, 0, 0, 0, 0, 0, 0, 0, 0, 0, 0, 0, 0, 0, 0, 0, 0, 0, 0, 0, 0, 0, 0, 0, 0, 0, 0, 0, 0, 0, 0]
client-27  | 2024-05-27 14:56:15,270 rugged-weasel INFO: Received INIT commat at [54,0,0,0,0,0,0,0,0,0,3,0,0,0,0,0,0,0,0,0,0,0,0,0,0,0,0,0,0,0,0,0,0,0,0,0,0,0,0,0,0,0,0,0,0,0,0,0,0,0,0,]. This client is assinged number 48.
server-1   | 2024-05-27 14:56:15,269 server INFO: Incomming connection from ('172.22.0.50', 56028)
client-47  | 2024-05-27 14:56:15,379 devout-moose INFO: Sending result 50
server-1   | 2024-05-27 14:56:15,379 server INFO: Received WURF from devout-moose with value 50 at [50,0,0,0,0,0,0,0,0,0,3,0,0,0,0,0,0,0,0,0,0,0,0,0,0,0,0,0,0,0,0,0,0,0,0,0,3,0,0,0,0,0,0,0,0,0,0,0,0,0,0,]
server-1   | 2024-05-27 14:56:15,380 server INFO: Reject WURF from devout-moose because it doe not depend on last start time [54, 0, 0, 0, 0, 0, 0, 0, 0, 0, 3, 0, 0, 0, 0, 0, 0, 0, 0, 0, 0, 0, 0, 0, 0, 0, 0, 0, 0, 0, 0, 0, 0, 0, 0, 0, 0, 0, 0, 0, 0, 0, 0, 0, 0, 0, 0, 0, 0, 0, 0]
server-1   | 2024-05-27 14:56:15,476 server INFO: Received WURF from shapeless-partridge with value 17 at [50,0,0,0,0,0,0,0,0,0,3,0,0,0,0,0,0,0,0,0,0,0,0,0,0,0,0,0,0,3,0,0,0,0,0,0,0,0,0,0,0,0,0,0,0,0,0,0,0,0,0,]
server-1   | 2024-05-27 14:56:15,476 server INFO: Reject WURF from shapeless-partridge because it doe not depend on last start time [54, 0, 0, 0, 0, 0, 0, 0, 0, 0, 3, 0, 0, 0, 0, 0, 0, 0, 0, 0, 0, 0, 0, 0, 0, 0, 0, 0, 0, 0, 0, 0, 0, 0, 0, 0, 0, 0, 0, 0, 0, 0, 0, 0, 0, 0, 0, 0, 0, 0, 0]
client-34  | 2024-05-27 14:56:15,475 shapeless-partridge INFO: Sending result 17
server-1   | 2024-05-27 14:56:15,541 server INFO: Incomming connection from ('172.22.0.51', 40246)
client-14  | 2024-05-27 14:56:15,542 resourceful-degu INFO: Received INIT commat at [55,0,0,0,0,0,0,0,0,0,3,0,0,0,0,0,0,0,0,0,0,0,0,0,0,0,0,0,0,0,0,0,0,0,0,0,0,0,0,0,0,0,0,0,0,0,0,0,0,0,0,]. This client is assinged number 49.
client-11  | 2024-05-27 14:56:15,571 tireless-tapir INFO: Sending result 46
server-1   | 2024-05-27 14:56:15,572 server INFO: Received WURF from tireless-tapir with value 46 at [50,0,0,0,0,0,0,0,0,0,3,0,0,0,0,0,0,0,0,0,5,0,0,0,0,0,0,0,0,0,0,0,0,0,0,0,0,0,0,0,0,0,0,0,0,0,0,0,0,0,0,]
server-1   | 2024-05-27 14:56:15,572 server INFO: Reject WURF from tireless-tapir because it doe not depend on last start time [55, 0, 0, 0, 0, 0, 0, 0, 0, 0, 3, 0, 0, 0, 0, 0, 0, 0, 0, 0, 0, 0, 0, 0, 0, 0, 0, 0, 0, 0, 0, 0, 0, 0, 0, 0, 0, 0, 0, 0, 0, 0, 0, 0, 0, 0, 0, 0, 0, 0, 0]
client-44  | 2024-05-27 14:56:15,653 merciful-ocelot INFO: Sending result 10
server-1   | 2024-05-27 14:56:15,654 server INFO: Received WURF from merciful-ocelot with value 10 at [50,0,0,5,0,0,0,0,0,0,3,0,0,0,0,0,0,0,0,0,0,0,0,0,0,0,0,0,0,0,0,0,0,0,0,0,0,0,0,0,0,0,0,0,0,0,0,0,0,0,0,]
server-1   | 2024-05-27 14:56:15,654 server INFO: Reject WURF from merciful-ocelot because it doe not depend on last start time [55, 0, 0, 0, 0, 0, 0, 0, 0, 0, 3, 0, 0, 0, 0, 0, 0, 0, 0, 0, 0, 0, 0, 0, 0, 0, 0, 0, 0, 0, 0, 0, 0, 0, 0, 0, 0, 0, 0, 0, 0, 0, 0, 0, 0, 0, 0, 0, 0, 0, 0]
client-39  | 2024-05-27 14:56:15,752 shapeless-bumblebee INFO: Received INIT commat at [56,0,0,0,0,0,0,0,0,0,3,0,0,0,0,0,0,0,0,0,0,0,0,0,0,0,0,0,0,0,0,0,0,0,0,0,0,0,0,0,0,0,0,0,0,0,0,0,0,0,0,]. This client is assinged number 50.
server-1   | 2024-05-27 14:56:15,751 server INFO: Incomming connection from ('172.22.0.52', 54016)
server-1   | 2024-05-27 14:56:15,753 server INFO: Stop accepting new connections
client-19  | 2024-05-27 14:56:15,823 tested-turkey INFO: Sending result 83
server-1   | 2024-05-27 14:56:15,824 server INFO: Received WURF from tested-turkey with value 83 at [25,0,0,0,0,0,0,0,0,0,0,0,0,0,0,3,0,0,0,0,0,0,0,0,0,0,0,0,0,0,0,0,0,0,0,0,0,0,0,0,0,0,0,0,0,0,0,0,0,0,0,]
server-1   | 2024-05-27 14:56:15,824 server INFO: Reject WURF from tested-turkey because it doe not depend on last start time [56, 0, 0, 0, 0, 0, 0, 0, 0, 0, 3, 0, 0, 0, 0, 0, 0, 0, 0, 0, 0, 0, 0, 0, 0, 0, 0, 0, 0, 0, 0, 0, 0, 0, 0, 0, 0, 0, 0, 0, 0, 0, 0, 0, 0, 0, 0, 0, 0, 0, 0]
client-38  | 2024-05-27 14:56:15,868 hissing-scorpion INFO: Sending result 73
server-1   | 2024-05-27 14:56:15,869 server INFO: Received WURF from hissing-scorpion with value 73 at [50,0,0,0,0,0,0,0,0,0,3,0,0,0,0,0,0,0,0,0,0,0,0,0,0,0,0,0,0,0,0,0,0,0,0,0,0,0,0,0,0,3,0,0,0,0,0,0,0,0,0,]
server-1   | 2024-05-27 14:56:15,869 server INFO: Reject WURF from hissing-scorpion because it doe not depend on last start time [56, 0, 0, 0, 0, 0, 0, 0, 0, 0, 3, 0, 0, 0, 0, 0, 0, 0, 0, 0, 0, 0, 0, 0, 0, 0, 0, 0, 0, 0, 0, 0, 0, 0, 0, 0, 0, 0, 0, 0, 0, 0, 0, 0, 0, 0, 0, 0, 0, 0, 0]
client-30  | 2024-05-27 14:56:16,095 resilient-coua INFO: Sending result 71
server-1   | 2024-05-27 14:56:16,095 server INFO: Received WURF from resilient-coua with value 71 at [25,0,0,0,0,0,0,0,0,0,0,0,0,0,0,0,0,3,0,0,0,0,0,0,0,0,0,0,0,0,0,0,0,0,0,0,0,0,0,0,0,0,0,0,0,0,0,0,0,0,0,]
server-1   | 2024-05-27 14:56:16,096 server INFO: Reject WURF from resilient-coua because it doe not depend on last start time [56, 0, 0, 0, 0, 0, 0, 0, 0, 0, 3, 0, 0, 0, 0, 0, 0, 0, 0, 0, 0, 0, 0, 0, 0, 0, 0, 0, 0, 0, 0, 0, 0, 0, 0, 0, 0, 0, 0, 0, 0, 0, 0, 0, 0, 0, 0, 0, 0, 0, 0]
server-1   | 2024-05-27 14:56:16,218 server INFO: Received WURF from sweet-malkoha with value 5 at [50,0,0,0,0,0,0,5,0,0,3,0,0,0,0,0,0,0,0,0,0,0,0,0,0,0,0,0,0,0,0,0,0,0,0,0,0,0,0,0,0,0,0,0,0,0,0,0,0,0,0,]
server-1   | 2024-05-27 14:56:16,219 server INFO: Reject WURF from sweet-malkoha because it doe not depend on last start time [56, 0, 0, 0, 0, 0, 0, 0, 0, 0, 3, 0, 0, 0, 0, 0, 0, 0, 0, 0, 0, 0, 0, 0, 0, 0, 0, 0, 0, 0, 0, 0, 0, 0, 0, 0, 0, 0, 0, 0, 0, 0, 0, 0, 0, 0, 0, 0, 0, 0, 0]
client-13  | 2024-05-27 14:56:16,218 sweet-malkoha INFO: Sending result 5
client-42  | 2024-05-27 14:56:16,243 white-goat INFO: Sending result 10
server-1   | 2024-05-27 14:56:16,244 server INFO: Received WURF from white-goat with value 10 at [50,0,0,0,0,0,0,0,0,0,3,0,0,0,0,0,0,0,0,0,0,0,0,0,0,0,0,0,0,0,0,3,0,0,0,0,0,0,0,0,0,0,0,0,0,0,0,0,0,0,0,]
server-1   | 2024-05-27 14:56:16,244 server INFO: Reject WURF from white-goat because it doe not depend on last start time [56, 0, 0, 0, 0, 0, 0, 0, 0, 0, 3, 0, 0, 0, 0, 0, 0, 0, 0, 0, 0, 0, 0, 0, 0, 0, 0, 0, 0, 0, 0, 0, 0, 0, 0, 0, 0, 0, 0, 0, 0, 0, 0, 0, 0, 0, 0, 0, 0, 0, 0]
server-1   | 2024-05-27 14:56:16,394 server INFO: Received WURF from charcoal-markhor with value 5 at [25,0,0,0,0,0,0,0,0,0,0,0,0,0,3,0,0,0,0,0,0,0,0,0,0,0,0,0,0,0,0,0,0,0,0,0,0,0,0,0,0,0,0,0,0,0,0,0,0,0,0,]
server-1   | 2024-05-27 14:56:16,394 server INFO: Reject WURF from charcoal-markhor because it doe not depend on last start time [56, 0, 0, 0, 0, 0, 0, 0, 0, 0, 3, 0, 0, 0, 0, 0, 0, 0, 0, 0, 0, 0, 0, 0, 0, 0, 0, 0, 0, 0, 0, 0, 0, 0, 0, 0, 0, 0, 0, 0, 0, 0, 0, 0, 0, 0, 0, 0, 0, 0, 0]
client-29  | 2024-05-27 14:56:16,393 charcoal-markhor INFO: Sending result 5
client-40  | 2024-05-27 14:56:16,663 enchanted-kittiwake INFO: Sending result 72
server-1   | 2024-05-27 14:56:16,663 server INFO: Received WURF from enchanted-kittiwake with value 72 at [50,0,0,0,0,0,0,0,0,0,3,0,0,0,0,0,0,0,0,0,0,0,0,0,0,0,0,0,0,0,0,0,0,0,0,3,0,0,0,0,0,0,0,0,0,0,0,0,0,0,0,]
server-1   | 2024-05-27 14:56:16,664 server INFO: Reject WURF from enchanted-kittiwake because it doe not depend on last start time [56, 0, 0, 0, 0, 0, 0, 0, 0, 0, 3, 0, 0, 0, 0, 0, 0, 0, 0, 0, 0, 0, 0, 0, 0, 0, 0, 0, 0, 0, 0, 0, 0, 0, 0, 0, 0, 0, 0, 0, 0, 0, 0, 0, 0, 0, 0, 0, 0, 0, 0]
client-48  | 2024-05-27 14:56:16,726 stimulating-capybara INFO: Sending result 74
server-1   | 2024-05-27 14:56:16,727 server INFO: Received WURF from stimulating-capybara with value 74 at [50,0,0,0,0,0,0,0,0,0,3,0,0,0,0,0,0,0,0,0,0,0,0,0,0,0,0,0,0,0,0,0,0,0,0,0,0,0,0,0,3,0,0,0,0,0,0,0,0,0,0,]
